Archive member included to satisfy reference by file (symbol)

e:/tools/bin/../lib/gcc/arm-none-eabi/9.3.1/../../../../arm-none-eabi/lib/thumb/v7e-m+fp/hard\libstdc++_nano.a(del_op.o)
                              CMakeFiles/stm32f4.elf.dir/src/main.cpp.obj (operator delete(void*))
e:/tools/bin/../lib/gcc/arm-none-eabi/9.3.1/../../../../arm-none-eabi/lib/thumb/v7e-m+fp/hard\libstdc++_nano.a(eh_personality.o)
                              CMakeFiles/stm32f4.elf.dir/src/main.cpp.obj (__gxx_personality_v0)
e:/tools/bin/../lib/gcc/arm-none-eabi/9.3.1/../../../../arm-none-eabi/lib/thumb/v7e-m+fp/hard\libstdc++_nano.a(eh_terminate.o)
                              e:/tools/bin/../lib/gcc/arm-none-eabi/9.3.1/../../../../arm-none-eabi/lib/thumb/v7e-m+fp/hard\libstdc++_nano.a(eh_personality.o) (std::terminate())
e:/tools/bin/../lib/gcc/arm-none-eabi/9.3.1/../../../../arm-none-eabi/lib/thumb/v7e-m+fp/hard\libstdc++_nano.a(eh_unex_handler.o)
                              e:/tools/bin/../lib/gcc/arm-none-eabi/9.3.1/../../../../arm-none-eabi/lib/thumb/v7e-m+fp/hard\libstdc++_nano.a(eh_terminate.o) (__cxxabiv1::__unexpected_handler)
e:/tools/bin/../lib/gcc/arm-none-eabi/9.3.1/../../../../arm-none-eabi/lib/thumb/v7e-m+fp/hard\libstdc++_nano.a(eh_arm.o)
                              e:/tools/bin/../lib/gcc/arm-none-eabi/9.3.1/../../../../arm-none-eabi/lib/thumb/v7e-m+fp/hard\libstdc++_nano.a(eh_personality.o) (__cxa_type_match)
e:/tools/bin/../lib/gcc/arm-none-eabi/9.3.1/../../../../arm-none-eabi/lib/thumb/v7e-m+fp/hard\libstdc++_nano.a(eh_call.o)
                              e:/tools/bin/../lib/gcc/arm-none-eabi/9.3.1/../../../../arm-none-eabi/lib/thumb/v7e-m+fp/hard\libstdc++_nano.a(eh_personality.o) (__cxa_call_terminate)
e:/tools/bin/../lib/gcc/arm-none-eabi/9.3.1/../../../../arm-none-eabi/lib/thumb/v7e-m+fp/hard\libstdc++_nano.a(eh_catch.o)
                              e:/tools/bin/../lib/gcc/arm-none-eabi/9.3.1/../../../../arm-none-eabi/lib/thumb/v7e-m+fp/hard\libstdc++_nano.a(eh_call.o) (__cxa_begin_catch)
e:/tools/bin/../lib/gcc/arm-none-eabi/9.3.1/../../../../arm-none-eabi/lib/thumb/v7e-m+fp/hard\libstdc++_nano.a(eh_exception.o)
                              e:/tools/bin/../lib/gcc/arm-none-eabi/9.3.1/../../../../arm-none-eabi/lib/thumb/v7e-m+fp/hard\libstdc++_nano.a(eh_arm.o) (typeinfo for __cxxabiv1::__forced_unwind)
e:/tools/bin/../lib/gcc/arm-none-eabi/9.3.1/../../../../arm-none-eabi/lib/thumb/v7e-m+fp/hard\libstdc++_nano.a(eh_globals.o)
                              e:/tools/bin/../lib/gcc/arm-none-eabi/9.3.1/../../../../arm-none-eabi/lib/thumb/v7e-m+fp/hard\libstdc++_nano.a(eh_catch.o) (__cxa_get_globals_fast)
e:/tools/bin/../lib/gcc/arm-none-eabi/9.3.1/../../../../arm-none-eabi/lib/thumb/v7e-m+fp/hard\libstdc++_nano.a(eh_term_handler.o)
                              e:/tools/bin/../lib/gcc/arm-none-eabi/9.3.1/../../../../arm-none-eabi/lib/thumb/v7e-m+fp/hard\libstdc++_nano.a(eh_terminate.o) (__cxxabiv1::__terminate_handler)
e:/tools/bin/../lib/gcc/arm-none-eabi/9.3.1/../../../../arm-none-eabi/lib/thumb/v7e-m+fp/hard\libstdc++_nano.a(pure.o)
                              e:/tools/bin/../lib/gcc/arm-none-eabi/9.3.1/../../../../arm-none-eabi/lib/thumb/v7e-m+fp/hard\libstdc++_nano.a(eh_exception.o) (__cxa_pure_virtual)
e:/tools/bin/../lib/gcc/arm-none-eabi/9.3.1/../../../../arm-none-eabi/lib/thumb/v7e-m+fp/hard\libstdc++_nano.a(si_class_type_info.o)
                              e:/tools/bin/../lib/gcc/arm-none-eabi/9.3.1/../../../../arm-none-eabi/lib/thumb/v7e-m+fp/hard\libstdc++_nano.a(eh_exception.o) (vtable for __cxxabiv1::__si_class_type_info)
e:/tools/bin/../lib/gcc/arm-none-eabi/9.3.1/../../../../arm-none-eabi/lib/thumb/v7e-m+fp/hard\libstdc++_nano.a(tinfo.o)
                              e:/tools/bin/../lib/gcc/arm-none-eabi/9.3.1/../../../../arm-none-eabi/lib/thumb/v7e-m+fp/hard\libstdc++_nano.a(si_class_type_info.o) (std::type_info::__is_pointer_p() const)
e:/tools/bin/../lib/gcc/arm-none-eabi/9.3.1/../../../../arm-none-eabi/lib/thumb/v7e-m+fp/hard\libstdc++_nano.a(class_type_info.o)
                              e:/tools/bin/../lib/gcc/arm-none-eabi/9.3.1/../../../../arm-none-eabi/lib/thumb/v7e-m+fp/hard\libstdc++_nano.a(si_class_type_info.o) (__cxxabiv1::__class_type_info::__do_upcast(__cxxabiv1::__class_type_info const*, void**) const)
e:/tools/bin/../lib/gcc/arm-none-eabi/9.3.1/../../../../arm-none-eabi/lib/thumb/v7e-m+fp/hard\libstdc++_nano.a(del_ops.o)
                              e:/tools/bin/../lib/gcc/arm-none-eabi/9.3.1/../../../../arm-none-eabi/lib/thumb/v7e-m+fp/hard\libstdc++_nano.a(eh_exception.o) (operator delete(void*, unsigned int))
e:/tools/bin/../lib/gcc/arm-none-eabi/9.3.1/thumb/v7e-m+fp/hard\libgcc.a(_aeabi_ldivmod.o)
                              CMakeFiles/stm32f4.elf.dir/Drivers/TIMERS/basictimer.cpp.obj (__aeabi_ldivmod)
e:/tools/bin/../lib/gcc/arm-none-eabi/9.3.1/thumb/v7e-m+fp/hard\libgcc.a(_aeabi_uldivmod.o)
[...]
Memory Configuration

Name             Origin             Length             Attributes
CCMRAM           0x0000000010000000 0x0000000000010000 xrw
RAM              0x0000000020000000 0x0000000000020000 xrw
FLASH            0x0000000008000000 0x0000000000080000 xr
*default*        0x0000000000000000 0xffffffffffffffff

Linker script and memory map

LOAD e:/tools/bin/../lib/gcc/arm-none-eabi/9.3.1/thumb/v7e-m+fp/hard/crti.o
LOAD e:/tools/bin/../lib/gcc/arm-none-eabi/9.3.1/thumb/v7e-m+fp/hard/crtbegin.o
LOAD e:/tools/bin/../lib/gcc/arm-none-eabi/9.3.1/../../../../arm-none-eabi/lib/thumb/v7e-m+fp/hard/crt0.o
LOAD CMakeFiles/stm32f4.elf.dir/src/main.cpp.obj
LOAD CMakeFiles/stm32f4.elf.dir/libs/print/cout.cpp.obj
LOAD CMakeFiles/stm32f4.elf.dir/Drivers/GPIO/gpio.cpp.obj
LOAD CMakeFiles/stm32f4.elf.dir/Drivers/USART/usart.cpp.obj
LOAD CMakeFiles/stm32f4.elf.dir/Drivers/NVIC/nvic.cpp.obj
LOAD CMakeFiles/stm32f4.elf.dir/Drivers/Startup/StartupSTM32F407.cpp.obj
LOAD CMakeFiles/stm32f4.elf.dir/Drivers/EXTI/exti.cpp.obj
LOAD CMakeFiles/stm32f4.elf.dir/Drivers/SYSCFG/syscfg.cpp.obj
LOAD CMakeFiles/stm32f4.elf.dir/Drivers/ClokControl/clockControl.cpp.obj
LOAD CMakeFiles/stm32f4.elf.dir/Drivers/ClokControl/systick.cpp.obj
LOAD CMakeFiles/stm32f4.elf.dir/Drivers/FLASH/flash.cpp.obj
LOAD CMakeFiles/stm32f4.elf.dir/Drivers/IWDG/iwdg.cpp.obj
LOAD CMakeFiles/stm32f4.elf.dir/Drivers/PWR/pwr.cpp.obj
LOAD CMakeFiles/stm32f4.elf.dir/Drivers/TIMERS/basictimer.cpp.obj
LOAD CMakeFiles/stm32f4.elf.dir/Drivers/DMA/dma.cpp.obj
LOAD CMakeFiles/stm32f4.elf.dir/Drivers/RNG/rng.cpp.obj
LOAD CMakeFiles/stm32f4.elf.dir/Drivers/SPI/spi.cpp.obj
LOAD CMakeFiles/stm32f4.elf.dir/devices/flash/w25q16.cpp.obj
LOAD CMakeFiles/stm32f4.elf.dir/devices/display/st7789.cpp.obj
LOAD CMakeFiles/stm32f4.elf.dir/devices/display/consolas_9pt_bold.cpp.obj
LOAD CMakeFiles/stm32f4.elf.dir/libs/print/printf.c.obj
LOAD CMakeFiles/stm32f4.elf.dir/devices/adc/ad7705.cpp.obj
LOAD e:/tools/bin/../lib/gcc/arm-none-eabi/9.3.1/../../../../arm-none-eabi/lib/thumb/v7e-m+fp/hard\libstdc++_nano.a
LOAD e:/tools/bin/../lib/gcc/arm-none-eabi/9.3.1/../../../../arm-none-eabi/lib/thumb/v7e-m+fp/hard\libm.a
START GROUP
LOAD e:/tools/bin/../lib/gcc/arm-none-eabi/9.3.1/thumb/v7e-m+fp/hard\libgcc.a
LOAD e:/tools/bin/../lib/gcc/arm-none-eabi/9.3.1/../../../../arm-none-eabi/lib/thumb/v7e-m+fp/hard\libc_nano.a
END GROUP
START GROUP
LOAD e:/tools/bin/../lib/gcc/arm-none-eabi/9.3.1/thumb/v7e-m+fp/hard\libgcc.a
LOAD e:/tools/bin/../lib/gcc/arm-none-eabi/9.3.1/../../../../arm-none-eabi/lib/thumb/v7e-m+fp/hard\libc_nano.a
LOAD e:/tools/bin/../lib/gcc/arm-none-eabi/9.3.1/../../../../arm-none-eabi/lib/thumb/v7e-m+fp/hard\libnosys.a
END GROUP
START GROUP
LOAD e:/tools/bin/../lib/gcc/arm-none-eabi/9.3.1/thumb/v7e-m+fp/hard\libgcc.a
LOAD e:/tools/bin/../lib/gcc/arm-none-eabi/9.3.1/../../../../arm-none-eabi/lib/thumb/v7e-m+fp/hard\libc_nano.a
LOAD e:/tools/bin/../lib/gcc/arm-none-eabi/9.3.1/../../../../arm-none-eabi/lib/thumb/v7e-m+fp/hard\libnosys.a
END GROUP
LOAD e:/tools/bin/../lib/gcc/arm-none-eabi/9.3.1/thumb/v7e-m+fp/hard/crtend.o
LOAD e:/tools/bin/../lib/gcc/arm-none-eabi/9.3.1/thumb/v7e-m+fp/hard/crtn.o
                0x0000000020020000                _estack = (ORIGIN (RAM) + LENGTH (RAM))
                0x0000000000000800                _Min_Heap_Size = 0x800
                0x0000000000000800                _Min_Stack_Size = 0x800

.isr_vector     0x0000000008000000      0x188
                0x0000000008000000                . = ALIGN (0x4)
 *(.isr_vector)
 .isr_vector    0x0000000008000000      0x188 CMakeFiles/stm32f4.elf.dir/Drivers/Startup/StartupSTM32F407.cpp.obj
                0x0000000008000000                VectorTable
                0x0000000008000188                . = ALIGN (0x4)

.text           0x0000000008000188     0x2ff4
                0x0000000008000188                . = ALIGN (0x4)
 *(.text)
 .text          0x0000000008000188       0x40 e:/tools/bin/../lib/gcc/arm-none-eabi/9.3.1/thumb/v7e-m+fp/hard/crtbegin.o
 .text          0x00000000080001c8      0x9b8 e:/tools/bin/../lib/gcc/arm-none-eabi/9.3.1/thumb/v7e-m+fp/hard\libgcc.a(unwind-arm.o)
                0x0000000008000470                _Unwind_GetCFA
                0x0000000008000474                __gnu_Unwind_RaiseException
                0x00000000080004d4                __gnu_Unwind_ForcedUnwind
                0x00000000080004e8                __gnu_Unwind_Resume
                0x000000000800052c                __gnu_Unwind_Resume_or_Rethrow
                0x000000000800053c                _Unwind_Complete
                0x0000000008000540                _Unwind_DeleteException
                0x000000000800054c                _Unwind_VRS_Get
                0x0000000008000594                _Unwind_VRS_Set
                0x00000000080005dc                __gnu_Unwind_Backtrace
                0x00000000080008fc                __aeabi_unwind_cpp_pr0
                0x0000000008000900                __aeabi_unwind_cpp_pr1
                0x0000000008000904                __aeabi_unwind_cpp_pr2
                0x0000000008000908                _Unwind_VRS_Pop
 .text          0x0000000008000b80      0x1ac e:/tools/bin/../lib/gcc/arm-none-eabi/9.3.1/thumb/v7e-m+fp/hard\libgcc.a(libunwind.o)
                0x0000000008000b80                __restore_core_regs
                0x0000000008000b80                restore_core_regs
                0x0000000008000b98                __gnu_Unwind_Restore_VFP
                0x0000000008000ba0                __gnu_Unwind_Save_VFP
                0x0000000008000ba8                __gnu_Unwind_Restore_VFP_D
                0x0000000008000bb0                __gnu_Unwind_Save_VFP_D
                0x0000000008000bb8                __gnu_Unwind_Restore_VFP_D_16_to_31
                0x0000000008000bc0                __gnu_Unwind_Save_VFP_D_16_to_31
                0x0000000008000bc8                __gnu_Unwind_Restore_WMMXD
                0x0000000008000c0c                __gnu_Unwind_Save_WMMXD
                0x0000000008000c50                __gnu_Unwind_Restore_WMMXC
                0x0000000008000c64                __gnu_Unwind_Save_WMMXC
                0x0000000008000c78                ___Unwind_RaiseException
                0x0000000008000c78                _Unwind_RaiseException
                0x0000000008000c9c                _Unwind_Resume
                0x0000000008000c9c                ___Unwind_Resume
                0x0000000008000cc0                _Unwind_Resume_or_Rethrow
                0x0000000008000cc0                ___Unwind_Resume_or_Rethrow
                0x0000000008000ce4                _Unwind_ForcedUnwind
                0x0000000008000ce4                ___Unwind_ForcedUnwind
                0x0000000008000d08                ___Unwind_Backtrace
                0x0000000008000d08                _Unwind_Backtrace
 .text          0x0000000008000d2c      0x340 e:/tools/bin/../lib/gcc/arm-none-eabi/9.3.1/thumb/v7e-m+fp/hard\libgcc.a(pr-support.o)
                0x0000000008000d84                __gnu_unwind_execute
                0x0000000008001020                __gnu_unwind_frame
                0x000000000800104c                _Unwind_GetRegionStart
                0x0000000008001058                _Unwind_GetLanguageSpecificData
 .text          0x000000000800106c       0x14 e:/tools/bin/../lib/gcc/arm-none-eabi/9.3.1/../../../../arm-none-eabi/lib/thumb/v7e-m+fp/hard\libc_nano.a(lib_a-strcmp.o)
                0x000000000800106c                strcmp
 *(.text*)
 .text._ZN7drivers5clock12ClockControlC2ERKNS0_9FrequencyE
                0x0000000008001080      0x188 CMakeFiles/stm32f4.elf.dir/src/main.cpp.obj
                0x0000000008001080                drivers::clock::ClockControl::ClockControl(drivers::clock::Frequency const&)
                0x0000000008001080                drivers::clock::ClockControl::ClockControl(drivers::clock::Frequency const&)
 .text.startup._ZN4Bass4mainEv
                0x0000000008001208      0x21c CMakeFiles/stm32f4.elf.dir/src/main.cpp.obj
                0x0000000008001208                Bass::main()
 .text._Z16EXTI0_IRQHandlerv
                0x0000000008001424       0x20 CMakeFiles/stm32f4.elf.dir/src/main.cpp.obj
                0x0000000008001424                EXTI0_IRQHandler()
 .text._Z17USART1_IRQHandlerv
                0x0000000008001444        0x4 CMakeFiles/stm32f4.elf.dir/src/main.cpp.obj
                0x0000000008001444                USART1_IRQHandler()
 .text._Z17USART2_IRQHandlerv
                0x0000000008001448       0x20 CMakeFiles/stm32f4.elf.dir/src/main.cpp.obj
                0x0000000008001448                USART2_IRQHandler()
 .text._Z17OTG_FS_IRQHandlerv
                0x0000000008001468        0x4 CMakeFiles/stm32f4.elf.dir/src/main.cpp.obj
                0x0000000008001468                OTG_FS_IRQHandler()
 .text._Z19TIM6_DAC_IRQHandlerv
                0x000000000800146c       0x2c CMakeFiles/stm32f4.elf.dir/src/main.cpp.obj
                0x000000000800146c                TIM6_DAC_IRQHandler()
 .text._Z23DMA1_Stream5_IRQHandlerv
                0x0000000008001498       0x5c CMakeFiles/stm32f4.elf.dir/src/main.cpp.obj
                0x0000000008001498                DMA1_Stream5_IRQHandler()
 .text._Z23DMA1_Stream6_IRQHandlerv
                0x00000000080014f4       0x5c CMakeFiles/stm32f4.elf.dir/src/main.cpp.obj
                0x00000000080014f4                DMA1_Stream6_IRQHandler()
 .text._ZN4libs4CoutC2ERN7drivers5usart5USARTE
                0x0000000008001550       0x1c CMakeFiles/stm32f4.elf.dir/libs/print/cout.cpp.obj
                0x0000000008001550                libs::Cout::Cout(drivers::usart::USART&)
                0x0000000008001550                libs::Cout::Cout(drivers::usart::USART&)
 .text._ZN4libs4CoutlsENSt7__cxx1112basic_stringIcSt11char_traitsIcESaIcEEE
                0x000000000800156c       0x30 CMakeFiles/stm32f4.elf.dir/libs/print/cout.cpp.obj
                0x000000000800156c                libs::Cout::operator<<(std::__cxx11::basic_string<char, std::char_traits<char>, std::allocator<char> >)
 .text._ZN4libs4CoutlsEm
                0x000000000800159c      0x134 CMakeFiles/stm32f4.elf.dir/libs/print/cout.cpp.obj
                0x000000000800159c                libs::Cout::operator<<(unsigned long)
 .text._ZN4libs4CoutlsENS0_8CommandsE
                0x00000000080016d0       0x34 CMakeFiles/stm32f4.elf.dir/libs/print/cout.cpp.obj
                0x00000000080016d0                libs::Cout::operator<<(libs::Cout::Commands)
 .text._ZN7drivers4port4GPIOC2ERKNS_5clock12ClockControlENS0_14ADDRESSES_PORTE
                0x0000000008001704      0x118 CMakeFiles/stm32f4.elf.dir/Drivers/GPIO/gpio.cpp.obj
                0x0000000008001704                drivers::port::GPIO::GPIO(drivers::clock::ClockControl const&, drivers::port::ADDRESSES_PORT)
                0x0000000008001704                drivers::port::GPIO::GPIO(drivers::clock::ClockControl const&, drivers::port::ADDRESSES_PORT)
 .text._ZNK7drivers4port4GPIO11SetPinSpeedENS0_10PIN_NUMBERENS0_8PIN_SEEDE
                0x000000000800181c       0x1c CMakeFiles/stm32f4.elf.dir/Drivers/GPIO/gpio.cpp.obj
                0x000000000800181c                drivers::port::GPIO::SetPinSpeed(drivers::port::PIN_NUMBER, drivers::port::PIN_SEED) const
 .text._ZNK7drivers4port4GPIO8SetAFPinENS0_10PIN_NUMBERENS0_18ALTERNATE_FUNCTIONE
                0x0000000008001838       0x38 CMakeFiles/stm32f4.elf.dir/Drivers/GPIO/gpio.cpp.obj
                0x0000000008001838                drivers::port::GPIO::SetAFPin(drivers::port::PIN_NUMBER, drivers::port::ALTERNATE_FUNCTION) const
 .text._ZNK7drivers4port4GPIO10SetPinModeENS0_10PIN_NUMBERENS0_10PORT_MODERE
                0x0000000008001870       0x34 CMakeFiles/stm32f4.elf.dir/Drivers/GPIO/gpio.cpp.obj
                0x0000000008001870                drivers::port::GPIO::SetPinMode(drivers::port::PIN_NUMBER, drivers::port::PORT_MODER) const
 .text._ZNK7drivers4port4GPIO6SetPinENS0_10PIN_NUMBERENS0_10STATUS_PINE
                0x00000000080018a4       0x3c CMakeFiles/stm32f4.elf.dir/Drivers/GPIO/gpio.cpp.obj
                0x00000000080018a4                drivers::port::GPIO::SetPin(drivers::port::PIN_NUMBER, drivers::port::STATUS_PIN) const
 .text._ZNK7drivers4port4GPIO7InitPinENS0_10PIN_NUMBERENS0_10PORT_MODERE
                0x00000000080018e0       0x70 CMakeFiles/stm32f4.elf.dir/Drivers/GPIO/gpio.cpp.obj
                0x00000000080018e0                drivers::port::GPIO::InitPin(drivers::port::PIN_NUMBER, drivers::port::PORT_MODER) const
 .text._ZNK7drivers4port4GPIO9TogglePinENS0_10PIN_NUMBERE
                0x0000000008001950       0x38 CMakeFiles/stm32f4.elf.dir/Drivers/GPIO/gpio.cpp.obj
                0x0000000008001950                drivers::port::GPIO::TogglePin(drivers::port::PIN_NUMBER) const
 .text._ZN7drivers5usart5USART11RemapUsart2Eh
                0x0000000008001988      0x12c CMakeFiles/stm32f4.elf.dir/Drivers/USART/usart.cpp.obj
                0x0000000008001988                drivers::usart::USART::RemapUsart2(unsigned char)
 .text._ZN7drivers5usart5USART13SetWordLengthENS0_11WORD_LENGTHE
                0x0000000008001ab4       0x2c CMakeFiles/stm32f4.elf.dir/Drivers/USART/usart.cpp.obj
                0x0000000008001ab4                drivers::usart::USART::SetWordLength(drivers::usart::WORD_LENGTH)
 .text._ZN7drivers5usart5USART14ReceiverEnableENS0_6STATUSE
                0x0000000008001ae0       0x2c CMakeFiles/stm32f4.elf.dir/Drivers/USART/usart.cpp.obj
                0x0000000008001ae0                drivers::usart::USART::ReceiverEnable(drivers::usart::STATUS)
 .text._ZN7drivers5usart5USART17TransmitterEnableENS0_6STATUSE
                0x0000000008001b0c       0x2c CMakeFiles/stm32f4.elf.dir/Drivers/USART/usart.cpp.obj
                0x0000000008001b0c                drivers::usart::USART::TransmitterEnable(drivers::usart::STATUS)
 .text._ZN7drivers5usart5USART11UsartEnableENS0_6STATUSE
                0x0000000008001b38       0x2c CMakeFiles/stm32f4.elf.dir/Drivers/USART/usart.cpp.obj
                0x0000000008001b38                drivers::usart::USART::UsartEnable(drivers::usart::STATUS)
 .text._ZN7drivers5usart5USART11SetBaudRateENS0_9BAUD_RATEEm
                0x0000000008001b64       0x4c CMakeFiles/stm32f4.elf.dir/Drivers/USART/usart.cpp.obj
                0x0000000008001b64                drivers::usart::USART::SetBaudRate(drivers::usart::BAUD_RATE, unsigned long)
 .text._ZN7drivers5usart5USART12TransmitDataEh
                0x0000000008001bb0        0x8 CMakeFiles/stm32f4.elf.dir/Drivers/USART/usart.cpp.obj
                0x0000000008001bb0                drivers::usart::USART::TransmitData(unsigned char)
 .text._ZN7drivers5usart5USART14TransmitStringEPvj
                0x0000000008001bb8       0x24 CMakeFiles/stm32f4.elf.dir/Drivers/USART/usart.cpp.obj
                0x0000000008001bb8                drivers::usart::USART::TransmitString(void*, unsigned int)
 .text._ZN7drivers5usart5USART11ReceiveDataEv
                0x0000000008001bdc        0x8 CMakeFiles/stm32f4.elf.dir/Drivers/USART/usart.cpp.obj
                0x0000000008001bdc                drivers::usart::USART::ReceiveData()
 .text._ZN7drivers5usart5USART10IsBusyFlagEv
                0x0000000008001be4        0xc CMakeFiles/stm32f4.elf.dir/Drivers/USART/usart.cpp.obj
                0x0000000008001be4                drivers::usart::USART::IsBusyFlag()
 .text._ZN7drivers5usart5USART9ClearFlagENS0_13SR_clear_flagE
                0x0000000008001bf0       0x18 CMakeFiles/stm32f4.elf.dir/Drivers/USART/usart.cpp.obj
                0x0000000008001bf0                drivers::usart::USART::ClearFlag(drivers::usart::SR_clear_flag)
 .text._ZN7drivers5usart5USART9SetRXNEIEENS0_6STATUSE
                0x0000000008001c08       0x2c CMakeFiles/stm32f4.elf.dir/Drivers/USART/usart.cpp.obj
                0x0000000008001c08                drivers::usart::USART::SetRXNEIE(drivers::usart::STATUS)
 .text._ZN7drivers5usart5USART12InitUsartDmaERKNS_3dma3DMAENS2_10DMA_ConfigEbb
                0x0000000008001c34      0x180 CMakeFiles/stm32f4.elf.dir/Drivers/USART/usart.cpp.obj
                0x0000000008001c34                drivers::usart::USART::InitUsartDma(drivers::dma::DMA const&, drivers::dma::DMA_Config, bool, bool)
 .text._ZN7drivers5usart5USART15TransmitDataDmaERNS_3dma3DMAEPht
                0x0000000008001db4       0x74 CMakeFiles/stm32f4.elf.dir/Drivers/USART/usart.cpp.obj
                0x0000000008001db4                drivers::usart::USART::TransmitDataDma(drivers::dma::DMA&, unsigned char*, unsigned short)
 .text._ZN7drivers5usart5USART14ReceiveDataDmaERNS_3dma3DMAEPht
                0x0000000008001e28       0x74 CMakeFiles/stm32f4.elf.dir/Drivers/USART/usart.cpp.obj
                0x0000000008001e28                drivers::usart::USART::ReceiveDataDma(drivers::dma::DMA&, unsigned char*, unsigned short)
 .text._ZN7drivers4nvic4NVICC2Ev
                0x0000000008001e9c        0x4 CMakeFiles/stm32f4.elf.dir/Drivers/NVIC/nvic.cpp.obj
                0x0000000008001e9c                drivers::nvic::NVIC::NVIC()
                0x0000000008001e9c                drivers::nvic::NVIC::NVIC()
 .text._ZN7drivers4nvic4NVIC14NVIC_EnableIRQENS0_9LINE_IRQnE
                0x0000000008001ea0       0x78 CMakeFiles/stm32f4.elf.dir/Drivers/NVIC/nvic.cpp.obj
                0x0000000008001ea0                drivers::nvic::NVIC::NVIC_EnableIRQ(drivers::nvic::LINE_IRQn)
 .text._Z11NMI_Handlerv
                0x0000000008001f18        0x4 CMakeFiles/stm32f4.elf.dir/Drivers/Startup/StartupSTM32F407.cpp.obj
                0x0000000008001f18                NMI_Handler()
 .text._Z17HardFault_Handlerv
                0x0000000008001f1c        0x4 CMakeFiles/stm32f4.elf.dir/Drivers/Startup/StartupSTM32F407.cpp.obj
                0x0000000008001f1c                HardFault_Handler()
 .text._Z17MemManage_Handlerv
                0x0000000008001f20        0x4 CMakeFiles/stm32f4.elf.dir/Drivers/Startup/StartupSTM32F407.cpp.obj
                0x0000000008001f20                MemManage_Handler()
 .text._Z16BusFault_Handlerv
                0x0000000008001f24        0x4 CMakeFiles/stm32f4.elf.dir/Drivers/Startup/StartupSTM32F407.cpp.obj
                0x0000000008001f24                BusFault_Handler()
 .text._Z18UsageFault_Handlerv
                0x0000000008001f28        0x4 CMakeFiles/stm32f4.elf.dir/Drivers/Startup/StartupSTM32F407.cpp.obj
                0x0000000008001f28                UsageFault_Handler()
 .text._Z11SVC_Handlerv
                0x0000000008001f2c        0x4 CMakeFiles/stm32f4.elf.dir/Drivers/Startup/StartupSTM32F407.cpp.obj
                0x0000000008001f2c                SVC_Handler()
 .text._Z16DebugMon_Handlerv
                0x0000000008001f30        0x4 CMakeFiles/stm32f4.elf.dir/Drivers/Startup/StartupSTM32F407.cpp.obj
                0x0000000008001f30                DebugMon_Handler()
 .text._Z14PendSV_Handlerv
                0x0000000008001f34        0x4 CMakeFiles/stm32f4.elf.dir/Drivers/Startup/StartupSTM32F407.cpp.obj
                0x0000000008001f34                PendSV_Handler()
 .text._Z15SysTick_Handlerv
                0x0000000008001f38        0x4 CMakeFiles/stm32f4.elf.dir/Drivers/Startup/StartupSTM32F407.cpp.obj
                0x0000000008001f38                SysTick_Handler()
 .text._Z15WWDG_IRQHandlerv
                0x0000000008001f3c        0x4 CMakeFiles/stm32f4.elf.dir/Drivers/Startup/StartupSTM32F407.cpp.obj
                0x0000000008001f3c                WWDG_IRQHandler()
 .text._Z14PVD_IRQHandlerv
                0x0000000008001f40        0x4 CMakeFiles/stm32f4.elf.dir/Drivers/Startup/StartupSTM32F407.cpp.obj
                0x0000000008001f40                PVD_IRQHandler()
 .text._Z21TAMP_STAMP_IRQHandlerv
                0x0000000008001f44        0x4 CMakeFiles/stm32f4.elf.dir/Drivers/Startup/StartupSTM32F407.cpp.obj
                0x0000000008001f44                TAMP_STAMP_IRQHandler()
 .text._Z19RTC_WKUP_IRQHandlerv
                0x0000000008001f48        0x4 CMakeFiles/stm32f4.elf.dir/Drivers/Startup/StartupSTM32F407.cpp.obj
                0x0000000008001f48                RTC_WKUP_IRQHandler()
 .text._Z16FLASH_IRQHandlerv
                0x0000000008001f4c        0x4 CMakeFiles/stm32f4.elf.dir/Drivers/Startup/StartupSTM32F407.cpp.obj
                0x0000000008001f4c                FLASH_IRQHandler()
 .text._Z14RCC_IRQHandlerv
                0x0000000008001f50        0x4 CMakeFiles/stm32f4.elf.dir/Drivers/Startup/StartupSTM32F407.cpp.obj
                0x0000000008001f50                RCC_IRQHandler()
 .text._Z16EXTI1_IRQHandlerv
                0x0000000008001f54        0x4 CMakeFiles/stm32f4.elf.dir/Drivers/Startup/StartupSTM32F407.cpp.obj
                0x0000000008001f54                EXTI1_IRQHandler()
 .text._Z16EXTI2_IRQHandlerv
                0x0000000008001f58        0x4 CMakeFiles/stm32f4.elf.dir/Drivers/Startup/StartupSTM32F407.cpp.obj
                0x0000000008001f58                EXTI2_IRQHandler()
 .text._Z16EXTI3_IRQHandlerv
                0x0000000008001f5c        0x4 CMakeFiles/stm32f4.elf.dir/Drivers/Startup/StartupSTM32F407.cpp.obj
                0x0000000008001f5c                EXTI3_IRQHandler()
 .text._Z16EXTI4_IRQHandlerv
                0x0000000008001f60        0x4 CMakeFiles/stm32f4.elf.dir/Drivers/Startup/StartupSTM32F407.cpp.obj
                0x0000000008001f60                EXTI4_IRQHandler()
 .text._Z23DMA1_Stream0_IRQHandlerv
                0x0000000008001f64        0x4 CMakeFiles/stm32f4.elf.dir/Drivers/Startup/StartupSTM32F407.cpp.obj
                0x0000000008001f64                DMA1_Stream0_IRQHandler()
 .text._Z23DMA1_Stream1_IRQHandlerv
                0x0000000008001f68        0x4 CMakeFiles/stm32f4.elf.dir/Drivers/Startup/StartupSTM32F407.cpp.obj
                0x0000000008001f68                DMA1_Stream1_IRQHandler()
 .text._Z23DMA1_Stream2_IRQHandlerv
                0x0000000008001f6c        0x4 CMakeFiles/stm32f4.elf.dir/Drivers/Startup/StartupSTM32F407.cpp.obj
                0x0000000008001f6c                DMA1_Stream2_IRQHandler()
 .text._Z23DMA1_Stream3_IRQHandlerv
                0x0000000008001f70        0x4 CMakeFiles/stm32f4.elf.dir/Drivers/Startup/StartupSTM32F407.cpp.obj
                0x0000000008001f70                DMA1_Stream3_IRQHandler()
 .text._Z23DMA1_Stream4_IRQHandlerv
                0x0000000008001f74        0x4 CMakeFiles/stm32f4.elf.dir/Drivers/Startup/StartupSTM32F407.cpp.obj
                0x0000000008001f74                DMA1_Stream4_IRQHandler()
 .text._Z14ADC_IRQHandlerv
                0x0000000008001f78        0x4 CMakeFiles/stm32f4.elf.dir/Drivers/Startup/StartupSTM32F407.cpp.obj
                0x0000000008001f78                ADC_IRQHandler()
 .text._Z18CAN1_TX_IRQHandlerv
                0x0000000008001f7c        0x4 CMakeFiles/stm32f4.elf.dir/Drivers/Startup/StartupSTM32F407.cpp.obj
                0x0000000008001f7c                CAN1_TX_IRQHandler()
 .text._Z19CAN1_RX0_IRQHandlerv
                0x0000000008001f80        0x4 CMakeFiles/stm32f4.elf.dir/Drivers/Startup/StartupSTM32F407.cpp.obj
                0x0000000008001f80                CAN1_RX0_IRQHandler()
 .text._Z19CAN1_RX1_IRQHandlerv
                0x0000000008001f84        0x4 CMakeFiles/stm32f4.elf.dir/Drivers/Startup/StartupSTM32F407.cpp.obj
                0x0000000008001f84                CAN1_RX1_IRQHandler()
 .text._Z19CAN1_SCE_IRQHandlerv
                0x0000000008001f88        0x4 CMakeFiles/stm32f4.elf.dir/Drivers/Startup/StartupSTM32F407.cpp.obj
                0x0000000008001f88                CAN1_SCE_IRQHandler()
 .text._Z18EXTI9_5_IRQHandlerv
                0x0000000008001f8c        0x4 CMakeFiles/stm32f4.elf.dir/Drivers/Startup/StartupSTM32F407.cpp.obj
                0x0000000008001f8c                EXTI9_5_IRQHandler()
 .text._Z24TIM1_BRK_TIM9_IRQHandlerv
                0x0000000008001f90        0x4 CMakeFiles/stm32f4.elf.dir/Drivers/Startup/StartupSTM32F407.cpp.obj
                0x0000000008001f90                TIM1_BRK_TIM9_IRQHandler()
 .text._Z24TIM1_UP_TIM10_IRQHandlerv
                0x0000000008001f94        0x4 CMakeFiles/stm32f4.elf.dir/Drivers/Startup/StartupSTM32F407.cpp.obj
                0x0000000008001f94                TIM1_UP_TIM10_IRQHandler()
 .text._Z29TIM1_TRG_COM_TIM11_IRQHandlerv
                0x0000000008001f98        0x4 CMakeFiles/stm32f4.elf.dir/Drivers/Startup/StartupSTM32F407.cpp.obj
                0x0000000008001f98                TIM1_TRG_COM_TIM11_IRQHandler()
 .text._Z18TIM1_CC_IRQHandlerv
                0x0000000008001f9c        0x4 CMakeFiles/stm32f4.elf.dir/Drivers/Startup/StartupSTM32F407.cpp.obj
                0x0000000008001f9c                TIM1_CC_IRQHandler()
 .text._Z15TIM2_IRQHandlerv
                0x0000000008001fa0        0x4 CMakeFiles/stm32f4.elf.dir/Drivers/Startup/StartupSTM32F407.cpp.obj
                0x0000000008001fa0                TIM2_IRQHandler()
 .text._Z15TIM3_IRQHandlerv
                0x0000000008001fa4        0x4 CMakeFiles/stm32f4.elf.dir/Drivers/Startup/StartupSTM32F407.cpp.obj
                0x0000000008001fa4                TIM3_IRQHandler()
 .text._Z15TIM4_IRQHandlerv
                0x0000000008001fa8        0x4 CMakeFiles/stm32f4.elf.dir/Drivers/Startup/StartupSTM32F407.cpp.obj
                0x0000000008001fa8                TIM4_IRQHandler()
 .text._Z18I2C1_EV_IRQHandlerv
                0x0000000008001fac        0x4 CMakeFiles/stm32f4.elf.dir/Drivers/Startup/StartupSTM32F407.cpp.obj
                0x0000000008001fac                I2C1_EV_IRQHandler()
 .text._Z18I2C1_ER_IRQHandlerv
                0x0000000008001fb0        0x4 CMakeFiles/stm32f4.elf.dir/Drivers/Startup/StartupSTM32F407.cpp.obj
                0x0000000008001fb0                I2C1_ER_IRQHandler()
 .text._Z18I2C2_EV_IRQHandlerv
                0x0000000008001fb4        0x4 CMakeFiles/stm32f4.elf.dir/Drivers/Startup/StartupSTM32F407.cpp.obj
                0x0000000008001fb4                I2C2_EV_IRQHandler()
 .text._Z18I2C2_ER_IRQHandlerv
                0x0000000008001fb8        0x4 CMakeFiles/stm32f4.elf.dir/Drivers/Startup/StartupSTM32F407.cpp.obj
                0x0000000008001fb8                I2C2_ER_IRQHandler()
 .text._Z15SPI1_IRQHandlerv
                0x0000000008001fbc        0x4 CMakeFiles/stm32f4.elf.dir/Drivers/Startup/StartupSTM32F407.cpp.obj
                0x0000000008001fbc                SPI1_IRQHandler()
 .text._Z15SPI2_IRQHandlerv
                0x0000000008001fc0        0x4 CMakeFiles/stm32f4.elf.dir/Drivers/Startup/StartupSTM32F407.cpp.obj
                0x0000000008001fc0                SPI2_IRQHandler()
 .text._Z17USART3_IRQHandlerv
                0x0000000008001fc4        0x4 CMakeFiles/stm32f4.elf.dir/Drivers/Startup/StartupSTM32F407.cpp.obj
                0x0000000008001fc4                USART3_IRQHandler()
 .text._Z20EXTI15_10_IRQHandlerv
                0x0000000008001fc8        0x4 CMakeFiles/stm32f4.elf.dir/Drivers/Startup/StartupSTM32F407.cpp.obj
                0x0000000008001fc8                EXTI15_10_IRQHandler()
 .text._Z20RTC_Alarm_IRQHandlerv
                0x0000000008001fcc        0x4 CMakeFiles/stm32f4.elf.dir/Drivers/Startup/StartupSTM32F407.cpp.obj
                0x0000000008001fcc                RTC_Alarm_IRQHandler()
 .text._Z22OTG_FS_WKUP_IRQHandlerv
                0x0000000008001fd0        0x4 CMakeFiles/stm32f4.elf.dir/Drivers/Startup/StartupSTM32F407.cpp.obj
                0x0000000008001fd0                OTG_FS_WKUP_IRQHandler()
 .text._Z25TIM8_BRK_TIM12_IRQHandlerv
                0x0000000008001fd4        0x4 CMakeFiles/stm32f4.elf.dir/Drivers/Startup/StartupSTM32F407.cpp.obj
                0x0000000008001fd4                TIM8_BRK_TIM12_IRQHandler()
 .text._Z24TIM8_UP_TIM13_IRQHandlerv
                0x0000000008001fd8        0x4 CMakeFiles/stm32f4.elf.dir/Drivers/Startup/StartupSTM32F407.cpp.obj
                0x0000000008001fd8                TIM8_UP_TIM13_IRQHandler()
 .text._Z29TIM8_TRG_COM_TIM14_IRQHandlerv
                0x0000000008001fdc        0x4 CMakeFiles/stm32f4.elf.dir/Drivers/Startup/StartupSTM32F407.cpp.obj
                0x0000000008001fdc                TIM8_TRG_COM_TIM14_IRQHandler()
 .text._Z18TIM8_CC_IRQHandlerv
                0x0000000008001fe0        0x4 CMakeFiles/stm32f4.elf.dir/Drivers/Startup/StartupSTM32F407.cpp.obj
                0x0000000008001fe0                TIM8_CC_IRQHandler()
 .text._Z23DMA1_Stream7_IRQHandlerv
                0x0000000008001fe4        0x4 CMakeFiles/stm32f4.elf.dir/Drivers/Startup/StartupSTM32F407.cpp.obj
                0x0000000008001fe4                DMA1_Stream7_IRQHandler()
 .text._Z15FSMC_IRQHandlerv
                0x0000000008001fe8        0x4 CMakeFiles/stm32f4.elf.dir/Drivers/Startup/StartupSTM32F407.cpp.obj
                0x0000000008001fe8                FSMC_IRQHandler()
 .text._Z15SDIO_IRQHandlerv
                0x0000000008001fec        0x4 CMakeFiles/stm32f4.elf.dir/Drivers/Startup/StartupSTM32F407.cpp.obj
                0x0000000008001fec                SDIO_IRQHandler()
 .text._Z15TIM5_IRQHandlerv
                0x0000000008001ff0        0x4 CMakeFiles/stm32f4.elf.dir/Drivers/Startup/StartupSTM32F407.cpp.obj
                0x0000000008001ff0                TIM5_IRQHandler()
 .text._Z15SPI3_IRQHandlerv
                0x0000000008001ff4        0x4 CMakeFiles/stm32f4.elf.dir/Drivers/Startup/StartupSTM32F407.cpp.obj
                0x0000000008001ff4                SPI3_IRQHandler()
 .text._Z16UART4_IRQHandlerv
                0x0000000008001ff8        0x4 CMakeFiles/stm32f4.elf.dir/Drivers/Startup/StartupSTM32F407.cpp.obj
                0x0000000008001ff8                UART4_IRQHandler()
 .text._Z16UART5_IRQHandlerv
                0x0000000008001ffc        0x4 CMakeFiles/stm32f4.elf.dir/Drivers/Startup/StartupSTM32F407.cpp.obj
                0x0000000008001ffc                UART5_IRQHandler()
 .text._Z15TIM7_IRQHandlerv
                0x0000000008002000        0x4 CMakeFiles/stm32f4.elf.dir/Drivers/Startup/StartupSTM32F407.cpp.obj
                0x0000000008002000                TIM7_IRQHandler()
 .text._Z23DMA2_Stream0_IRQHandlerv
                0x0000000008002004        0x4 CMakeFiles/stm32f4.elf.dir/Drivers/Startup/StartupSTM32F407.cpp.obj
                0x0000000008002004                DMA2_Stream0_IRQHandler()
 .text._Z23DMA2_Stream1_IRQHandlerv
                0x0000000008002008        0x4 CMakeFiles/stm32f4.elf.dir/Drivers/Startup/StartupSTM32F407.cpp.obj
                0x0000000008002008                DMA2_Stream1_IRQHandler()
 .text._Z23DMA2_Stream2_IRQHandlerv
                0x000000000800200c        0x4 CMakeFiles/stm32f4.elf.dir/Drivers/Startup/StartupSTM32F407.cpp.obj
                0x000000000800200c                DMA2_Stream2_IRQHandler()
 .text._Z23DMA2_Stream3_IRQHandlerv
                0x0000000008002010        0x4 CMakeFiles/stm32f4.elf.dir/Drivers/Startup/StartupSTM32F407.cpp.obj
                0x0000000008002010                DMA2_Stream3_IRQHandler()
 .text._Z23DMA2_Stream4_IRQHandlerv
                0x0000000008002014        0x4 CMakeFiles/stm32f4.elf.dir/Drivers/Startup/StartupSTM32F407.cpp.obj
                0x0000000008002014                DMA2_Stream4_IRQHandler()
 .text._Z14ETH_IRQHandlerv
                0x0000000008002018        0x4 CMakeFiles/stm32f4.elf.dir/Drivers/Startup/StartupSTM32F407.cpp.obj
                0x0000000008002018                ETH_IRQHandler()
 .text._Z19ETH_WKUP_IRQHandlerv
                0x000000000800201c        0x4 CMakeFiles/stm32f4.elf.dir/Drivers/Startup/StartupSTM32F407.cpp.obj
                0x000000000800201c                ETH_WKUP_IRQHandler()
 .text._Z18CAN2_TX_IRQHandlerv
                0x0000000008002020        0x4 CMakeFiles/stm32f4.elf.dir/Drivers/Startup/StartupSTM32F407.cpp.obj
                0x0000000008002020                CAN2_TX_IRQHandler()
 .text._Z19CAN2_RX0_IRQHandlerv
                0x0000000008002024        0x4 CMakeFiles/stm32f4.elf.dir/Drivers/Startup/StartupSTM32F407.cpp.obj
                0x0000000008002024                CAN2_RX0_IRQHandler()
 .text._Z19CAN2_RX1_IRQHandlerv
                0x0000000008002028        0x4 CMakeFiles/stm32f4.elf.dir/Drivers/Startup/StartupSTM32F407.cpp.obj
                0x0000000008002028                CAN2_RX1_IRQHandler()
 .text._Z19CAN2_SCE_IRQHandlerv
                0x000000000800202c        0x4 CMakeFiles/stm32f4.elf.dir/Drivers/Startup/StartupSTM32F407.cpp.obj
                0x000000000800202c                CAN2_SCE_IRQHandler()
 .text._Z23DMA2_Stream5_IRQHandlerv
                0x0000000008002030        0x4 CMakeFiles/stm32f4.elf.dir/Drivers/Startup/StartupSTM32F407.cpp.obj
                0x0000000008002030                DMA2_Stream5_IRQHandler()
 .text._Z23DMA2_Stream6_IRQHandlerv
                0x0000000008002034        0x4 CMakeFiles/stm32f4.elf.dir/Drivers/Startup/StartupSTM32F407.cpp.obj
                0x0000000008002034                DMA2_Stream6_IRQHandler()
 .text._Z23DMA2_Stream7_IRQHandlerv
                0x0000000008002038        0x4 CMakeFiles/stm32f4.elf.dir/Drivers/Startup/StartupSTM32F407.cpp.obj
                0x0000000008002038                DMA2_Stream7_IRQHandler()
 .text._Z17USART6_IRQHandlerv
                0x000000000800203c        0x4 CMakeFiles/stm32f4.elf.dir/Drivers/Startup/StartupSTM32F407.cpp.obj
                0x000000000800203c                USART6_IRQHandler()
 .text._Z18I2C3_EV_IRQHandlerv
                0x0000000008002040        0x4 CMakeFiles/stm32f4.elf.dir/Drivers/Startup/StartupSTM32F407.cpp.obj
                0x0000000008002040                I2C3_EV_IRQHandler()
 .text._Z18I2C3_ER_IRQHandlerv
                0x0000000008002044        0x4 CMakeFiles/stm32f4.elf.dir/Drivers/Startup/StartupSTM32F407.cpp.obj
                0x0000000008002044                I2C3_ER_IRQHandler()
 .text._Z25OTG_HS_EP1_OUT_IRQHandlerv
                0x0000000008002048        0x4 CMakeFiles/stm32f4.elf.dir/Drivers/Startup/StartupSTM32F407.cpp.obj
                0x0000000008002048                OTG_HS_EP1_OUT_IRQHandler()
 .text._Z24OTG_HS_EP1_IN_IRQHandlerv
                0x000000000800204c        0x4 CMakeFiles/stm32f4.elf.dir/Drivers/Startup/StartupSTM32F407.cpp.obj
                0x000000000800204c                OTG_HS_EP1_IN_IRQHandler()
 .text._Z22OTG_HS_WKUP_IRQHandlerv
                0x0000000008002050        0x4 CMakeFiles/stm32f4.elf.dir/Drivers/Startup/StartupSTM32F407.cpp.obj
                0x0000000008002050                OTG_HS_WKUP_IRQHandler()
 .text._Z17OTG_HS_IRQHandlerv
                0x0000000008002054        0x4 CMakeFiles/stm32f4.elf.dir/Drivers/Startup/StartupSTM32F407.cpp.obj
                0x0000000008002054                OTG_HS_IRQHandler()
 .text._Z15DCMI_IRQHandlerv
                0x0000000008002058        0x4 CMakeFiles/stm32f4.elf.dir/Drivers/Startup/StartupSTM32F407.cpp.obj
                0x0000000008002058                DCMI_IRQHandler()
 .text._Z19HASH_RNG_IRQHandlerv
                0x000000000800205c        0x4 CMakeFiles/stm32f4.elf.dir/Drivers/Startup/StartupSTM32F407.cpp.obj
                0x000000000800205c                HASH_RNG_IRQHandler()
 .text._Z14FPU_IRQHandlerv
                0x0000000008002060        0x4 CMakeFiles/stm32f4.elf.dir/Drivers/Startup/StartupSTM32F407.cpp.obj
                0x0000000008002060                FPU_IRQHandler()
 .text._Z13Reset_Handlerv
                0x0000000008002064       0x50 CMakeFiles/stm32f4.elf.dir/Drivers/Startup/StartupSTM32F407.cpp.obj
                0x0000000008002064                Reset_Handler()
 .text._ZN7drivers4exti9EXIT_RTSR9ClearFlagENS1_11LINE_NUMBERE
                0x00000000080020b4       0x20 CMakeFiles/stm32f4.elf.dir/Drivers/EXTI/exti.cpp.obj
                0x00000000080020b4                drivers::exti::EXIT_RTSR::ClearFlag(drivers::exti::EXIT_RTSR::LINE_NUMBER)
 .text._ZNK7drivers5clock12ClockControl15InitTickSysTickEmm
                0x00000000080020d4       0x28 CMakeFiles/stm32f4.elf.dir/Drivers/ClokControl/clockControl.cpp.obj
                0x00000000080020d4                drivers::clock::ClockControl::InitTickSysTick(unsigned long, unsigned long) const
 .text._ZNK7drivers5clock12ClockControl17EnablePeripheralsERKNS0_9constants11PERIPHERALSE
                0x00000000080020fc       0x94 CMakeFiles/stm32f4.elf.dir/Drivers/ClokControl/clockControl.cpp.obj
                0x00000000080020fc                drivers::clock::ClockControl::EnablePeripherals(drivers::clock::constants::PERIPHERALS const&) const
 .text._ZNK7drivers5clock12ClockControl10HSE_EnableEv
                0x0000000008002190       0x1c CMakeFiles/stm32f4.elf.dir/Drivers/ClokControl/clockControl.cpp.obj
                0x0000000008002190                drivers::clock::ClockControl::HSE_Enable() const
 .text._ZNK7drivers5clock12ClockControl11HSE_IsReadyEv
                0x00000000080021ac       0x10 CMakeFiles/stm32f4.elf.dir/Drivers/ClokControl/clockControl.cpp.obj
                0x00000000080021ac                drivers::clock::ClockControl::HSE_IsReady() const
 .text._ZNK7drivers5clock12ClockControl14PLL_Config_SysEtttt
                0x00000000080021bc       0x58 CMakeFiles/stm32f4.elf.dir/Drivers/ClokControl/clockControl.cpp.obj
                0x00000000080021bc                drivers::clock::ClockControl::PLL_Config_Sys(unsigned short, unsigned short, unsigned short, unsigned short) const
 .text._ZN7drivers5clock12ClockControl13setBaseConfigESt5arrayIhLj4EERKNS0_9constants12PrescalerAHBERKNS4_12PrescalerAPBESA_
                0x0000000008002214       0xbc CMakeFiles/stm32f4.elf.dir/Drivers/ClokControl/clockControl.cpp.obj
                0x0000000008002214                drivers::clock::ClockControl::setBaseConfig(std::array<unsigned char, 4u>, drivers::clock::constants::PrescalerAHB const&, drivers::clock::constants::PrescalerAPB const&, drivers::clock::constants::PrescalerAPB const&)
 .text._ZNK7drivers5clock12ClockControl11HSI_DisableEv
                0x00000000080022d0       0x1c CMakeFiles/stm32f4.elf.dir/Drivers/ClokControl/clockControl.cpp.obj
                0x00000000080022d0                drivers::clock::ClockControl::HSI_Disable() const
 .text._ZN7drivers5flash5Flash10SetLatencyEh
                0x00000000080022ec       0x1c CMakeFiles/stm32f4.elf.dir/Drivers/FLASH/flash.cpp.obj
                0x00000000080022ec                drivers::flash::Flash::SetLatency(unsigned char)
 .text._ZN7drivers5flash5Flash10GetLatencyEv
                0x0000000008002308       0x10 CMakeFiles/stm32f4.elf.dir/Drivers/FLASH/flash.cpp.obj
                0x0000000008002308                drivers::flash::Flash::GetLatency()
 .text._ZN7drivers6timers11BasicTimers24ClearUpdateInterruptFlagEv
                0x0000000008002318       0x18 CMakeFiles/stm32f4.elf.dir/Drivers/TIMERS/basictimer.cpp.obj
                0x0000000008002318                drivers::timers::BasicTimers::ClearUpdateInterruptFlag()
 .text._ZNK7drivers3dma3DMA6enableERKNS0_9constants13NUMBER_STREAME
                0x0000000008002330       0x1c CMakeFiles/stm32f4.elf.dir/Drivers/DMA/dma.cpp.obj
                0x0000000008002330                drivers::dma::DMA::enable(drivers::dma::constants::NUMBER_STREAM const&) const
 .text._ZNK7drivers3dma3DMA7disableERKNS0_9constants13NUMBER_STREAME
                0x000000000800234c       0x18 CMakeFiles/stm32f4.elf.dir/Drivers/DMA/dma.cpp.obj
                0x000000000800234c                drivers::dma::DMA::disable(drivers::dma::constants::NUMBER_STREAM const&) const
 .text._ZNK7drivers3dma3DMA18clearFlagInterruptERKNS0_9constants13NUMBER_STREAMERKNS2_21FLAG_INTERRUPT_STATUSE
                0x0000000008002364       0xa0 CMakeFiles/stm32f4.elf.dir/Drivers/DMA/dma.cpp.obj
                0x0000000008002364                drivers::dma::DMA::clearFlagInterrupt(drivers::dma::constants::NUMBER_STREAM const&, drivers::dma::constants::FLAG_INTERRUPT_STATUS const&) const
 .text._ZNK7drivers3dma3DMA21setNumberDataRegisterERKNS0_9constants13NUMBER_STREAMEt
                0x0000000008002404        0xc CMakeFiles/stm32f4.elf.dir/Drivers/DMA/dma.cpp.obj
                0x0000000008002404                drivers::dma::DMA::setNumberDataRegister(drivers::dma::constants::NUMBER_STREAM const&, unsigned short) const
 .text._ZNK7drivers3dma3DMA28setPeripheralAddressRegisterERKNS0_9constants13NUMBER_STREAMEm
                0x0000000008002410        0xc CMakeFiles/stm32f4.elf.dir/Drivers/DMA/dma.cpp.obj
                0x0000000008002410                drivers::dma::DMA::setPeripheralAddressRegister(drivers::dma::constants::NUMBER_STREAM const&, unsigned long) const
 .text._ZNK7drivers3dma3DMA26setMemoryAddressRegister_0ERKNS0_9constants13NUMBER_STREAMEm
                0x000000000800241c        0xc CMakeFiles/stm32f4.elf.dir/Drivers/DMA/dma.cpp.obj
                0x000000000800241c                drivers::dma::DMA::setMemoryAddressRegister_0(drivers::dma::constants::NUMBER_STREAM const&, unsigned long) const
 .text._ZNK7drivers3dma3DMA14getBaseAddressEv
                0x0000000008002428        0x4 CMakeFiles/stm32f4.elf.dir/Drivers/DMA/dma.cpp.obj
                0x0000000008002428                drivers::dma::DMA::getBaseAddress() const
 .text._ZNK7drivers3dma3DMA16ConfigurationDmaENS0_10DMA_ConfigE
                0x000000000800242c      0x1c8 CMakeFiles/stm32f4.elf.dir/Drivers/DMA/dma.cpp.obj
                0x000000000800242c                drivers::dma::DMA::ConfigurationDma(drivers::dma::DMA_Config) const
 .text._ZdlPv   0x00000000080025f4        0x4 e:/tools/bin/../lib/gcc/arm-none-eabi/9.3.1/../../../../arm-none-eabi/lib/thumb/v7e-m+fp/hard\libstdc++_nano.a(del_op.o)
                0x00000000080025f4                operator delete(void*)
 .text._ZL12read_uleb128PKhPm
                0x00000000080025f8       0x1e e:/tools/bin/../lib/gcc/arm-none-eabi/9.3.1/../../../../arm-none-eabi/lib/thumb/v7e-m+fp/hard\libstdc++_nano.a(eh_personality.o)
 .text._ZL12read_sleb128PKhPl
                0x0000000008002616       0x30 e:/tools/bin/../lib/gcc/arm-none-eabi/9.3.1/../../../../arm-none-eabi/lib/thumb/v7e-m+fp/hard\libstdc++_nano.a(eh_personality.o)
 .text._ZL28read_encoded_value_with_basehjPKhPj
                0x0000000008002646       0x8c e:/tools/bin/../lib/gcc/arm-none-eabi/9.3.1/../../../../arm-none-eabi/lib/thumb/v7e-m+fp/hard\libstdc++_nano.a(eh_personality.o)
 .text._ZL21base_of_encoded_valuehP15_Unwind_Context
                0x00000000080026d2       0x48 e:/tools/bin/../lib/gcc/arm-none-eabi/9.3.1/../../../../arm-none-eabi/lib/thumb/v7e-m+fp/hard\libstdc++_nano.a(eh_personality.o)
 .text._ZL18read_encoded_valueP15_Unwind_ContexthPKhPj
                0x000000000800271a       0x22 e:/tools/bin/../lib/gcc/arm-none-eabi/9.3.1/../../../../arm-none-eabi/lib/thumb/v7e-m+fp/hard\libstdc++_nano.a(eh_personality.o)
 .text._ZL17parse_lsda_headerP15_Unwind_ContextPKhP16lsda_header_info
                0x000000000800273c       0x62 e:/tools/bin/../lib/gcc/arm-none-eabi/9.3.1/../../../../arm-none-eabi/lib/thumb/v7e-m+fp/hard\libstdc++_nano.a(eh_personality.o)
 .text._Unwind_GetGR
                0x000000000800279e       0x18 e:/tools/bin/../lib/gcc/arm-none-eabi/9.3.1/../../../../arm-none-eabi/lib/thumb/v7e-m+fp/hard\libstdc++_nano.a(eh_personality.o)
 *fill*         0x00000000080027b6        0x2 
 .text.__gxx_personality_v0
                0x00000000080027b8      0x344 e:/tools/bin/../lib/gcc/arm-none-eabi/9.3.1/../../../../arm-none-eabi/lib/thumb/v7e-m+fp/hard\libstdc++_nano.a(eh_personality.o)
                0x00000000080027b8                __gxx_personality_v0
 .text._ZN10__cxxabiv111__terminateEPFvvE
                0x0000000008002afc        0x8 e:/tools/bin/../lib/gcc/arm-none-eabi/9.3.1/../../../../arm-none-eabi/lib/thumb/v7e-m+fp/hard\libstdc++_nano.a(eh_terminate.o)
                0x0000000008002afc                __cxxabiv1::__terminate(void (*)())
 .text._ZSt13get_terminatev
                0x0000000008002b04       0x10 e:/tools/bin/../lib/gcc/arm-none-eabi/9.3.1/../../../../arm-none-eabi/lib/thumb/v7e-m+fp/hard\libstdc++_nano.a(eh_terminate.o)
                0x0000000008002b04                std::get_terminate()
 .text._ZSt9terminatev
                0x0000000008002b14        0xa e:/tools/bin/../lib/gcc/arm-none-eabi/9.3.1/../../../../arm-none-eabi/lib/thumb/v7e-m+fp/hard\libstdc++_nano.a(eh_terminate.o)
                0x0000000008002b14                std::terminate()
 .text._ZN10__cxxabiv112__unexpectedEPFvvE
                0x0000000008002b1e        0x8 e:/tools/bin/../lib/gcc/arm-none-eabi/9.3.1/../../../../arm-none-eabi/lib/thumb/v7e-m+fp/hard\libstdc++_nano.a(eh_terminate.o)
                0x0000000008002b1e                __cxxabiv1::__unexpected(void (*)())
 *fill*         0x0000000008002b26        0x2 
 .text._ZSt14get_unexpectedv
                0x0000000008002b28       0x10 e:/tools/bin/../lib/gcc/arm-none-eabi/9.3.1/../../../../arm-none-eabi/lib/thumb/v7e-m+fp/hard\libstdc++_nano.a(eh_terminate.o)
                0x0000000008002b28                std::get_unexpected()
 .text._ZSt10unexpectedv
                0x0000000008002b38        0xa e:/tools/bin/../lib/gcc/arm-none-eabi/9.3.1/../../../../arm-none-eabi/lib/thumb/v7e-m+fp/hard\libstdc++_nano.a(eh_terminate.o)
                0x0000000008002b38                std::unexpected()
 .text._ZN10__cxxabiv1L24__is_gxx_exception_classEPc
                0x0000000008002b42       0x3a e:/tools/bin/../lib/gcc/arm-none-eabi/9.3.1/../../../../arm-none-eabi/lib/thumb/v7e-m+fp/hard\libstdc++_nano.a(eh_arm.o)
 .text.__cxa_type_match
                0x0000000008002b7c       0xbc e:/tools/bin/../lib/gcc/arm-none-eabi/9.3.1/../../../../arm-none-eabi/lib/thumb/v7e-m+fp/hard\libstdc++_nano.a(eh_arm.o)
                0x0000000008002b7c                __cxa_type_match
 .text.__cxa_begin_cleanup
                0x0000000008002c38       0x3a e:/tools/bin/../lib/gcc/arm-none-eabi/9.3.1/../../../../arm-none-eabi/lib/thumb/v7e-m+fp/hard\libstdc++_nano.a(eh_arm.o)
                0x0000000008002c38                __cxa_begin_cleanup
 .text._ZN10__cxxabiv1L24__is_gxx_exception_classEPc
                0x0000000008002c72       0x3a e:/tools/bin/../lib/gcc/arm-none-eabi/9.3.1/../../../../arm-none-eabi/lib/thumb/v7e-m+fp/hard\libstdc++_nano.a(eh_call.o)
 .text.__cxa_call_terminate
                0x0000000008002cac       0x1e e:/tools/bin/../lib/gcc/arm-none-eabi/9.3.1/../../../../arm-none-eabi/lib/thumb/v7e-m+fp/hard\libstdc++_nano.a(eh_call.o)
                0x0000000008002cac                __cxa_call_terminate
 .text.__cxa_call_unexpected
                0x0000000008002cca       0x28 e:/tools/bin/../lib/gcc/arm-none-eabi/9.3.1/../../../../arm-none-eabi/lib/thumb/v7e-m+fp/hard\libstdc++_nano.a(eh_call.o)
                0x0000000008002cca                __cxa_call_unexpected
 .text._ZN10__cxxabiv1L24__is_gxx_exception_classEPc
                0x0000000008002cf2       0x3a e:/tools/bin/../lib/gcc/arm-none-eabi/9.3.1/../../../../arm-none-eabi/lib/thumb/v7e-m+fp/hard\libstdc++_nano.a(eh_catch.o)
 .text.__cxa_begin_catch
                0x0000000008002d2c       0x52 e:/tools/bin/../lib/gcc/arm-none-eabi/9.3.1/../../../../arm-none-eabi/lib/thumb/v7e-m+fp/hard\libstdc++_nano.a(eh_catch.o)
                0x0000000008002d2c                __cxa_begin_catch
 *fill*         0x0000000008002d7e        0x2 
 .text.__cxa_get_globals
                0x0000000008002d80        0x8 e:/tools/bin/../lib/gcc/arm-none-eabi/9.3.1/../../../../arm-none-eabi/lib/thumb/v7e-m+fp/hard\libstdc++_nano.a(eh_globals.o)
                0x0000000008002d80                __cxa_get_globals
 .text._ZN10__cxxabiv120__si_class_type_infoD2Ev
                0x0000000008002d88       0x14 e:/tools/bin/../lib/gcc/arm-none-eabi/9.3.1/../../../../arm-none-eabi/lib/thumb/v7e-m+fp/hard\libstdc++_nano.a(si_class_type_info.o)
                0x0000000008002d88                __cxxabiv1::__si_class_type_info::~__si_class_type_info()
                0x0000000008002d88                __cxxabiv1::__si_class_type_info::~__si_class_type_info()
 .text._ZN10__cxxabiv120__si_class_type_infoD0Ev
                0x0000000008002d9c       0x14 e:/tools/bin/../lib/gcc/arm-none-eabi/9.3.1/../../../../arm-none-eabi/lib/thumb/v7e-m+fp/hard\libstdc++_nano.a(si_class_type_info.o)
                0x0000000008002d9c                __cxxabiv1::__si_class_type_info::~__si_class_type_info()
 .text._ZNK10__cxxabiv120__si_class_type_info20__do_find_public_srcEiPKvPKNS_17__class_type_infoES2_
                0x0000000008002db0       0x38 e:/tools/bin/../lib/gcc/arm-none-eabi/9.3.1/../../../../arm-none-eabi/lib/thumb/v7e-m+fp/hard\libstdc++_nano.a(si_class_type_info.o)
                0x0000000008002db0                __cxxabiv1::__si_class_type_info::__do_find_public_src(int, void const*, __cxxabiv1::__class_type_info const*, void const*) const
 .text._ZNK10__cxxabiv120__si_class_type_info12__do_dyncastEiNS_17__class_type_info10__sub_kindEPKS1_PKvS4_S6_RNS1_16__dyncast_resultE
                0x0000000008002de8       0x74 e:/tools/bin/../lib/gcc/arm-none-eabi/9.3.1/../../../../arm-none-eabi/lib/thumb/v7e-m+fp/hard\libstdc++_nano.a(si_class_type_info.o)
                0x0000000008002de8                __cxxabiv1::__si_class_type_info::__do_dyncast(int, __cxxabiv1::__class_type_info::__sub_kind, __cxxabiv1::__class_type_info const*, void const*, __cxxabiv1::__class_type_info const*, void const*, __cxxabiv1::__class_type_info::__dyncast_result&) const
 .text._ZNK10__cxxabiv120__si_class_type_info11__do_upcastEPKNS_17__class_type_infoEPKvRNS1_15__upcast_resultE
                0x0000000008002e5c       0x2a e:/tools/bin/../lib/gcc/arm-none-eabi/9.3.1/../../../../arm-none-eabi/lib/thumb/v7e-m+fp/hard\libstdc++_nano.a(si_class_type_info.o)
                0x0000000008002e5c                __cxxabiv1::__si_class_type_info::__do_upcast(__cxxabiv1::__class_type_info const*, void const*, __cxxabiv1::__class_type_info::__upcast_result&) const
 .text._ZNSt9type_infoD2Ev
                0x0000000008002e86        0x2 e:/tools/bin/../lib/gcc/arm-none-eabi/9.3.1/../../../../arm-none-eabi/lib/thumb/v7e-m+fp/hard\libstdc++_nano.a(tinfo.o)
                0x0000000008002e86                std::type_info::~type_info()
                0x0000000008002e86                std::type_info::~type_info()
 .text._ZNKSt9type_info14__is_pointer_pEv
                0x0000000008002e88        0x4 e:/tools/bin/../lib/gcc/arm-none-eabi/9.3.1/../../../../arm-none-eabi/lib/thumb/v7e-m+fp/hard\libstdc++_nano.a(tinfo.o)
                0x0000000008002e88                std::type_info::__is_pointer_p() const
                0x0000000008002e88                std::type_info::__is_function_p() const
 .text._ZNKSt9type_infoeqERKS_
                0x0000000008002e8c       0x2c e:/tools/bin/../lib/gcc/arm-none-eabi/9.3.1/../../../../arm-none-eabi/lib/thumb/v7e-m+fp/hard\libstdc++_nano.a(tinfo.o)
                0x0000000008002e8c                std::type_info::operator==(std::type_info const&) const
 .text._ZNK10__cxxabiv117__class_type_info11__do_upcastEPKS0_PPv
                0x0000000008002eb8       0x34 e:/tools/bin/../lib/gcc/arm-none-eabi/9.3.1/../../../../arm-none-eabi/lib/thumb/v7e-m+fp/hard\libstdc++_nano.a(class_type_info.o)
                0x0000000008002eb8                __cxxabiv1::__class_type_info::__do_upcast(__cxxabiv1::__class_type_info const*, void**) const
 .text._ZNK10__cxxabiv117__class_type_info20__do_find_public_srcEiPKvPKS0_S2_
                0x0000000008002eec        0xc e:/tools/bin/../lib/gcc/arm-none-eabi/9.3.1/../../../../arm-none-eabi/lib/thumb/v7e-m+fp/hard\libstdc++_nano.a(class_type_info.o)
                0x0000000008002eec                __cxxabiv1::__class_type_info::__do_find_public_src(int, void const*, __cxxabiv1::__class_type_info const*, void const*) const
 .text._ZN10__cxxabiv117__class_type_infoD2Ev
                0x0000000008002ef8       0x14 e:/tools/bin/../lib/gcc/arm-none-eabi/9.3.1/../../../../arm-none-eabi/lib/thumb/v7e-m+fp/hard\libstdc++_nano.a(class_type_info.o)
                0x0000000008002ef8                __cxxabiv1::__class_type_info::~__class_type_info()
                0x0000000008002ef8                __cxxabiv1::__class_type_info::~__class_type_info()
 .text._ZN10__cxxabiv117__class_type_infoD0Ev
                0x0000000008002f0c       0x14 e:/tools/bin/../lib/gcc/arm-none-eabi/9.3.1/../../../../arm-none-eabi/lib/thumb/v7e-m+fp/hard\libstdc++_nano.a(class_type_info.o)
                0x0000000008002f0c                __cxxabiv1::__class_type_info::~__class_type_info()
 .text._ZNK10__cxxabiv117__class_type_info12__do_dyncastEiNS0_10__sub_kindEPKS0_PKvS3_S5_RNS0_16__dyncast_resultE
                0x0000000008002f20       0x3e e:/tools/bin/../lib/gcc/arm-none-eabi/9.3.1/../../../../arm-none-eabi/lib/thumb/v7e-m+fp/hard\libstdc++_nano.a(class_type_info.o)
                0x0000000008002f20                __cxxabiv1::__class_type_info::__do_dyncast(int, __cxxabiv1::__class_type_info::__sub_kind, __cxxabiv1::__class_type_info const*, void const*, __cxxabiv1::__class_type_info const*, void const*, __cxxabiv1::__class_type_info::__dyncast_result&) const
 .text._ZNK10__cxxabiv117__class_type_info11__do_upcastEPKS0_PKvRNS0_15__upcast_resultE
                0x0000000008002f5e       0x18 e:/tools/bin/../lib/gcc/arm-none-eabi/9.3.1/../../../../arm-none-eabi/lib/thumb/v7e-m+fp/hard\libstdc++_nano.a(class_type_info.o)
                0x0000000008002f5e                __cxxabiv1::__class_type_info::__do_upcast(__cxxabiv1::__class_type_info const*, void const*, __cxxabiv1::__class_type_info::__upcast_result&) const
 .text._ZNK10__cxxabiv117__class_type_info10__do_catchEPKSt9type_infoPPvj
                0x0000000008002f76       0x2a e:/tools/bin/../lib/gcc/arm-none-eabi/9.3.1/../../../../arm-none-eabi/lib/thumb/v7e-m+fp/hard\libstdc++_nano.a(class_type_info.o)
                0x0000000008002f76                __cxxabiv1::__class_type_info::__do_catch(std::type_info const*, void**, unsigned int) const
 .text._ZdlPvj  0x0000000008002fa0        0x4 e:/tools/bin/../lib/gcc/arm-none-eabi/9.3.1/../../../../arm-none-eabi/lib/thumb/v7e-m+fp/hard\libstdc++_nano.a(del_ops.o)
                0x0000000008002fa0                operator delete(void*, unsigned int)
 .text.unlikely
                0x0000000008002fa4        0xc e:/tools/bin/../lib/gcc/arm-none-eabi/9.3.1/thumb/v7e-m+fp/hard\libgcc.a(pr-support.o)
                0x0000000008002fa4                _Unwind_GetDataRelBase
                0x0000000008002faa                _Unwind_GetTextRelBase
 .text.abort    0x0000000008002fb0        0xe e:/tools/bin/../lib/gcc/arm-none-eabi/9.3.1/../../../../arm-none-eabi/lib/thumb/v7e-m+fp/hard\libc_nano.a(lib_a-abort.o)
                0x0000000008002fb0                abort
 *fill*         0x0000000008002fbe        0x2 
 .text.free     0x0000000008002fc0       0x10 e:/tools/bin/../lib/gcc/arm-none-eabi/9.3.1/../../../../arm-none-eabi/lib/thumb/v7e-m+fp/hard\libc_nano.a(lib_a-malloc.o)
                0x0000000008002fc0                free
 .text.memcpy   0x0000000008002fd0       0x1c e:/tools/bin/../lib/gcc/arm-none-eabi/9.3.1/../../../../arm-none-eabi/lib/thumb/v7e-m+fp/hard\libc_nano.a(lib_a-memcpy-stub.o)
                0x0000000008002fd0                memcpy
 .text.memset   0x0000000008002fec       0x10 e:/tools/bin/../lib/gcc/arm-none-eabi/9.3.1/../../../../arm-none-eabi/lib/thumb/v7e-m+fp/hard\libc_nano.a(lib_a-memset.o)
                0x0000000008002fec                memset
 .text._free_r  0x0000000008002ffc       0xa0 e:/tools/bin/../lib/gcc/arm-none-eabi/9.3.1/../../../../arm-none-eabi/lib/thumb/v7e-m+fp/hard\libc_nano.a(lib_a-nano-freer.o)
                0x0000000008002ffc                _free_r
 .text._raise_r
                0x000000000800309c       0x50 e:/tools/bin/../lib/gcc/arm-none-eabi/9.3.1/../../../../arm-none-eabi/lib/thumb/v7e-m+fp/hard\libc_nano.a(lib_a-signal.o)
                0x000000000800309c                _raise_r
 .text.raise    0x00000000080030ec       0x10 e:/tools/bin/../lib/gcc/arm-none-eabi/9.3.1/../../../../arm-none-eabi/lib/thumb/v7e-m+fp/hard\libc_nano.a(lib_a-signal.o)
                0x00000000080030ec                raise
 .text._kill_r  0x00000000080030fc       0x24 e:/tools/bin/../lib/gcc/arm-none-eabi/9.3.1/../../../../arm-none-eabi/lib/thumb/v7e-m+fp/hard\libc_nano.a(lib_a-signalr.o)
                0x00000000080030fc                _kill_r
 .text._getpid_r
                0x0000000008003120        0x4 e:/tools/bin/../lib/gcc/arm-none-eabi/9.3.1/../../../../arm-none-eabi/lib/thumb/v7e-m+fp/hard\libc_nano.a(lib_a-signalr.o)
                0x0000000008003120                _getpid_r
 .text.__malloc_lock
                0x0000000008003124        0xc e:/tools/bin/../lib/gcc/arm-none-eabi/9.3.1/../../../../arm-none-eabi/lib/thumb/v7e-m+fp/hard\libc_nano.a(lib_a-mlock.o)
                0x0000000008003124                __malloc_lock
 .text.__malloc_unlock
                0x0000000008003130        0xc e:/tools/bin/../lib/gcc/arm-none-eabi/9.3.1/../../../../arm-none-eabi/lib/thumb/v7e-m+fp/hard\libc_nano.a(lib_a-mlock.o)
                0x0000000008003130                __malloc_unlock
 .text.__retarget_lock_acquire_recursive
                0x000000000800313c        0x2 e:/tools/bin/../lib/gcc/arm-none-eabi/9.3.1/../../../../arm-none-eabi/lib/thumb/v7e-m+fp/hard\libc_nano.a(lib_a-lock.o)
                0x000000000800313c                __retarget_lock_acquire_recursive
 .text.__retarget_lock_release_recursive
                0x000000000800313e        0x2 e:/tools/bin/../lib/gcc/arm-none-eabi/9.3.1/../../../../arm-none-eabi/lib/thumb/v7e-m+fp/hard\libc_nano.a(lib_a-lock.o)
                0x000000000800313e                __retarget_lock_release_recursive
 .text._getpid  0x0000000008003140       0x10 e:/tools/bin/../lib/gcc/arm-none-eabi/9.3.1/../../../../arm-none-eabi/lib/thumb/v7e-m+fp/hard\libnosys.a(getpid.o)
                0x0000000008003140                _getpid
 .text._kill    0x0000000008003150       0x10 e:/tools/bin/../lib/gcc/arm-none-eabi/9.3.1/../../../../arm-none-eabi/lib/thumb/v7e-m+fp/hard\libnosys.a(kill.o)
                0x0000000008003150                _kill
 .text._exit    0x0000000008003160        0x2 e:/tools/bin/../lib/gcc/arm-none-eabi/9.3.1/../../../../arm-none-eabi/lib/thumb/v7e-m+fp/hard\libnosys.a(_exit.o)
                0x0000000008003160                _exit
 *(.glue_7)
 .glue_7        0x0000000008003162        0x0 linker stubs
 *(.glue_7t)
 .glue_7t       0x0000000008003162        0x0 linker stubs
 *(.eh_frame)
 *fill*         0x0000000008003162        0x2 
 .eh_frame      0x0000000008003164        0x0 e:/tools/bin/../lib/gcc/arm-none-eabi/9.3.1/thumb/v7e-m+fp/hard/crtbegin.o
 *(.init)
 .init          0x0000000008003164        0x4 e:/tools/bin/../lib/gcc/arm-none-eabi/9.3.1/thumb/v7e-m+fp/hard/crti.o
                0x0000000008003164                _init
 .init          0x0000000008003168        0x8 e:/tools/bin/../lib/gcc/arm-none-eabi/9.3.1/thumb/v7e-m+fp/hard/crtn.o
 *(.fini)
 .fini          0x0000000008003170        0x4 e:/tools/bin/../lib/gcc/arm-none-eabi/9.3.1/thumb/v7e-m+fp/hard/crti.o
                0x0000000008003170                _fini
 .fini          0x0000000008003174        0x8 e:/tools/bin/../lib/gcc/arm-none-eabi/9.3.1/thumb/v7e-m+fp/hard/crtn.o
                0x000000000800317c                . = ALIGN (0x4)
                0x000000000800317c                _etext = .

.vfp11_veneer   0x000000000800317c        0x0
 .vfp11_veneer  0x000000000800317c        0x0 linker stubs

.v4_bx          0x000000000800317c        0x0
 .v4_bx         0x000000000800317c        0x0 linker stubs

.iplt           0x000000000800317c        0x0
 .iplt          0x000000000800317c        0x0 e:/tools/bin/../lib/gcc/arm-none-eabi/9.3.1/thumb/v7e-m+fp/hard/crtbegin.o

.rodata         0x000000000800317c      0x178
                0x000000000800317c                . = ALIGN (0x4)
 *(.rodata)
 .rodata        0x000000000800317c       0x24 CMakeFiles/stm32f4.elf.dir/src/main.cpp.obj
 *(.rodata*)
 .rodata._ZN4Bass4mainEv.str1.4
                0x00000000080031a0       0x14 CMakeFiles/stm32f4.elf.dir/src/main.cpp.obj
 .rodata._Z23DMA1_Stream5_IRQHandlerv.str1.4
                0x00000000080031b4        0xa CMakeFiles/stm32f4.elf.dir/src/main.cpp.obj
 *fill*         0x00000000080031be        0x2 
 .rodata._Z23DMA1_Stream6_IRQHandlerv.str1.4
                0x00000000080031c0        0xa CMakeFiles/stm32f4.elf.dir/src/main.cpp.obj
 *fill*         0x00000000080031ca        0x2 
 .rodata._ZTIN10__cxxabiv115__forced_unwindE
                0x00000000080031cc        0x8 e:/tools/bin/../lib/gcc/arm-none-eabi/9.3.1/../../../../arm-none-eabi/lib/thumb/v7e-m+fp/hard\libstdc++_nano.a(eh_exception.o)
                0x00000000080031cc                typeinfo for __cxxabiv1::__forced_unwind
 .rodata._ZTIN10__cxxabiv119__foreign_exceptionE
                0x00000000080031d4        0x8 e:/tools/bin/../lib/gcc/arm-none-eabi/9.3.1/../../../../arm-none-eabi/lib/thumb/v7e-m+fp/hard\libstdc++_nano.a(eh_exception.o)
                0x00000000080031d4                typeinfo for __cxxabiv1::__foreign_exception
 .rodata._ZTSN10__cxxabiv115__forced_unwindE
                0x00000000080031dc       0x20 e:/tools/bin/../lib/gcc/arm-none-eabi/9.3.1/../../../../arm-none-eabi/lib/thumb/v7e-m+fp/hard\libstdc++_nano.a(eh_exception.o)
                0x00000000080031dc                typeinfo name for __cxxabiv1::__forced_unwind
 .rodata._ZTSN10__cxxabiv119__foreign_exceptionE
                0x00000000080031fc       0x24 e:/tools/bin/../lib/gcc/arm-none-eabi/9.3.1/../../../../arm-none-eabi/lib/thumb/v7e-m+fp/hard\libstdc++_nano.a(eh_exception.o)
                0x00000000080031fc                typeinfo name for __cxxabiv1::__foreign_exception
 .rodata._ZTIN10__cxxabiv120__si_class_type_infoE
                0x0000000008003220        0xc e:/tools/bin/../lib/gcc/arm-none-eabi/9.3.1/../../../../arm-none-eabi/lib/thumb/v7e-m+fp/hard\libstdc++_nano.a(si_class_type_info.o)
                0x0000000008003220                typeinfo for __cxxabiv1::__si_class_type_info
 .rodata._ZTSN10__cxxabiv120__si_class_type_infoE
                0x000000000800322c       0x25 e:/tools/bin/../lib/gcc/arm-none-eabi/9.3.1/../../../../arm-none-eabi/lib/thumb/v7e-m+fp/hard\libstdc++_nano.a(si_class_type_info.o)
                0x000000000800322c                typeinfo name for __cxxabiv1::__si_class_type_info
 *fill*         0x0000000008003251        0x3 
 .rodata._ZTVN10__cxxabiv120__si_class_type_infoE
                0x0000000008003254       0x2c e:/tools/bin/../lib/gcc/arm-none-eabi/9.3.1/../../../../arm-none-eabi/lib/thumb/v7e-m+fp/hard\libstdc++_nano.a(si_class_type_info.o)
                0x0000000008003254                vtable for __cxxabiv1::__si_class_type_info
 .rodata._ZTISt9type_info
                0x0000000008003280        0x8 e:/tools/bin/../lib/gcc/arm-none-eabi/9.3.1/../../../../arm-none-eabi/lib/thumb/v7e-m+fp/hard\libstdc++_nano.a(tinfo.o)
                0x0000000008003280                typeinfo for std::type_info
 .rodata._ZTSSt9type_info
                0x0000000008003288        0xd e:/tools/bin/../lib/gcc/arm-none-eabi/9.3.1/../../../../arm-none-eabi/lib/thumb/v7e-m+fp/hard\libstdc++_nano.a(tinfo.o)
                0x0000000008003288                typeinfo name for std::type_info
 *fill*         0x0000000008003295        0x3 
 .rodata._ZTIN10__cxxabiv117__class_type_infoE
                0x0000000008003298        0xc e:/tools/bin/../lib/gcc/arm-none-eabi/9.3.1/../../../../arm-none-eabi/lib/thumb/v7e-m+fp/hard\libstdc++_nano.a(class_type_info.o)
                0x0000000008003298                typeinfo for __cxxabiv1::__class_type_info
 .rodata._ZTSN10__cxxabiv117__class_type_infoE
                0x00000000080032a4       0x22 e:/tools/bin/../lib/gcc/arm-none-eabi/9.3.1/../../../../arm-none-eabi/lib/thumb/v7e-m+fp/hard\libstdc++_nano.a(class_type_info.o)
                0x00000000080032a4                typeinfo name for __cxxabiv1::__class_type_info
 *fill*         0x00000000080032c6        0x2 
 .rodata._ZTVN10__cxxabiv117__class_type_infoE
                0x00000000080032c8       0x2c e:/tools/bin/../lib/gcc/arm-none-eabi/9.3.1/../../../../arm-none-eabi/lib/thumb/v7e-m+fp/hard\libstdc++_nano.a(class_type_info.o)
                0x00000000080032c8                vtable for __cxxabiv1::__class_type_info
                0x00000000080032f4                . = ALIGN (0x4)

.ARM.extab      0x00000000080032f4       0x3c
                0x00000000080032f4                . = ALIGN (0x4)
 *(.ARM.extab* .gnu.linkonce.armextab.*)
 .ARM.extab.text._ZN7drivers5clock12ClockControlC2ERKNS0_9FrequencyE
                0x00000000080032f4        0x0 CMakeFiles/stm32f4.elf.dir/src/main.cpp.obj
 .ARM.extab.text.startup._ZN4Bass4mainEv
                0x00000000080032f4        0xc CMakeFiles/stm32f4.elf.dir/src/main.cpp.obj
 .ARM.extab.text._Z19TIM6_DAC_IRQHandlerv
                0x0000000008003300        0xc CMakeFiles/stm32f4.elf.dir/src/main.cpp.obj
 .ARM.extab.text._ZN7drivers5usart5USART11RemapUsart2Eh
                0x000000000800330c        0xc CMakeFiles/stm32f4.elf.dir/Drivers/USART/usart.cpp.obj
 .ARM.extab     0x0000000008003318       0x18 e:/tools/bin/../lib/gcc/arm-none-eabi/9.3.1/thumb/v7e-m+fp/hard\libgcc.a(pr-support.o)
                0x0000000008003330                . = ALIGN (0x4)

.ARM            0x0000000008003330       0xf8
                0x0000000008003330                . = ALIGN (0x4)
                0x0000000008003330                __exidx_start = .
 *(.ARM.exidx*)
 .ARM.exidx.text._ZN7drivers5clock12ClockControlC2ERKNS0_9FrequencyE
                0x00000000080033e8        0x0 CMakeFiles/stm32f4.elf.dir/src/main.cpp.obj
                                          0x8 (size before relaxing)
 .ARM.exidx.text.startup._ZN4Bass4mainEv
                0x00000000080033e8        0x8 CMakeFiles/stm32f4.elf.dir/src/main.cpp.obj
 .ARM.exidx.text._Z16EXTI0_IRQHandlerv
                0x00000000080033f0        0x8 CMakeFiles/stm32f4.elf.dir/src/main.cpp.obj
 .ARM.exidx.text._Z17USART1_IRQHandlerv
                0x00000000080033f8        0x0 CMakeFiles/stm32f4.elf.dir/src/main.cpp.obj
                                          0x8 (size before relaxing)
 .ARM.exidx.text._Z17USART2_IRQHandlerv
                0x00000000080033f8        0x8 CMakeFiles/stm32f4.elf.dir/src/main.cpp.obj
 .ARM.exidx.text._Z17OTG_FS_IRQHandlerv
                0x0000000008003400        0x8 CMakeFiles/stm32f4.elf.dir/src/main.cpp.obj
 .ARM.exidx.text._Z19TIM6_DAC_IRQHandlerv
                0x0000000008003408        0x8 CMakeFiles/stm32f4.elf.dir/src/main.cpp.obj
 .ARM.exidx.text._Z23DMA1_Stream5_IRQHandlerv
                0x0000000008003410        0x8 CMakeFiles/stm32f4.elf.dir/src/main.cpp.obj
 .ARM.exidx.text._Z23DMA1_Stream6_IRQHandlerv
                0x0000000008003418        0x0 CMakeFiles/stm32f4.elf.dir/src/main.cpp.obj
                                          0x8 (size before relaxing)
 .ARM.exidx.text._ZN4libs4CoutC2ERN7drivers5usart5USARTE
                0x0000000008003418        0x0 CMakeFiles/stm32f4.elf.dir/libs/print/cout.cpp.obj
                                          0x8 (size before relaxing)
 .ARM.exidx.text._ZN4libs4CoutlsENSt7__cxx1112basic_stringIcSt11char_traitsIcESaIcEEE
                0x0000000008003418        0x0 CMakeFiles/stm32f4.elf.dir/libs/print/cout.cpp.obj
                                          0x8 (size before relaxing)
 .ARM.exidx.text._ZN4libs4CoutlsEm
                0x0000000008003418        0x0 CMakeFiles/stm32f4.elf.dir/libs/print/cout.cpp.obj
                                          0x8 (size before relaxing)
 .ARM.exidx.text._ZN4libs4CoutlsENS0_8CommandsE
                0x0000000008003418        0x0 CMakeFiles/stm32f4.elf.dir/libs/print/cout.cpp.obj
                                          0x8 (size before relaxing)
 .ARM.exidx.text._ZN7drivers4port4GPIOC2ERKNS_5clock12ClockControlENS0_14ADDRESSES_PORTE
                0x0000000008003418        0x0 CMakeFiles/stm32f4.elf.dir/Drivers/GPIO/gpio.cpp.obj
                                          0x8 (size before relaxing)
 .ARM.exidx.text._ZNK7drivers4port4GPIO11SetPinSpeedENS0_10PIN_NUMBERENS0_8PIN_SEEDE
                0x0000000008003418        0x0 CMakeFiles/stm32f4.elf.dir/Drivers/GPIO/gpio.cpp.obj
                                          0x8 (size before relaxing)
 .ARM.exidx.text._ZNK7drivers4port4GPIO8SetAFPinENS0_10PIN_NUMBERENS0_18ALTERNATE_FUNCTIONE
                0x0000000008003418        0x0 CMakeFiles/stm32f4.elf.dir/Drivers/GPIO/gpio.cpp.obj
                                          0x8 (size before relaxing)
 .ARM.exidx.text._ZNK7drivers4port4GPIO10SetPinModeENS0_10PIN_NUMBERENS0_10PORT_MODERE
                0x0000000008003418        0x0 CMakeFiles/stm32f4.elf.dir/Drivers/GPIO/gpio.cpp.obj
                                          0x8 (size before relaxing)
 .ARM.exidx.text._ZNK7drivers4port4GPIO6SetPinENS0_10PIN_NUMBERENS0_10STATUS_PINE
                0x0000000008003418        0x0 CMakeFiles/stm32f4.elf.dir/Drivers/GPIO/gpio.cpp.obj
                                          0x8 (size before relaxing)
 .ARM.exidx.text._ZNK7drivers4port4GPIO7InitPinENS0_10PIN_NUMBERENS0_10PORT_MODERE
                0x0000000008003418        0x0 CMakeFiles/stm32f4.elf.dir/Drivers/GPIO/gpio.cpp.obj
                                          0x8 (size before relaxing)
 .ARM.exidx.text._ZNK7drivers4port4GPIO9TogglePinENS0_10PIN_NUMBERE
                0x0000000008003418        0x0 CMakeFiles/stm32f4.elf.dir/Drivers/GPIO/gpio.cpp.obj
                                          0x8 (size before relaxing)
 .ARM.exidx.text._ZN7drivers5usart5USART11RemapUsart2Eh
                0x0000000008003418        0x8 CMakeFiles/stm32f4.elf.dir/Drivers/USART/usart.cpp.obj
 .ARM.exidx.text._ZN7drivers5usart5USART13SetWordLengthENS0_11WORD_LENGTHE
                0x0000000008003420        0x8 CMakeFiles/stm32f4.elf.dir/Drivers/USART/usart.cpp.obj
 .ARM.exidx.text._ZN7drivers5usart5USART14ReceiverEnableENS0_6STATUSE
                0x0000000008003428        0x0 CMakeFiles/stm32f4.elf.dir/Drivers/USART/usart.cpp.obj
                                          0x8 (size before relaxing)
 .ARM.exidx.text._ZN7drivers5usart5USART17TransmitterEnableENS0_6STATUSE
                0x0000000008003428        0x0 CMakeFiles/stm32f4.elf.dir/Drivers/USART/usart.cpp.obj
                                          0x8 (size before relaxing)
 .ARM.exidx.text._ZN7drivers5usart5USART11UsartEnableENS0_6STATUSE
                0x0000000008003428        0x0 CMakeFiles/stm32f4.elf.dir/Drivers/USART/usart.cpp.obj
                                          0x8 (size before relaxing)
 .ARM.exidx.text._ZN7drivers5usart5USART11SetBaudRateENS0_9BAUD_RATEEm
                0x0000000008003428        0x0 CMakeFiles/stm32f4.elf.dir/Drivers/USART/usart.cpp.obj
                                          0x8 (size before relaxing)
 .ARM.exidx.text._ZN7drivers5usart5USART12TransmitDataEh
                0x0000000008003428        0x0 CMakeFiles/stm32f4.elf.dir/Drivers/USART/usart.cpp.obj
                                          0x8 (size before relaxing)
 .ARM.exidx.text._ZN7drivers5usart5USART14TransmitStringEPvj
                0x0000000008003428        0x0 CMakeFiles/stm32f4.elf.dir/Drivers/USART/usart.cpp.obj
                                          0x8 (size before relaxing)
 .ARM.exidx.text._ZN7drivers5usart5USART11ReceiveDataEv
                0x0000000008003428        0x0 CMakeFiles/stm32f4.elf.dir/Drivers/USART/usart.cpp.obj
                                          0x8 (size before relaxing)
 .ARM.exidx.text._ZN7drivers5usart5USART10IsBusyFlagEv
                0x0000000008003428        0x0 CMakeFiles/stm32f4.elf.dir/Drivers/USART/usart.cpp.obj
                                          0x8 (size before relaxing)
 .ARM.exidx.text._ZN7drivers5usart5USART9ClearFlagENS0_13SR_clear_flagE
                0x0000000008003428        0x0 CMakeFiles/stm32f4.elf.dir/Drivers/USART/usart.cpp.obj
                                          0x8 (size before relaxing)
 .ARM.exidx.text._ZN7drivers5usart5USART9SetRXNEIEENS0_6STATUSE
                0x0000000008003428        0x0 CMakeFiles/stm32f4.elf.dir/Drivers/USART/usart.cpp.obj
                                          0x8 (size before relaxing)
 .ARM.exidx.text._ZN7drivers5usart5USART12InitUsartDmaERKNS_3dma3DMAENS2_10DMA_ConfigEbb
                0x0000000008003428        0x0 CMakeFiles/stm32f4.elf.dir/Drivers/USART/usart.cpp.obj
                                          0x8 (size before relaxing)
 .ARM.exidx.text._ZN7drivers5usart5USART15TransmitDataDmaERNS_3dma3DMAEPht
                0x0000000008003428        0x0 CMakeFiles/stm32f4.elf.dir/Drivers/USART/usart.cpp.obj
                                          0x8 (size before relaxing)
 .ARM.exidx.text._ZN7drivers5usart5USART14ReceiveDataDmaERNS_3dma3DMAEPht
                0x0000000008003428        0x0 CMakeFiles/stm32f4.elf.dir/Drivers/USART/usart.cpp.obj
                                          0x8 (size before relaxing)
 .ARM.exidx.text._ZN7drivers4nvic4NVICC2Ev
                0x0000000008003428        0x0 CMakeFiles/stm32f4.elf.dir/Drivers/NVIC/nvic.cpp.obj
                                          0x8 (size before relaxing)
 .ARM.exidx.text._ZN7drivers4nvic4NVIC14NVIC_EnableIRQENS0_9LINE_IRQnE
                0x0000000008003428        0x0 CMakeFiles/stm32f4.elf.dir/Drivers/NVIC/nvic.cpp.obj
                                          0x8 (size before relaxing)
 .ARM.exidx.text._Z11NMI_Handlerv
                0x0000000008003428        0x0 CMakeFiles/stm32f4.elf.dir/Drivers/Startup/StartupSTM32F407.cpp.obj
                                          0x8 (size before relaxing)
 .ARM.exidx.text._Z17HardFault_Handlerv
                0x0000000008003428        0x0 CMakeFiles/stm32f4.elf.dir/Drivers/Startup/StartupSTM32F407.cpp.obj
                                          0x8 (size before relaxing)
 .ARM.exidx.text._Z17MemManage_Handlerv
                0x0000000008003428        0x0 CMakeFiles/stm32f4.elf.dir/Drivers/Startup/StartupSTM32F407.cpp.obj
                                          0x8 (size before relaxing)
 .ARM.exidx.text._Z16BusFault_Handlerv
                0x0000000008003428        0x0 CMakeFiles/stm32f4.elf.dir/Drivers/Startup/StartupSTM32F407.cpp.obj
                                          0x8 (size before relaxing)
 .ARM.exidx.text._Z18UsageFault_Handlerv
                0x0000000008003428        0x0 CMakeFiles/stm32f4.elf.dir/Drivers/Startup/StartupSTM32F407.cpp.obj
                                          0x8 (size before relaxing)
 .ARM.exidx.text._Z11SVC_Handlerv
                0x0000000008003428        0x0 CMakeFiles/stm32f4.elf.dir/Drivers/Startup/StartupSTM32F407.cpp.obj
                                          0x8 (size before relaxing)
 .ARM.exidx.text._Z16DebugMon_Handlerv
                0x0000000008003428        0x0 CMakeFiles/stm32f4.elf.dir/Drivers/Startup/StartupSTM32F407.cpp.obj
                                          0x8 (size before relaxing)
 .ARM.exidx.text._Z14PendSV_Handlerv
                0x0000000008003428        0x0 CMakeFiles/stm32f4.elf.dir/Drivers/Startup/StartupSTM32F407.cpp.obj
                                          0x8 (size before relaxing)
 .ARM.exidx.text._Z15SysTick_Handlerv
                0x0000000008003428        0x0 CMakeFiles/stm32f4.elf.dir/Drivers/Startup/StartupSTM32F407.cpp.obj
                                          0x8 (size before relaxing)
 .ARM.exidx.text._Z15WWDG_IRQHandlerv
                0x0000000008003428        0x0 CMakeFiles/stm32f4.elf.dir/Drivers/Startup/StartupSTM32F407.cpp.obj
                                          0x8 (size before relaxing)
 .ARM.exidx.text._Z14PVD_IRQHandlerv
                0x0000000008003428        0x0 CMakeFiles/stm32f4.elf.dir/Drivers/Startup/StartupSTM32F407.cpp.obj
                                          0x8 (size before relaxing)
 .ARM.exidx.text._Z21TAMP_STAMP_IRQHandlerv
                0x0000000008003428        0x0 CMakeFiles/stm32f4.elf.dir/Drivers/Startup/StartupSTM32F407.cpp.obj
                                          0x8 (size before relaxing)
 .ARM.exidx.text._Z19RTC_WKUP_IRQHandlerv
                0x0000000008003428        0x0 CMakeFiles/stm32f4.elf.dir/Drivers/Startup/StartupSTM32F407.cpp.obj
                                          0x8 (size before relaxing)
 .ARM.exidx.text._Z16FLASH_IRQHandlerv
                0x0000000008003428        0x0 CMakeFiles/stm32f4.elf.dir/Drivers/Startup/StartupSTM32F407.cpp.obj
                                          0x8 (size before relaxing)
 .ARM.exidx.text._Z14RCC_IRQHandlerv
                0x0000000008003428        0x0 CMakeFiles/stm32f4.elf.dir/Drivers/Startup/StartupSTM32F407.cpp.obj
                                          0x8 (size before relaxing)
 .ARM.exidx.text._Z16EXTI1_IRQHandlerv
                0x0000000008003428        0x0 CMakeFiles/stm32f4.elf.dir/Drivers/Startup/StartupSTM32F407.cpp.obj
                                          0x8 (size before relaxing)
 .ARM.exidx.text._Z16EXTI2_IRQHandlerv
                0x0000000008003428        0x0 CMakeFiles/stm32f4.elf.dir/Drivers/Startup/StartupSTM32F407.cpp.obj
                                          0x8 (size before relaxing)
 .ARM.exidx.text._Z16EXTI3_IRQHandlerv
                0x0000000008003428        0x0 CMakeFiles/stm32f4.elf.dir/Drivers/Startup/StartupSTM32F407.cpp.obj
                                          0x8 (size before relaxing)
 .ARM.exidx.text._Z16EXTI4_IRQHandlerv
                0x0000000008003428        0x0 CMakeFiles/stm32f4.elf.dir/Drivers/Startup/StartupSTM32F407.cpp.obj
                                          0x8 (size before relaxing)
 .ARM.exidx.text._Z23DMA1_Stream0_IRQHandlerv
                0x0000000008003428        0x0 CMakeFiles/stm32f4.elf.dir/Drivers/Startup/StartupSTM32F407.cpp.obj
                                          0x8 (size before relaxing)
 .ARM.exidx.text._Z23DMA1_Stream1_IRQHandlerv
                0x0000000008003428        0x0 CMakeFiles/stm32f4.elf.dir/Drivers/Startup/StartupSTM32F407.cpp.obj
                                          0x8 (size before relaxing)
 .ARM.exidx.text._Z23DMA1_Stream2_IRQHandlerv
                0x0000000008003428        0x0 CMakeFiles/stm32f4.elf.dir/Drivers/Startup/StartupSTM32F407.cpp.obj
                                          0x8 (size before relaxing)
 .ARM.exidx.text._Z23DMA1_Stream3_IRQHandlerv
                0x0000000008003428        0x0 CMakeFiles/stm32f4.elf.dir/Drivers/Startup/StartupSTM32F407.cpp.obj
                                          0x8 (size before relaxing)
 .ARM.exidx.text._Z23DMA1_Stream4_IRQHandlerv
                0x0000000008003428        0x0 CMakeFiles/stm32f4.elf.dir/Drivers/Startup/StartupSTM32F407.cpp.obj
                                          0x8 (size before relaxing)
 .ARM.exidx.text._Z14ADC_IRQHandlerv
                0x0000000008003428        0x0 CMakeFiles/stm32f4.elf.dir/Drivers/Startup/StartupSTM32F407.cpp.obj
                                          0x8 (size before relaxing)
 .ARM.exidx.text._Z18CAN1_TX_IRQHandlerv
                0x0000000008003428        0x0 CMakeFiles/stm32f4.elf.dir/Drivers/Startup/StartupSTM32F407.cpp.obj
                                          0x8 (size before relaxing)
 .ARM.exidx.text._Z19CAN1_RX0_IRQHandlerv
                0x0000000008003428        0x0 CMakeFiles/stm32f4.elf.dir/Drivers/Startup/StartupSTM32F407.cpp.obj
                                          0x8 (size before relaxing)
 .ARM.exidx.text._Z19CAN1_RX1_IRQHandlerv
                0x0000000008003428        0x0 CMakeFiles/stm32f4.elf.dir/Drivers/Startup/StartupSTM32F407.cpp.obj
                                          0x8 (size before relaxing)
 .ARM.exidx.text._Z19CAN1_SCE_IRQHandlerv
                0x0000000008003428        0x0 CMakeFiles/stm32f4.elf.dir/Drivers/Startup/StartupSTM32F407.cpp.obj
                                          0x8 (size before relaxing)
 .ARM.exidx.text._Z18EXTI9_5_IRQHandlerv
                0x0000000008003428        0x0 CMakeFiles/stm32f4.elf.dir/Drivers/Startup/StartupSTM32F407.cpp.obj
                                          0x8 (size before relaxing)
 .ARM.exidx.text._Z24TIM1_BRK_TIM9_IRQHandlerv
                0x0000000008003428        0x0 CMakeFiles/stm32f4.elf.dir/Drivers/Startup/StartupSTM32F407.cpp.obj
                                          0x8 (size before relaxing)
 .ARM.exidx.text._Z24TIM1_UP_TIM10_IRQHandlerv
                0x0000000008003428        0x0 CMakeFiles/stm32f4.elf.dir/Drivers/Startup/StartupSTM32F407.cpp.obj
                                          0x8 (size before relaxing)
 .ARM.exidx.text._Z29TIM1_TRG_COM_TIM11_IRQHandlerv
                0x0000000008003428        0x0 CMakeFiles/stm32f4.elf.dir/Drivers/Startup/StartupSTM32F407.cpp.obj
                                          0x8 (size before relaxing)
 .ARM.exidx.text._Z18TIM1_CC_IRQHandlerv
                0x0000000008003428        0x0 CMakeFiles/stm32f4.elf.dir/Drivers/Startup/StartupSTM32F407.cpp.obj
                                          0x8 (size before relaxing)
 .ARM.exidx.text._Z15TIM2_IRQHandlerv
                0x0000000008003428        0x0 CMakeFiles/stm32f4.elf.dir/Drivers/Startup/StartupSTM32F407.cpp.obj
                                          0x8 (size before relaxing)
 .ARM.exidx.text._Z15TIM3_IRQHandlerv
                0x0000000008003428        0x0 CMakeFiles/stm32f4.elf.dir/Drivers/Startup/StartupSTM32F407.cpp.obj
                                          0x8 (size before relaxing)
 .ARM.exidx.text._Z15TIM4_IRQHandlerv
                0x0000000008003428        0x0 CMakeFiles/stm32f4.elf.dir/Drivers/Startup/StartupSTM32F407.cpp.obj
                                          0x8 (size before relaxing)
 .ARM.exidx.text._Z18I2C1_EV_IRQHandlerv
                0x0000000008003428        0x0 CMakeFiles/stm32f4.elf.dir/Drivers/Startup/StartupSTM32F407.cpp.obj
                                          0x8 (size before relaxing)
 .ARM.exidx.text._Z18I2C1_ER_IRQHandlerv
                0x0000000008003428        0x0 CMakeFiles/stm32f4.elf.dir/Drivers/Startup/StartupSTM32F407.cpp.obj
                                          0x8 (size before relaxing)
 .ARM.exidx.text._Z18I2C2_EV_IRQHandlerv
                0x0000000008003428        0x0 CMakeFiles/stm32f4.elf.dir/Drivers/Startup/StartupSTM32F407.cpp.obj
                                          0x8 (size before relaxing)
 .ARM.exidx.text._Z18I2C2_ER_IRQHandlerv
                0x0000000008003428        0x0 CMakeFiles/stm32f4.elf.dir/Drivers/Startup/StartupSTM32F407.cpp.obj
                                          0x8 (size before relaxing)
 .ARM.exidx.text._Z15SPI1_IRQHandlerv
                0x0000000008003428        0x0 CMakeFiles/stm32f4.elf.dir/Drivers/Startup/StartupSTM32F407.cpp.obj
                                          0x8 (size before relaxing)
 .ARM.exidx.text._Z15SPI2_IRQHandlerv
                0x0000000008003428        0x0 CMakeFiles/stm32f4.elf.dir/Drivers/Startup/StartupSTM32F407.cpp.obj
                                          0x8 (size before relaxing)
 .ARM.exidx.text._Z17USART3_IRQHandlerv
                0x0000000008003428        0x0 CMakeFiles/stm32f4.elf.dir/Drivers/Startup/StartupSTM32F407.cpp.obj
                                          0x8 (size before relaxing)
 .ARM.exidx.text._Z20EXTI15_10_IRQHandlerv
                0x0000000008003428        0x0 CMakeFiles/stm32f4.elf.dir/Drivers/Startup/StartupSTM32F407.cpp.obj
                                          0x8 (size before relaxing)
 .ARM.exidx.text._Z20RTC_Alarm_IRQHandlerv
                0x0000000008003428        0x0 CMakeFiles/stm32f4.elf.dir/Drivers/Startup/StartupSTM32F407.cpp.obj
                                          0x8 (size before relaxing)
 .ARM.exidx.text._Z22OTG_FS_WKUP_IRQHandlerv
                0x0000000008003428        0x0 CMakeFiles/stm32f4.elf.dir/Drivers/Startup/StartupSTM32F407.cpp.obj
                                          0x8 (size before relaxing)
 .ARM.exidx.text._Z25TIM8_BRK_TIM12_IRQHandlerv
                0x0000000008003428        0x0 CMakeFiles/stm32f4.elf.dir/Drivers/Startup/StartupSTM32F407.cpp.obj
                                          0x8 (size before relaxing)
 .ARM.exidx.text._Z24TIM8_UP_TIM13_IRQHandlerv
                0x0000000008003428        0x0 CMakeFiles/stm32f4.elf.dir/Drivers/Startup/StartupSTM32F407.cpp.obj
                                          0x8 (size before relaxing)
 .ARM.exidx.text._Z29TIM8_TRG_COM_TIM14_IRQHandlerv
                0x0000000008003428        0x0 CMakeFiles/stm32f4.elf.dir/Drivers/Startup/StartupSTM32F407.cpp.obj
                                          0x8 (size before relaxing)
 .ARM.exidx.text._Z18TIM8_CC_IRQHandlerv
                0x0000000008003428        0x0 CMakeFiles/stm32f4.elf.dir/Drivers/Startup/StartupSTM32F407.cpp.obj
                                          0x8 (size before relaxing)
 .ARM.exidx.text._Z23DMA1_Stream7_IRQHandlerv
                0x0000000008003428        0x0 CMakeFiles/stm32f4.elf.dir/Drivers/Startup/StartupSTM32F407.cpp.obj
                                          0x8 (size before relaxing)
 .ARM.exidx.text._Z15FSMC_IRQHandlerv
                0x0000000008003428        0x0 CMakeFiles/stm32f4.elf.dir/Drivers/Startup/StartupSTM32F407.cpp.obj
                                          0x8 (size before relaxing)
 .ARM.exidx.text._Z15SDIO_IRQHandlerv
                0x0000000008003428        0x0 CMakeFiles/stm32f4.elf.dir/Drivers/Startup/StartupSTM32F407.cpp.obj
                                          0x8 (size before relaxing)
 .ARM.exidx.text._Z15TIM5_IRQHandlerv
                0x0000000008003428        0x0 CMakeFiles/stm32f4.elf.dir/Drivers/Startup/StartupSTM32F407.cpp.obj
                                          0x8 (size before relaxing)
 .ARM.exidx.text._Z15SPI3_IRQHandlerv
                0x0000000008003428        0x0 CMakeFiles/stm32f4.elf.dir/Drivers/Startup/StartupSTM32F407.cpp.obj
                                          0x8 (size before relaxing)
 .ARM.exidx.text._Z16UART4_IRQHandlerv
                0x0000000008003428        0x0 CMakeFiles/stm32f4.elf.dir/Drivers/Startup/StartupSTM32F407.cpp.obj
                                          0x8 (size before relaxing)
 .ARM.exidx.text._Z16UART5_IRQHandlerv
                0x0000000008003428        0x0 CMakeFiles/stm32f4.elf.dir/Drivers/Startup/StartupSTM32F407.cpp.obj
                                          0x8 (size before relaxing)
 .ARM.exidx.text._Z15TIM7_IRQHandlerv
                0x0000000008003428        0x0 CMakeFiles/stm32f4.elf.dir/Drivers/Startup/StartupSTM32F407.cpp.obj
                                          0x8 (size before relaxing)
 .ARM.exidx.text._Z23DMA2_Stream0_IRQHandlerv
                0x0000000008003428        0x0 CMakeFiles/stm32f4.elf.dir/Drivers/Startup/StartupSTM32F407.cpp.obj
                                          0x8 (size before relaxing)
 .ARM.exidx.text._Z23DMA2_Stream1_IRQHandlerv
                0x0000000008003428        0x0 CMakeFiles/stm32f4.elf.dir/Drivers/Startup/StartupSTM32F407.cpp.obj
                                          0x8 (size before relaxing)
 .ARM.exidx.text._Z23DMA2_Stream2_IRQHandlerv
                0x0000000008003428        0x0 CMakeFiles/stm32f4.elf.dir/Drivers/Startup/StartupSTM32F407.cpp.obj
                                          0x8 (size before relaxing)
 .ARM.exidx.text._Z23DMA2_Stream3_IRQHandlerv
                0x0000000008003428        0x0 CMakeFiles/stm32f4.elf.dir/Drivers/Startup/StartupSTM32F407.cpp.obj
                                          0x8 (size before relaxing)
 .ARM.exidx.text._Z23DMA2_Stream4_IRQHandlerv
                0x0000000008003428        0x0 CMakeFiles/stm32f4.elf.dir/Drivers/Startup/StartupSTM32F407.cpp.obj
                                          0x8 (size before relaxing)
 .ARM.exidx.text._Z14ETH_IRQHandlerv
                0x0000000008003428        0x0 CMakeFiles/stm32f4.elf.dir/Drivers/Startup/StartupSTM32F407.cpp.obj
                                          0x8 (size before relaxing)
 .ARM.exidx.text._Z19ETH_WKUP_IRQHandlerv
                0x0000000008003428        0x0 CMakeFiles/stm32f4.elf.dir/Drivers/Startup/StartupSTM32F407.cpp.obj
                                          0x8 (size before relaxing)
 .ARM.exidx.text._Z18CAN2_TX_IRQHandlerv
                0x0000000008003428        0x0 CMakeFiles/stm32f4.elf.dir/Drivers/Startup/StartupSTM32F407.cpp.obj
                                          0x8 (size before relaxing)
 .ARM.exidx.text._Z19CAN2_RX0_IRQHandlerv
                0x0000000008003428        0x0 CMakeFiles/stm32f4.elf.dir/Drivers/Startup/StartupSTM32F407.cpp.obj
                                          0x8 (size before relaxing)
 .ARM.exidx.text._Z19CAN2_RX1_IRQHandlerv
                0x0000000008003428        0x0 CMakeFiles/stm32f4.elf.dir/Drivers/Startup/StartupSTM32F407.cpp.obj
                                          0x8 (size before relaxing)
 .ARM.exidx.text._Z19CAN2_SCE_IRQHandlerv
                0x0000000008003428        0x0 CMakeFiles/stm32f4.elf.dir/Drivers/Startup/StartupSTM32F407.cpp.obj
                                          0x8 (size before relaxing)
 .ARM.exidx.text._Z23DMA2_Stream5_IRQHandlerv
                0x0000000008003428        0x0 CMakeFiles/stm32f4.elf.dir/Drivers/Startup/StartupSTM32F407.cpp.obj
                                          0x8 (size before relaxing)
 .ARM.exidx.text._Z23DMA2_Stream6_IRQHandlerv
                0x0000000008003428        0x0 CMakeFiles/stm32f4.elf.dir/Drivers/Startup/StartupSTM32F407.cpp.obj
                                          0x8 (size before relaxing)
 .ARM.exidx.text._Z23DMA2_Stream7_IRQHandlerv
                0x0000000008003428        0x0 CMakeFiles/stm32f4.elf.dir/Drivers/Startup/StartupSTM32F407.cpp.obj
                                          0x8 (size before relaxing)
 .ARM.exidx.text._Z17USART6_IRQHandlerv
                0x0000000008003428        0x0 CMakeFiles/stm32f4.elf.dir/Drivers/Startup/StartupSTM32F407.cpp.obj
                                          0x8 (size before relaxing)
 .ARM.exidx.text._Z18I2C3_EV_IRQHandlerv
                0x0000000008003428        0x0 CMakeFiles/stm32f4.elf.dir/Drivers/Startup/StartupSTM32F407.cpp.obj
                                          0x8 (size before relaxing)
 .ARM.exidx.text._Z18I2C3_ER_IRQHandlerv
                0x0000000008003428        0x0 CMakeFiles/stm32f4.elf.dir/Drivers/Startup/StartupSTM32F407.cpp.obj
                                          0x8 (size before relaxing)
 .ARM.exidx.text._Z25OTG_HS_EP1_OUT_IRQHandlerv
                0x0000000008003428        0x0 CMakeFiles/stm32f4.elf.dir/Drivers/Startup/StartupSTM32F407.cpp.obj
                                          0x8 (size before relaxing)
 .ARM.exidx.text._Z24OTG_HS_EP1_IN_IRQHandlerv
                0x0000000008003428        0x0 CMakeFiles/stm32f4.elf.dir/Drivers/Startup/StartupSTM32F407.cpp.obj
                                          0x8 (size before relaxing)
 .ARM.exidx.text._Z22OTG_HS_WKUP_IRQHandlerv
                0x0000000008003428        0x0 CMakeFiles/stm32f4.elf.dir/Drivers/Startup/StartupSTM32F407.cpp.obj
                                          0x8 (size before relaxing)
 .ARM.exidx.text._Z17OTG_HS_IRQHandlerv
                0x0000000008003428        0x0 CMakeFiles/stm32f4.elf.dir/Drivers/Startup/StartupSTM32F407.cpp.obj
                                          0x8 (size before relaxing)
 .ARM.exidx.text._Z15DCMI_IRQHandlerv
                0x0000000008003428        0x0 CMakeFiles/stm32f4.elf.dir/Drivers/Startup/StartupSTM32F407.cpp.obj
                                          0x8 (size before relaxing)
 .ARM.exidx.text._Z19HASH_RNG_IRQHandlerv
                0x0000000008003428        0x0 CMakeFiles/stm32f4.elf.dir/Drivers/Startup/StartupSTM32F407.cpp.obj
                                          0x8 (size before relaxing)
 .ARM.exidx.text._Z14FPU_IRQHandlerv
                0x0000000008003428        0x0 CMakeFiles/stm32f4.elf.dir/Drivers/Startup/StartupSTM32F407.cpp.obj
                                          0x8 (size before relaxing)
 .ARM.exidx.text._Z13Reset_Handlerv
                0x0000000008003428        0x0 CMakeFiles/stm32f4.elf.dir/Drivers/Startup/StartupSTM32F407.cpp.obj
                                          0x8 (size before relaxing)
 .ARM.exidx.text._ZN7drivers4exti9EXIT_RTSR9ClearFlagENS1_11LINE_NUMBERE
                0x0000000008003428        0x0 CMakeFiles/stm32f4.elf.dir/Drivers/EXTI/exti.cpp.obj
                                          0x8 (size before relaxing)
 .ARM.exidx.text._ZNK7drivers5clock12ClockControl15InitTickSysTickEmm
                0x0000000008003428        0x0 CMakeFiles/stm32f4.elf.dir/Drivers/ClokControl/clockControl.cpp.obj
                                          0x8 (size before relaxing)
 .ARM.exidx.text._ZNK7drivers5clock12ClockControl17EnablePeripheralsERKNS0_9constants11PERIPHERALSE
                0x0000000008003428        0x0 CMakeFiles/stm32f4.elf.dir/Drivers/ClokControl/clockControl.cpp.obj
                                          0x8 (size before relaxing)
 .ARM.exidx.text._ZNK7drivers5clock12ClockControl10HSE_EnableEv
                0x0000000008003428        0x0 CMakeFiles/stm32f4.elf.dir/Drivers/ClokControl/clockControl.cpp.obj
                                          0x8 (size before relaxing)
 .ARM.exidx.text._ZNK7drivers5clock12ClockControl11HSE_IsReadyEv
                0x0000000008003428        0x0 CMakeFiles/stm32f4.elf.dir/Drivers/ClokControl/clockControl.cpp.obj
                                          0x8 (size before relaxing)
 .ARM.exidx.text._ZNK7drivers5clock12ClockControl14PLL_Config_SysEtttt
                0x0000000008003428        0x0 CMakeFiles/stm32f4.elf.dir/Drivers/ClokControl/clockControl.cpp.obj
                                          0x8 (size before relaxing)
 .ARM.exidx.text._ZN7drivers5clock12ClockControl13setBaseConfigESt5arrayIhLj4EERKNS0_9constants12PrescalerAHBERKNS4_12PrescalerAPBESA_
                0x0000000008003428        0x0 CMakeFiles/stm32f4.elf.dir/Drivers/ClokControl/clockControl.cpp.obj
                                          0x8 (size before relaxing)
 .ARM.exidx.text._ZNK7drivers5clock12ClockControl11HSI_DisableEv
                0x0000000008003428        0x0 CMakeFiles/stm32f4.elf.dir/Drivers/ClokControl/clockControl.cpp.obj
                                          0x8 (size before relaxing)
 .ARM.exidx.text._ZN7drivers5flash5Flash10SetLatencyEh
                0x0000000008003428        0x0 CMakeFiles/stm32f4.elf.dir/Drivers/FLASH/flash.cpp.obj