Archive member included to satisfy reference by file (symbol)

e:/tools/bin/../lib/gcc/arm-none-eabi/9.3.1/../../../../arm-none-eabi/lib/thumb/v7e-m+fp/hard\libstdc++_nano.a(del_op.o)
                              CMakeFiles/stm32f4.elf.dir/src/main.cpp.obj (operator delete(void*))
e:/tools/bin/../lib/gcc/arm-none-eabi/9.3.1/../../../../arm-none-eabi/lib/thumb/v7e-m+fp/hard\libstdc++_nano.a(eh_personality.o)
                              CMakeFiles/stm32f4.elf.dir/src/main.cpp.obj (__gxx_personality_v0)
e:/tools/bin/../lib/gcc/arm-none-eabi/9.3.1/../../../../arm-none-eabi/lib/thumb/v7e-m+fp/hard\libstdc++_nano.a(eh_terminate.o)
                              e:/tools/bin/../lib/gcc/arm-none-eabi/9.3.1/../../../../arm-none-eabi/lib/thumb/v7e-m+fp/hard\libstdc++_nano.a(eh_personality.o) (std::terminate())
e:/tools/bin/../lib/gcc/arm-none-eabi/9.3.1/../../../../arm-none-eabi/lib/thumb/v7e-m+fp/hard\libstdc++_nano.a(eh_unex_handler.o)
                              e:/tools/bin/../lib/gcc/arm-none-eabi/9.3.1/../../../../arm-none-eabi/lib/thumb/v7e-m+fp/hard\libstdc++_nano.a(eh_terminate.o) (__cxxabiv1::__unexpected_handler)
e:/tools/bin/../lib/gcc/arm-none-eabi/9.3.1/../../../../arm-none-eabi/lib/thumb/v7e-m+fp/hard\libstdc++_nano.a(functexcept.o)
                              CMakeFiles/stm32f4.elf.dir/src/main.cpp.obj (std::__throw_logic_error(char const*))
e:/tools/bin/../lib/gcc/arm-none-eabi/9.3.1/../../../../arm-none-eabi/lib/thumb/v7e-m+fp/hard\libstdc++_nano.a(snprintf_lite.o)
                              e:/tools/bin/../lib/gcc/arm-none-eabi/9.3.1/../../../../arm-none-eabi/lib/thumb/v7e-m+fp/hard\libstdc++_nano.a(functexcept.o) (__gnu_cxx::__snprintf_lite(char*, unsigned int, char const*, std::__va_list))
e:/tools/bin/../lib/gcc/arm-none-eabi/9.3.1/../../../../arm-none-eabi/lib/thumb/v7e-m+fp/hard\libstdc++_nano.a(string-inst.o)
                              CMakeFiles/stm32f4.elf.dir/src/main.cpp.obj (std::__cxx11::basic_string<char, std::char_traits<char>, std::allocator<char> >::_M_create(unsigned int&, unsigned int))
e:/tools/bin/../lib/gcc/arm-none-eabi/9.3.1/../../../../arm-none-eabi/lib/thumb/v7e-m+fp/hard\libstdc++_nano.a(eh_arm.o)
                              e:/tools/bin/../lib/gcc/arm-none-eabi/9.3.1/../../../../arm-none-eabi/lib/thumb/v7e-m+fp/hard\libstdc++_nano.a(eh_personality.o) (__cxa_type_match)
e:/tools/bin/../lib/gcc/arm-none-eabi/9.3.1/../../../../arm-none-eabi/lib/thumb/v7e-m+fp/hard\libstdc++_nano.a(eh_call.o)
                              e:/tools/bin/../lib/gcc/arm-none-eabi/9.3.1/../../../../arm-none-eabi/lib/thumb/v7e-m+fp/hard\libstdc++_nano.a(eh_personality.o) (__cxa_call_terminate)
e:/tools/bin/../lib/gcc/arm-none-eabi/9.3.1/../../../../arm-none-eabi/lib/thumb/v7e-m+fp/hard\libstdc++_nano.a(eh_catch.o)
                              e:/tools/bin/../lib/gcc/arm-none-eabi/9.3.1/../../../../arm-none-eabi/lib/thumb/v7e-m+fp/hard\libstdc++_nano.a(eh_call.o) (__cxa_begin_catch)
e:/tools/bin/../lib/gcc/arm-none-eabi/9.3.1/../../../../arm-none-eabi/lib/thumb/v7e-m+fp/hard\libstdc++_nano.a(eh_exception.o)
                              e:/tools/bin/../lib/gcc/arm-none-eabi/9.3.1/../../../../arm-none-eabi/lib/thumb/v7e-m+fp/hard\libstdc++_nano.a(eh_arm.o) (typeinfo for __cxxabiv1::__forced_unwind)
e:/tools/bin/../lib/gcc/arm-none-eabi/9.3.1/../../../../arm-none-eabi/lib/thumb/v7e-m+fp/hard\libstdc++_nano.a(eh_globals.o)
                              e:/tools/bin/../lib/gcc/arm-none-eabi/9.3.1/../../../../arm-none-eabi/lib/thumb/v7e-m+fp/hard\libstdc++_nano.a(eh_catch.o) (__cxa_get_globals_fast)
e:/tools/bin/../lib/gcc/arm-none-eabi/9.3.1/../../../../arm-none-eabi/lib/thumb/v7e-m+fp/hard\libstdc++_nano.a(eh_term_handler.o)
                              e:/tools/bin/../lib/gcc/arm-none-eabi/9.3.1/../../../../arm-none-eabi/lib/thumb/v7e-m+fp/hard\libstdc++_nano.a(eh_terminate.o) (__cxxabiv1::__terminate_handler)
e:/tools/bin/../lib/gcc/arm-none-eabi/9.3.1/../../../../arm-none-eabi/lib/thumb/v7e-m+fp/hard\libstdc++_nano.a(new_op.o)
                              e:/tools/bin/../lib/gcc/arm-none-eabi/9.3.1/../../../../arm-none-eabi/lib/thumb/v7e-m+fp/hard\libstdc++_nano.a(string-inst.o) (operator new(unsigned int))
e:/tools/bin/../lib/gcc/arm-none-eabi/9.3.1/../../../../arm-none-eabi/lib/thumb/v7e-m+fp/hard\libstdc++_nano.a(pure.o)
                              e:/tools/bin/../lib/gcc/arm-none-eabi/9.3.1/../../../../arm-none-eabi/lib/thumb/v7e-m+fp/hard\libstdc++_nano.a(eh_exception.o) (__cxa_pure_virtual)
e:/tools/bin/../lib/gcc/arm-none-eabi/9.3.1/../../../../arm-none-eabi/lib/thumb/v7e-m+fp/hard\libstdc++_nano.a(si_class_type_info.o)
                              e:/tools/bin/../lib/gcc/arm-none-eabi/9.3.1/../../../../arm-none-eabi/lib/thumb/v7e-m+fp/hard\libstdc++_nano.a(eh_exception.o) (vtable for __cxxabiv1::__si_class_type_info)
e:/tools/bin/../lib/gcc/arm-none-eabi/9.3.1/../../../../arm-none-eabi/lib/thumb/v7e-m+fp/hard\libstdc++_nano.a(tinfo.o)
[...]
Memory Configuration

Name             Origin             Length             Attributes
CCMRAM           0x0000000010000000 0x0000000000010000 xrw
RAM              0x0000000020000000 0x0000000000020000 xrw
FLASH            0x0000000008000000 0x0000000000080000 xr
*default*        0x0000000000000000 0xffffffffffffffff

Linker script and memory map

LOAD e:/tools/bin/../lib/gcc/arm-none-eabi/9.3.1/thumb/v7e-m+fp/hard/crti.o
LOAD e:/tools/bin/../lib/gcc/arm-none-eabi/9.3.1/thumb/v7e-m+fp/hard/crtbegin.o
LOAD e:/tools/bin/../lib/gcc/arm-none-eabi/9.3.1/../../../../arm-none-eabi/lib/thumb/v7e-m+fp/hard/crt0.o
LOAD CMakeFiles/stm32f4.elf.dir/src/main.cpp.obj
LOAD CMakeFiles/stm32f4.elf.dir/libs/print/cout.cpp.obj
LOAD CMakeFiles/stm32f4.elf.dir/Drivers/GPIO/gpio.cpp.obj
LOAD CMakeFiles/stm32f4.elf.dir/Drivers/USART/usart.cpp.obj
LOAD CMakeFiles/stm32f4.elf.dir/Drivers/NVIC/nvic.cpp.obj
LOAD CMakeFiles/stm32f4.elf.dir/Drivers/Startup/StartupSTM32F407.cpp.obj
LOAD CMakeFiles/stm32f4.elf.dir/Drivers/EXTI/exti.cpp.obj
LOAD CMakeFiles/stm32f4.elf.dir/Drivers/SYSCFG/syscfg.cpp.obj
LOAD CMakeFiles/stm32f4.elf.dir/Drivers/ClokControl/clockControl.cpp.obj
LOAD CMakeFiles/stm32f4.elf.dir/Drivers/ClokControl/systick.cpp.obj
LOAD CMakeFiles/stm32f4.elf.dir/Drivers/FLASH/flash.cpp.obj
LOAD CMakeFiles/stm32f4.elf.dir/Drivers/IWDG/iwdg.cpp.obj
LOAD CMakeFiles/stm32f4.elf.dir/Drivers/PWR/pwr.cpp.obj
LOAD CMakeFiles/stm32f4.elf.dir/Drivers/TIMERS/basictimer.cpp.obj
LOAD CMakeFiles/stm32f4.elf.dir/Drivers/DMA/dma.cpp.obj
LOAD CMakeFiles/stm32f4.elf.dir/Drivers/RNG/rng.cpp.obj
LOAD CMakeFiles/stm32f4.elf.dir/Drivers/SPI/spi.cpp.obj
LOAD CMakeFiles/stm32f4.elf.dir/devices/flash/w25q16.cpp.obj
LOAD CMakeFiles/stm32f4.elf.dir/devices/display/st7789.cpp.obj
LOAD CMakeFiles/stm32f4.elf.dir/devices/display/consolas_9pt_bold.cpp.obj
LOAD CMakeFiles/stm32f4.elf.dir/libs/print/printf.c.obj
LOAD CMakeFiles/stm32f4.elf.dir/devices/adc/ad7705.cpp.obj
LOAD e:/tools/bin/../lib/gcc/arm-none-eabi/9.3.1/../../../../arm-none-eabi/lib/thumb/v7e-m+fp/hard\libstdc++_nano.a
LOAD e:/tools/bin/../lib/gcc/arm-none-eabi/9.3.1/../../../../arm-none-eabi/lib/thumb/v7e-m+fp/hard\libm.a
START GROUP
LOAD e:/tools/bin/../lib/gcc/arm-none-eabi/9.3.1/thumb/v7e-m+fp/hard\libgcc.a
LOAD e:/tools/bin/../lib/gcc/arm-none-eabi/9.3.1/../../../../arm-none-eabi/lib/thumb/v7e-m+fp/hard\libg_nano.a
LOAD e:/tools/bin/../lib/gcc/arm-none-eabi/9.3.1/../../../../arm-none-eabi/lib/thumb/v7e-m+fp/hard\libc_nano.a
END GROUP
START GROUP
LOAD e:/tools/bin/../lib/gcc/arm-none-eabi/9.3.1/thumb/v7e-m+fp/hard\libgcc.a
LOAD e:/tools/bin/../lib/gcc/arm-none-eabi/9.3.1/../../../../arm-none-eabi/lib/thumb/v7e-m+fp/hard\libc_nano.a
LOAD e:/tools/bin/../lib/gcc/arm-none-eabi/9.3.1/../../../../arm-none-eabi/lib/thumb/v7e-m+fp/hard\libnosys.a
END GROUP
START GROUP
LOAD e:/tools/bin/../lib/gcc/arm-none-eabi/9.3.1/thumb/v7e-m+fp/hard\libgcc.a
LOAD e:/tools/bin/../lib/gcc/arm-none-eabi/9.3.1/../../../../arm-none-eabi/lib/thumb/v7e-m+fp/hard\libc_nano.a
LOAD e:/tools/bin/../lib/gcc/arm-none-eabi/9.3.1/../../../../arm-none-eabi/lib/thumb/v7e-m+fp/hard\libnosys.a
END GROUP
LOAD e:/tools/bin/../lib/gcc/arm-none-eabi/9.3.1/thumb/v7e-m+fp/hard/crtend.o
LOAD e:/tools/bin/../lib/gcc/arm-none-eabi/9.3.1/thumb/v7e-m+fp/hard/crtn.o
                0x0000000020020000                _estack = (ORIGIN (RAM) + LENGTH (RAM))
                0x0000000000000800                _Min_Heap_Size = 0x800
                0x0000000000000800                _Min_Stack_Size = 0x800

.isr_vector     0x0000000008000000      0x188
                0x0000000008000000                . = ALIGN (0x4)
 *(.isr_vector)
 .isr_vector    0x0000000008000000      0x188 CMakeFiles/stm32f4.elf.dir/Drivers/Startup/StartupSTM32F407.cpp.obj
                0x0000000008000000                VectorTable
                0x0000000008000188                . = ALIGN (0x4)

.text           0x0000000008000188     0x33d4
                0x0000000008000188                . = ALIGN (0x4)
 *(.text)
 .text          0x0000000008000188       0x40 e:/tools/bin/../lib/gcc/arm-none-eabi/9.3.1/thumb/v7e-m+fp/hard/crtbegin.o
 .text          0x00000000080001c8      0x9b8 e:/tools/bin/../lib/gcc/arm-none-eabi/9.3.1/thumb/v7e-m+fp/hard\libgcc.a(unwind-arm.o)
                0x0000000008000470                _Unwind_GetCFA
                0x0000000008000474                __gnu_Unwind_RaiseException
                0x00000000080004d4                __gnu_Unwind_ForcedUnwind
                0x00000000080004e8                __gnu_Unwind_Resume
                0x000000000800052c                __gnu_Unwind_Resume_or_Rethrow
                0x000000000800053c                _Unwind_Complete
                0x0000000008000540                _Unwind_DeleteException
                0x000000000800054c                _Unwind_VRS_Get
                0x0000000008000594                _Unwind_VRS_Set
                0x00000000080005dc                __gnu_Unwind_Backtrace
                0x00000000080008fc                __aeabi_unwind_cpp_pr0
                0x0000000008000900                __aeabi_unwind_cpp_pr1
                0x0000000008000904                __aeabi_unwind_cpp_pr2
                0x0000000008000908                _Unwind_VRS_Pop
 .text          0x0000000008000b80      0x1ac e:/tools/bin/../lib/gcc/arm-none-eabi/9.3.1/thumb/v7e-m+fp/hard\libgcc.a(libunwind.o)
                0x0000000008000b80                __restore_core_regs
                0x0000000008000b80                restore_core_regs
                0x0000000008000b98                __gnu_Unwind_Restore_VFP
                0x0000000008000ba0                __gnu_Unwind_Save_VFP
                0x0000000008000ba8                __gnu_Unwind_Restore_VFP_D
                0x0000000008000bb0                __gnu_Unwind_Save_VFP_D
                0x0000000008000bb8                __gnu_Unwind_Restore_VFP_D_16_to_31
                0x0000000008000bc0                __gnu_Unwind_Save_VFP_D_16_to_31
                0x0000000008000bc8                __gnu_Unwind_Restore_WMMXD
                0x0000000008000c0c                __gnu_Unwind_Save_WMMXD
                0x0000000008000c50                __gnu_Unwind_Restore_WMMXC
                0x0000000008000c64                __gnu_Unwind_Save_WMMXC
                0x0000000008000c78                ___Unwind_RaiseException
                0x0000000008000c78                _Unwind_RaiseException
                0x0000000008000c9c                _Unwind_Resume
                0x0000000008000c9c                ___Unwind_Resume
                0x0000000008000cc0                _Unwind_Resume_or_Rethrow
                0x0000000008000cc0                ___Unwind_Resume_or_Rethrow
                0x0000000008000ce4                _Unwind_ForcedUnwind
                0x0000000008000ce4                ___Unwind_ForcedUnwind
                0x0000000008000d08                ___Unwind_Backtrace
                0x0000000008000d08                _Unwind_Backtrace
 .text          0x0000000008000d2c      0x340 e:/tools/bin/../lib/gcc/arm-none-eabi/9.3.1/thumb/v7e-m+fp/hard\libgcc.a(pr-support.o)
                0x0000000008000d84                __gnu_unwind_execute
                0x0000000008001020                __gnu_unwind_frame
                0x000000000800104c                _Unwind_GetRegionStart
                0x0000000008001058                _Unwind_GetLanguageSpecificData
 .text          0x000000000800106c       0x14 e:/tools/bin/../lib/gcc/arm-none-eabi/9.3.1/../../../../arm-none-eabi/lib/thumb/v7e-m+fp/hard\libg_nano.a(lib_a-strcmp.o)
                0x000000000800106c                strcmp
 .text          0x0000000008001080       0x10 e:/tools/bin/../lib/gcc/arm-none-eabi/9.3.1/../../../../arm-none-eabi/lib/thumb/v7e-m+fp/hard\libg_nano.a(lib_a-strlen.o)
                0x0000000008001080                strlen
 *(.text*)
 .text._ZN7drivers5clock12ClockControlC2ERKNS0_9FrequencyE
                0x0000000008001090      0x180 CMakeFiles/stm32f4.elf.dir/src/main.cpp.obj
                0x0000000008001090                drivers::clock::ClockControl::ClockControl(drivers::clock::Frequency const&)
                0x0000000008001090                drivers::clock::ClockControl::ClockControl(drivers::clock::Frequency const&)
 .text._Z16EXTI0_IRQHandlerv
                0x0000000008001210       0x20 CMakeFiles/stm32f4.elf.dir/src/main.cpp.obj
                0x0000000008001210                EXTI0_IRQHandler()
 .text._Z17USART1_IRQHandlerv
                0x0000000008001230        0x2 CMakeFiles/stm32f4.elf.dir/src/main.cpp.obj
                0x0000000008001230                USART1_IRQHandler()
 *fill*         0x0000000008001232        0x2 
 .text._Z17USART2_IRQHandlerv
                0x0000000008001234       0x20 CMakeFiles/stm32f4.elf.dir/src/main.cpp.obj
                0x0000000008001234                USART2_IRQHandler()
 .text._Z17OTG_FS_IRQHandlerv
                0x0000000008001254        0x2 CMakeFiles/stm32f4.elf.dir/src/main.cpp.obj
                0x0000000008001254                OTG_FS_IRQHandler()
 *fill*         0x0000000008001256        0x2 
 .text._Z19TIM6_DAC_IRQHandlerv
                0x0000000008001258       0x2c CMakeFiles/stm32f4.elf.dir/src/main.cpp.obj
                0x0000000008001258                TIM6_DAC_IRQHandler()
 .text._ZNSt7__cxx1112basic_stringIcSt11char_traitsIcESaIcEE12_M_constructIPKcEEvT_S8_St20forward_iterator_tag
                0x0000000008001284       0x58 CMakeFiles/stm32f4.elf.dir/src/main.cpp.obj
                0x0000000008001284                void std::__cxx11::basic_string<char, std::char_traits<char>, std::allocator<char> >::_M_construct<char const*>(char const*, char const*, std::forward_iterator_tag)
 .text._ZNSt7__cxx1112basic_stringIcSt11char_traitsIcESaIcEEC2IS3_EEPKcRKS3_
                0x00000000080012dc       0x2a CMakeFiles/stm32f4.elf.dir/src/main.cpp.obj
                0x00000000080012dc                std::__cxx11::basic_string<char, std::char_traits<char>, std::allocator<char> >::basic_string<std::allocator<char> >(char const*, std::allocator<char> const&)
                0x00000000080012dc                std::__cxx11::basic_string<char, std::char_traits<char>, std::allocator<char> >::basic_string<std::allocator<char> >(char const*, std::allocator<char> const&)
 *fill*         0x0000000008001306        0x2 
 .text._ZN4Bass4mainEv
                0x0000000008001308      0x218 CMakeFiles/stm32f4.elf.dir/src/main.cpp.obj
                0x0000000008001308                Bass::main()
 .text._Z23DMA1_Stream5_IRQHandlerv
                0x0000000008001520       0x58 CMakeFiles/stm32f4.elf.dir/src/main.cpp.obj
                0x0000000008001520                DMA1_Stream5_IRQHandler()
 .text._Z23DMA1_Stream6_IRQHandlerv
                0x0000000008001578       0x58 CMakeFiles/stm32f4.elf.dir/src/main.cpp.obj
                0x0000000008001578                DMA1_Stream6_IRQHandler()
 .text._ZN4libs4CoutC2ERN7drivers5usart5USARTE
                0x00000000080015d0       0x1c CMakeFiles/stm32f4.elf.dir/libs/print/cout.cpp.obj
                0x00000000080015d0                libs::Cout::Cout(drivers::usart::USART&)
                0x00000000080015d0                libs::Cout::Cout(drivers::usart::USART&)
 .text._ZN4libs4CoutlsENSt7__cxx1112basic_stringIcSt11char_traitsIcESaIcEEE
                0x00000000080015ec       0x2a CMakeFiles/stm32f4.elf.dir/libs/print/cout.cpp.obj
                0x00000000080015ec                libs::Cout::operator<<(std::__cxx11::basic_string<char, std::char_traits<char>, std::allocator<char> >)
 *fill*         0x0000000008001616        0x2 
 .text._ZN4libs4CoutlsEm
                0x0000000008001618       0x64 CMakeFiles/stm32f4.elf.dir/libs/print/cout.cpp.obj
                0x0000000008001618                libs::Cout::operator<<(unsigned long)
 .text._ZN4libs4CoutlsENS0_8CommandsE
                0x000000000800167c       0x30 CMakeFiles/stm32f4.elf.dir/libs/print/cout.cpp.obj
                0x000000000800167c                libs::Cout::operator<<(libs::Cout::Commands)
 .text._ZN7drivers4port4GPIOC2ERKNS_5clock12ClockControlENS0_14ADDRESSES_PORTE
                0x00000000080016ac       0xf4 CMakeFiles/stm32f4.elf.dir/Drivers/GPIO/gpio.cpp.obj
                0x00000000080016ac                drivers::port::GPIO::GPIO(drivers::clock::ClockControl const&, drivers::port::ADDRESSES_PORT)
                0x00000000080016ac                drivers::port::GPIO::GPIO(drivers::clock::ClockControl const&, drivers::port::ADDRESSES_PORT)
 .text._ZNK7drivers4port4GPIO11SetPinSpeedENS0_10PIN_NUMBERENS0_8PIN_SEEDE
                0x00000000080017a0       0x1c CMakeFiles/stm32f4.elf.dir/Drivers/GPIO/gpio.cpp.obj
                0x00000000080017a0                drivers::port::GPIO::SetPinSpeed(drivers::port::PIN_NUMBER, drivers::port::PIN_SEED) const
 .text._ZNK7drivers4port4GPIO16SetPinOutputTypeENS0_10PIN_NUMBERENS0_11OUTPUT_TYPEE
                0x00000000080017bc       0x1a CMakeFiles/stm32f4.elf.dir/Drivers/GPIO/gpio.cpp.obj
                0x00000000080017bc                drivers::port::GPIO::SetPinOutputType(drivers::port::PIN_NUMBER, drivers::port::OUTPUT_TYPE) const
 .text._ZNK7drivers4port4GPIO10SetPinPullENS0_10PIN_NUMBERENS0_10TYPE_PUPDRE
                0x00000000080017d6       0x1c CMakeFiles/stm32f4.elf.dir/Drivers/GPIO/gpio.cpp.obj
                0x00000000080017d6                drivers::port::GPIO::SetPinPull(drivers::port::PIN_NUMBER, drivers::port::TYPE_PUPDR) const
 .text._ZNK7drivers4port4GPIO8SetAFPinENS0_10PIN_NUMBERENS0_18ALTERNATE_FUNCTIONE
                0x00000000080017f2       0x3a CMakeFiles/stm32f4.elf.dir/Drivers/GPIO/gpio.cpp.obj
                0x00000000080017f2                drivers::port::GPIO::SetAFPin(drivers::port::PIN_NUMBER, drivers::port::ALTERNATE_FUNCTION) const
 .text._ZNK7drivers4port4GPIO10SetPinModeENS0_10PIN_NUMBERENS0_10PORT_MODERE
                0x000000000800182c       0x36 CMakeFiles/stm32f4.elf.dir/Drivers/GPIO/gpio.cpp.obj
                0x000000000800182c                drivers::port::GPIO::SetPinMode(drivers::port::PIN_NUMBER, drivers::port::PORT_MODER) const
 .text._ZNK7drivers4port4GPIO12SetOutputPinENS0_10PIN_NUMBERE
                0x0000000008001862       0x1c CMakeFiles/stm32f4.elf.dir/Drivers/GPIO/gpio.cpp.obj
                0x0000000008001862                drivers::port::GPIO::SetOutputPin(drivers::port::PIN_NUMBER) const
 .text._ZNK7drivers4port4GPIO14ResetOutputPinENS0_10PIN_NUMBERE
                0x000000000800187e       0x1c CMakeFiles/stm32f4.elf.dir/Drivers/GPIO/gpio.cpp.obj
                0x000000000800187e                drivers::port::GPIO::ResetOutputPin(drivers::port::PIN_NUMBER) const
 .text._ZNK7drivers4port4GPIO6SetPinENS0_10PIN_NUMBERENS0_10STATUS_PINE
                0x000000000800189a       0x14 CMakeFiles/stm32f4.elf.dir/Drivers/GPIO/gpio.cpp.obj
                0x000000000800189a                drivers::port::GPIO::SetPin(drivers::port::PIN_NUMBER, drivers::port::STATUS_PIN) const
 .text._ZNK7drivers4port4GPIO7InitPinENS0_10PIN_NUMBERENS0_10PORT_MODERE
                0x00000000080018ae       0x32 CMakeFiles/stm32f4.elf.dir/Drivers/GPIO/gpio.cpp.obj
                0x00000000080018ae                drivers::port::GPIO::InitPin(drivers::port::PIN_NUMBER, drivers::port::PORT_MODER) const
 .text._ZNK7drivers4port4GPIO9TogglePinENS0_10PIN_NUMBERE
                0x00000000080018e0       0x1e CMakeFiles/stm32f4.elf.dir/Drivers/GPIO/gpio.cpp.obj
                0x00000000080018e0                drivers::port::GPIO::TogglePin(drivers::port::PIN_NUMBER) const
 .text._ZN7drivers5usart5USART17ConfigGpioForUartENS_4port14ADDRESSES_PORTES3_NS2_10PIN_NUMBERES4_NS2_18ALTERNATE_FUNCTIONE
                0x00000000080018fe       0x6a CMakeFiles/stm32f4.elf.dir/Drivers/USART/usart.cpp.obj
                0x00000000080018fe                drivers::usart::USART::ConfigGpioForUart(drivers::port::ADDRESSES_PORT, drivers::port::ADDRESSES_PORT, drivers::port::PIN_NUMBER, drivers::port::PIN_NUMBER, drivers::port::ALTERNATE_FUNCTION)
 .text._ZN7drivers5usart5USART11RemapUsart2ENS0_12USART2_RemapE
                0x0000000008001968       0x6c CMakeFiles/stm32f4.elf.dir/Drivers/USART/usart.cpp.obj
                0x0000000008001968                drivers::usart::USART::RemapUsart2(drivers::usart::USART2_Remap)
 .text._ZN7drivers5usart5USART13SetWordLengthENS0_11WORD_LENGTHE
                0x00000000080019d4       0x2e CMakeFiles/stm32f4.elf.dir/Drivers/USART/usart.cpp.obj
                0x00000000080019d4                drivers::usart::USART::SetWordLength(drivers::usart::WORD_LENGTH)
 .text._ZN7drivers5usart5USART14ReceiverEnableENS0_6STATUSE
                0x0000000008001a02       0x2e CMakeFiles/stm32f4.elf.dir/Drivers/USART/usart.cpp.obj
                0x0000000008001a02                drivers::usart::USART::ReceiverEnable(drivers::usart::STATUS)
 .text._ZN7drivers5usart5USART17TransmitterEnableENS0_6STATUSE
                0x0000000008001a30       0x2e CMakeFiles/stm32f4.elf.dir/Drivers/USART/usart.cpp.obj
                0x0000000008001a30                drivers::usart::USART::TransmitterEnable(drivers::usart::STATUS)
 .text._ZN7drivers5usart5USART11UsartEnableENS0_6STATUSE
                0x0000000008001a5e       0x2e CMakeFiles/stm32f4.elf.dir/Drivers/USART/usart.cpp.obj
                0x0000000008001a5e                drivers::usart::USART::UsartEnable(drivers::usart::STATUS)
 .text._ZN7drivers5usart5USART11SetBaudRateENS0_9BAUD_RATEEm
                0x0000000008001a8c       0x4a CMakeFiles/stm32f4.elf.dir/Drivers/USART/usart.cpp.obj
                0x0000000008001a8c                drivers::usart::USART::SetBaudRate(drivers::usart::BAUD_RATE, unsigned long)
 .text._ZN7drivers5usart5USART12TransmitDataEh
                0x0000000008001ad6        0x6 CMakeFiles/stm32f4.elf.dir/Drivers/USART/usart.cpp.obj
                0x0000000008001ad6                drivers::usart::USART::TransmitData(unsigned char)
 .text._ZN7drivers5usart5USART11ReceiveDataEv
                0x0000000008001adc        0x6 CMakeFiles/stm32f4.elf.dir/Drivers/USART/usart.cpp.obj
                0x0000000008001adc                drivers::usart::USART::ReceiveData()
 .text._ZN7drivers5usart5USART10IsBusyFlagEv
                0x0000000008001ae2        0xa CMakeFiles/stm32f4.elf.dir/Drivers/USART/usart.cpp.obj
                0x0000000008001ae2                drivers::usart::USART::IsBusyFlag()
 .text._ZN7drivers5usart5USART14TransmitStringEPvj
                0x0000000008001aec       0x30 CMakeFiles/stm32f4.elf.dir/Drivers/USART/usart.cpp.obj
                0x0000000008001aec                drivers::usart::USART::TransmitString(void*, unsigned int)
 .text._ZN7drivers5usart5USART9ClearFlagENS0_13SR_clear_flagE
                0x0000000008001b1c       0x18 CMakeFiles/stm32f4.elf.dir/Drivers/USART/usart.cpp.obj
                0x0000000008001b1c                drivers::usart::USART::ClearFlag(drivers::usart::SR_clear_flag)
 .text._ZN7drivers5usart5USART15EnableInterruptENS0_9INTERRUPTE
                0x0000000008001b34       0x1a CMakeFiles/stm32f4.elf.dir/Drivers/USART/usart.cpp.obj
                0x0000000008001b34                drivers::usart::USART::EnableInterrupt(drivers::usart::INTERRUPT)
 .text._ZN7drivers5usart5USART20DMAEnableTransmitterENS0_6STATUSE
                0x0000000008001b4e       0x2e CMakeFiles/stm32f4.elf.dir/Drivers/USART/usart.cpp.obj
                0x0000000008001b4e                drivers::usart::USART::DMAEnableTransmitter(drivers::usart::STATUS)
 .text._ZN7drivers5usart5USART17DMAEnableReceiverENS0_6STATUSE
                0x0000000008001b7c       0x2e CMakeFiles/stm32f4.elf.dir/Drivers/USART/usart.cpp.obj
                0x0000000008001b7c                drivers::usart::USART::DMAEnableReceiver(drivers::usart::STATUS)
 *fill*         0x0000000008001baa        0x2 
 .text._ZN7drivers5usart5USART12InitUsartDmaERKNS_3dma3DMAENS2_10DMA_ConfigEbb
                0x0000000008001bac      0x184 CMakeFiles/stm32f4.elf.dir/Drivers/USART/usart.cpp.obj
                0x0000000008001bac                drivers::usart::USART::InitUsartDma(drivers::dma::DMA const&, drivers::dma::DMA_Config, bool, bool)
 .text._ZN7drivers5usart5USART15TransmitDataDmaERNS_3dma3DMAEPht
                0x0000000008001d30       0x74 CMakeFiles/stm32f4.elf.dir/Drivers/USART/usart.cpp.obj
                0x0000000008001d30                drivers::usart::USART::TransmitDataDma(drivers::dma::DMA&, unsigned char*, unsigned short)
 .text._ZN7drivers5usart5USART14ReceiveDataDmaERNS_3dma3DMAEPht
                0x0000000008001da4       0x74 CMakeFiles/stm32f4.elf.dir/Drivers/USART/usart.cpp.obj
                0x0000000008001da4                drivers::usart::USART::ReceiveDataDma(drivers::dma::DMA&, unsigned char*, unsigned short)
 .text._ZN7drivers4nvic4NVICC2Ev
                0x0000000008001e18        0x2 CMakeFiles/stm32f4.elf.dir/Drivers/NVIC/nvic.cpp.obj
                0x0000000008001e18                drivers::nvic::NVIC::NVIC()
                0x0000000008001e18                drivers::nvic::NVIC::NVIC()
 *fill*         0x0000000008001e1a        0x2 
 .text._ZN7drivers4nvic4NVIC14NVIC_EnableIRQENS0_9LINE_IRQnE
                0x0000000008001e1c       0x78 CMakeFiles/stm32f4.elf.dir/Drivers/NVIC/nvic.cpp.obj
                0x0000000008001e1c                drivers::nvic::NVIC::NVIC_EnableIRQ(drivers::nvic::LINE_IRQn)
 .text._Z13Reset_Handlerv
                0x0000000008001e94       0x44 CMakeFiles/stm32f4.elf.dir/Drivers/Startup/StartupSTM32F407.cpp.obj
                0x0000000008001e94                Reset_Handler()
 .text._Z15Default_Handlerv
                0x0000000008001ed8        0x2 CMakeFiles/stm32f4.elf.dir/Drivers/Startup/StartupSTM32F407.cpp.obj
                0x0000000008001ed8                Default_Handler()
 .text._Z11NMI_Handlerv
                0x0000000008001eda        0x6 CMakeFiles/stm32f4.elf.dir/Drivers/Startup/StartupSTM32F407.cpp.obj
                0x0000000008001eda                NMI_Handler()
 .text._Z17HardFault_Handlerv
                0x0000000008001ee0        0x6 CMakeFiles/stm32f4.elf.dir/Drivers/Startup/StartupSTM32F407.cpp.obj
                0x0000000008001ee0                HardFault_Handler()
 .text._Z17MemManage_Handlerv
                0x0000000008001ee6        0x6 CMakeFiles/stm32f4.elf.dir/Drivers/Startup/StartupSTM32F407.cpp.obj
                0x0000000008001ee6                MemManage_Handler()
 .text._Z16BusFault_Handlerv
                0x0000000008001eec        0x6 CMakeFiles/stm32f4.elf.dir/Drivers/Startup/StartupSTM32F407.cpp.obj
                0x0000000008001eec                BusFault_Handler()
 .text._Z18UsageFault_Handlerv
                0x0000000008001ef2        0x6 CMakeFiles/stm32f4.elf.dir/Drivers/Startup/StartupSTM32F407.cpp.obj
                0x0000000008001ef2                UsageFault_Handler()
 .text._Z11SVC_Handlerv
                0x0000000008001ef8        0x6 CMakeFiles/stm32f4.elf.dir/Drivers/Startup/StartupSTM32F407.cpp.obj
                0x0000000008001ef8                SVC_Handler()
 .text._Z16DebugMon_Handlerv
                0x0000000008001efe        0x6 CMakeFiles/stm32f4.elf.dir/Drivers/Startup/StartupSTM32F407.cpp.obj
                0x0000000008001efe                DebugMon_Handler()
 .text._Z14PendSV_Handlerv
                0x0000000008001f04        0x6 CMakeFiles/stm32f4.elf.dir/Drivers/Startup/StartupSTM32F407.cpp.obj
                0x0000000008001f04                PendSV_Handler()
 .text._Z15SysTick_Handlerv
                0x0000000008001f0a        0x6 CMakeFiles/stm32f4.elf.dir/Drivers/Startup/StartupSTM32F407.cpp.obj
                0x0000000008001f0a                SysTick_Handler()
 .text._Z15WWDG_IRQHandlerv
                0x0000000008001f10        0x6 CMakeFiles/stm32f4.elf.dir/Drivers/Startup/StartupSTM32F407.cpp.obj
                0x0000000008001f10                WWDG_IRQHandler()
 .text._Z14PVD_IRQHandlerv
                0x0000000008001f16        0x6 CMakeFiles/stm32f4.elf.dir/Drivers/Startup/StartupSTM32F407.cpp.obj
                0x0000000008001f16                PVD_IRQHandler()
 .text._Z21TAMP_STAMP_IRQHandlerv
                0x0000000008001f1c        0x6 CMakeFiles/stm32f4.elf.dir/Drivers/Startup/StartupSTM32F407.cpp.obj
                0x0000000008001f1c                TAMP_STAMP_IRQHandler()
 .text._Z19RTC_WKUP_IRQHandlerv
                0x0000000008001f22        0x6 CMakeFiles/stm32f4.elf.dir/Drivers/Startup/StartupSTM32F407.cpp.obj
                0x0000000008001f22                RTC_WKUP_IRQHandler()
 .text._Z16FLASH_IRQHandlerv
                0x0000000008001f28        0x6 CMakeFiles/stm32f4.elf.dir/Drivers/Startup/StartupSTM32F407.cpp.obj
                0x0000000008001f28                FLASH_IRQHandler()
 .text._Z14RCC_IRQHandlerv
                0x0000000008001f2e        0x6 CMakeFiles/stm32f4.elf.dir/Drivers/Startup/StartupSTM32F407.cpp.obj
                0x0000000008001f2e                RCC_IRQHandler()
 .text._Z16EXTI1_IRQHandlerv
                0x0000000008001f34        0x6 CMakeFiles/stm32f4.elf.dir/Drivers/Startup/StartupSTM32F407.cpp.obj
                0x0000000008001f34                EXTI1_IRQHandler()
 .text._Z16EXTI2_IRQHandlerv
                0x0000000008001f3a        0x6 CMakeFiles/stm32f4.elf.dir/Drivers/Startup/StartupSTM32F407.cpp.obj
                0x0000000008001f3a                EXTI2_IRQHandler()
 .text._Z16EXTI3_IRQHandlerv
                0x0000000008001f40        0x6 CMakeFiles/stm32f4.elf.dir/Drivers/Startup/StartupSTM32F407.cpp.obj
                0x0000000008001f40                EXTI3_IRQHandler()
 .text._Z16EXTI4_IRQHandlerv
                0x0000000008001f46        0x6 CMakeFiles/stm32f4.elf.dir/Drivers/Startup/StartupSTM32F407.cpp.obj
                0x0000000008001f46                EXTI4_IRQHandler()
 .text._Z23DMA1_Stream0_IRQHandlerv
                0x0000000008001f4c        0x6 CMakeFiles/stm32f4.elf.dir/Drivers/Startup/StartupSTM32F407.cpp.obj
                0x0000000008001f4c                DMA1_Stream0_IRQHandler()
 .text._Z23DMA1_Stream1_IRQHandlerv
                0x0000000008001f52        0x6 CMakeFiles/stm32f4.elf.dir/Drivers/Startup/StartupSTM32F407.cpp.obj
                0x0000000008001f52                DMA1_Stream1_IRQHandler()
 .text._Z23DMA1_Stream2_IRQHandlerv
                0x0000000008001f58        0x6 CMakeFiles/stm32f4.elf.dir/Drivers/Startup/StartupSTM32F407.cpp.obj
                0x0000000008001f58                DMA1_Stream2_IRQHandler()
 .text._Z23DMA1_Stream3_IRQHandlerv
                0x0000000008001f5e        0x6 CMakeFiles/stm32f4.elf.dir/Drivers/Startup/StartupSTM32F407.cpp.obj
                0x0000000008001f5e                DMA1_Stream3_IRQHandler()
 .text._Z23DMA1_Stream4_IRQHandlerv
                0x0000000008001f64        0x6 CMakeFiles/stm32f4.elf.dir/Drivers/Startup/StartupSTM32F407.cpp.obj
                0x0000000008001f64                DMA1_Stream4_IRQHandler()
 .text._Z14ADC_IRQHandlerv
                0x0000000008001f6a        0x6 CMakeFiles/stm32f4.elf.dir/Drivers/Startup/StartupSTM32F407.cpp.obj
                0x0000000008001f6a                ADC_IRQHandler()
 .text._Z18CAN1_TX_IRQHandlerv
                0x0000000008001f70        0x6 CMakeFiles/stm32f4.elf.dir/Drivers/Startup/StartupSTM32F407.cpp.obj
                0x0000000008001f70                CAN1_TX_IRQHandler()
 .text._Z19CAN1_RX0_IRQHandlerv
                0x0000000008001f76        0x6 CMakeFiles/stm32f4.elf.dir/Drivers/Startup/StartupSTM32F407.cpp.obj
                0x0000000008001f76                CAN1_RX0_IRQHandler()
 .text._Z19CAN1_RX1_IRQHandlerv
                0x0000000008001f7c        0x6 CMakeFiles/stm32f4.elf.dir/Drivers/Startup/StartupSTM32F407.cpp.obj
                0x0000000008001f7c                CAN1_RX1_IRQHandler()
 .text._Z19CAN1_SCE_IRQHandlerv
                0x0000000008001f82        0x6 CMakeFiles/stm32f4.elf.dir/Drivers/Startup/StartupSTM32F407.cpp.obj
                0x0000000008001f82                CAN1_SCE_IRQHandler()
 .text._Z18EXTI9_5_IRQHandlerv
                0x0000000008001f88        0x6 CMakeFiles/stm32f4.elf.dir/Drivers/Startup/StartupSTM32F407.cpp.obj
                0x0000000008001f88                EXTI9_5_IRQHandler()
 .text._Z24TIM1_BRK_TIM9_IRQHandlerv
                0x0000000008001f8e        0x6 CMakeFiles/stm32f4.elf.dir/Drivers/Startup/StartupSTM32F407.cpp.obj
                0x0000000008001f8e                TIM1_BRK_TIM9_IRQHandler()
 .text._Z24TIM1_UP_TIM10_IRQHandlerv
                0x0000000008001f94        0x6 CMakeFiles/stm32f4.elf.dir/Drivers/Startup/StartupSTM32F407.cpp.obj
                0x0000000008001f94                TIM1_UP_TIM10_IRQHandler()
 .text._Z29TIM1_TRG_COM_TIM11_IRQHandlerv
                0x0000000008001f9a        0x6 CMakeFiles/stm32f4.elf.dir/Drivers/Startup/StartupSTM32F407.cpp.obj
                0x0000000008001f9a                TIM1_TRG_COM_TIM11_IRQHandler()
 .text._Z18TIM1_CC_IRQHandlerv
                0x0000000008001fa0        0x6 CMakeFiles/stm32f4.elf.dir/Drivers/Startup/StartupSTM32F407.cpp.obj
                0x0000000008001fa0                TIM1_CC_IRQHandler()
 .text._Z15TIM2_IRQHandlerv
                0x0000000008001fa6        0x6 CMakeFiles/stm32f4.elf.dir/Drivers/Startup/StartupSTM32F407.cpp.obj
                0x0000000008001fa6                TIM2_IRQHandler()
 .text._Z15TIM3_IRQHandlerv
                0x0000000008001fac        0x6 CMakeFiles/stm32f4.elf.dir/Drivers/Startup/StartupSTM32F407.cpp.obj
                0x0000000008001fac                TIM3_IRQHandler()
 .text._Z15TIM4_IRQHandlerv
                0x0000000008001fb2        0x6 CMakeFiles/stm32f4.elf.dir/Drivers/Startup/StartupSTM32F407.cpp.obj
                0x0000000008001fb2                TIM4_IRQHandler()
 .text._Z18I2C1_EV_IRQHandlerv
                0x0000000008001fb8        0x6 CMakeFiles/stm32f4.elf.dir/Drivers/Startup/StartupSTM32F407.cpp.obj
                0x0000000008001fb8                I2C1_EV_IRQHandler()
 .text._Z18I2C1_ER_IRQHandlerv
                0x0000000008001fbe        0x6 CMakeFiles/stm32f4.elf.dir/Drivers/Startup/StartupSTM32F407.cpp.obj
                0x0000000008001fbe                I2C1_ER_IRQHandler()
 .text._Z18I2C2_EV_IRQHandlerv
                0x0000000008001fc4        0x6 CMakeFiles/stm32f4.elf.dir/Drivers/Startup/StartupSTM32F407.cpp.obj
                0x0000000008001fc4                I2C2_EV_IRQHandler()
 .text._Z18I2C2_ER_IRQHandlerv
                0x0000000008001fca        0x6 CMakeFiles/stm32f4.elf.dir/Drivers/Startup/StartupSTM32F407.cpp.obj
                0x0000000008001fca                I2C2_ER_IRQHandler()
 .text._Z15SPI1_IRQHandlerv
                0x0000000008001fd0        0x6 CMakeFiles/stm32f4.elf.dir/Drivers/Startup/StartupSTM32F407.cpp.obj
                0x0000000008001fd0                SPI1_IRQHandler()
 .text._Z15SPI2_IRQHandlerv
                0x0000000008001fd6        0x6 CMakeFiles/stm32f4.elf.dir/Drivers/Startup/StartupSTM32F407.cpp.obj
                0x0000000008001fd6                SPI2_IRQHandler()
 .text._Z17USART3_IRQHandlerv
                0x0000000008001fdc        0x6 CMakeFiles/stm32f4.elf.dir/Drivers/Startup/StartupSTM32F407.cpp.obj
                0x0000000008001fdc                USART3_IRQHandler()
 .text._Z20EXTI15_10_IRQHandlerv
                0x0000000008001fe2        0x6 CMakeFiles/stm32f4.elf.dir/Drivers/Startup/StartupSTM32F407.cpp.obj
                0x0000000008001fe2                EXTI15_10_IRQHandler()
 .text._Z20RTC_Alarm_IRQHandlerv
                0x0000000008001fe8        0x6 CMakeFiles/stm32f4.elf.dir/Drivers/Startup/StartupSTM32F407.cpp.obj
                0x0000000008001fe8                RTC_Alarm_IRQHandler()
 .text._Z22OTG_FS_WKUP_IRQHandlerv
                0x0000000008001fee        0x6 CMakeFiles/stm32f4.elf.dir/Drivers/Startup/StartupSTM32F407.cpp.obj
                0x0000000008001fee                OTG_FS_WKUP_IRQHandler()
 .text._Z25TIM8_BRK_TIM12_IRQHandlerv
                0x0000000008001ff4        0x6 CMakeFiles/stm32f4.elf.dir/Drivers/Startup/StartupSTM32F407.cpp.obj
                0x0000000008001ff4                TIM8_BRK_TIM12_IRQHandler()
 .text._Z24TIM8_UP_TIM13_IRQHandlerv
                0x0000000008001ffa        0x6 CMakeFiles/stm32f4.elf.dir/Drivers/Startup/StartupSTM32F407.cpp.obj
                0x0000000008001ffa                TIM8_UP_TIM13_IRQHandler()
 .text._Z29TIM8_TRG_COM_TIM14_IRQHandlerv
                0x0000000008002000        0x6 CMakeFiles/stm32f4.elf.dir/Drivers/Startup/StartupSTM32F407.cpp.obj
                0x0000000008002000                TIM8_TRG_COM_TIM14_IRQHandler()
 .text._Z18TIM8_CC_IRQHandlerv
                0x0000000008002006        0x6 CMakeFiles/stm32f4.elf.dir/Drivers/Startup/StartupSTM32F407.cpp.obj
                0x0000000008002006                TIM8_CC_IRQHandler()
 .text._Z23DMA1_Stream7_IRQHandlerv
                0x000000000800200c        0x6 CMakeFiles/stm32f4.elf.dir/Drivers/Startup/StartupSTM32F407.cpp.obj
                0x000000000800200c                DMA1_Stream7_IRQHandler()
 .text._Z15FSMC_IRQHandlerv
                0x0000000008002012        0x6 CMakeFiles/stm32f4.elf.dir/Drivers/Startup/StartupSTM32F407.cpp.obj
                0x0000000008002012                FSMC_IRQHandler()
 .text._Z15SDIO_IRQHandlerv
                0x0000000008002018        0x6 CMakeFiles/stm32f4.elf.dir/Drivers/Startup/StartupSTM32F407.cpp.obj
                0x0000000008002018                SDIO_IRQHandler()
 .text._Z15TIM5_IRQHandlerv
                0x000000000800201e        0x6 CMakeFiles/stm32f4.elf.dir/Drivers/Startup/StartupSTM32F407.cpp.obj
                0x000000000800201e                TIM5_IRQHandler()
 .text._Z15SPI3_IRQHandlerv
                0x0000000008002024        0x6 CMakeFiles/stm32f4.elf.dir/Drivers/Startup/StartupSTM32F407.cpp.obj
                0x0000000008002024                SPI3_IRQHandler()
 .text._Z16UART4_IRQHandlerv
                0x000000000800202a        0x6 CMakeFiles/stm32f4.elf.dir/Drivers/Startup/StartupSTM32F407.cpp.obj
                0x000000000800202a                UART4_IRQHandler()
 .text._Z16UART5_IRQHandlerv
                0x0000000008002030        0x6 CMakeFiles/stm32f4.elf.dir/Drivers/Startup/StartupSTM32F407.cpp.obj
                0x0000000008002030                UART5_IRQHandler()
 .text._Z15TIM7_IRQHandlerv
                0x0000000008002036        0x6 CMakeFiles/stm32f4.elf.dir/Drivers/Startup/StartupSTM32F407.cpp.obj
                0x0000000008002036                TIM7_IRQHandler()
 .text._Z23DMA2_Stream0_IRQHandlerv
                0x000000000800203c        0x6 CMakeFiles/stm32f4.elf.dir/Drivers/Startup/StartupSTM32F407.cpp.obj
                0x000000000800203c                DMA2_Stream0_IRQHandler()
 .text._Z23DMA2_Stream1_IRQHandlerv
                0x0000000008002042        0x6 CMakeFiles/stm32f4.elf.dir/Drivers/Startup/StartupSTM32F407.cpp.obj
                0x0000000008002042                DMA2_Stream1_IRQHandler()
 .text._Z23DMA2_Stream2_IRQHandlerv
                0x0000000008002048        0x6 CMakeFiles/stm32f4.elf.dir/Drivers/Startup/StartupSTM32F407.cpp.obj
                0x0000000008002048                DMA2_Stream2_IRQHandler()
 .text._Z23DMA2_Stream3_IRQHandlerv
                0x000000000800204e        0x6 CMakeFiles/stm32f4.elf.dir/Drivers/Startup/StartupSTM32F407.cpp.obj
                0x000000000800204e                DMA2_Stream3_IRQHandler()
 .text._Z23DMA2_Stream4_IRQHandlerv
                0x0000000008002054        0x6 CMakeFiles/stm32f4.elf.dir/Drivers/Startup/StartupSTM32F407.cpp.obj
                0x0000000008002054                DMA2_Stream4_IRQHandler()
 .text._Z14ETH_IRQHandlerv
                0x000000000800205a        0x6 CMakeFiles/stm32f4.elf.dir/Drivers/Startup/StartupSTM32F407.cpp.obj
                0x000000000800205a                ETH_IRQHandler()
 .text._Z19ETH_WKUP_IRQHandlerv
                0x0000000008002060        0x6 CMakeFiles/stm32f4.elf.dir/Drivers/Startup/StartupSTM32F407.cpp.obj
                0x0000000008002060                ETH_WKUP_IRQHandler()
 .text._Z18CAN2_TX_IRQHandlerv
                0x0000000008002066        0x6 CMakeFiles/stm32f4.elf.dir/Drivers/Startup/StartupSTM32F407.cpp.obj
                0x0000000008002066                CAN2_TX_IRQHandler()
 .text._Z19CAN2_RX0_IRQHandlerv
                0x000000000800206c        0x6 CMakeFiles/stm32f4.elf.dir/Drivers/Startup/StartupSTM32F407.cpp.obj
                0x000000000800206c                CAN2_RX0_IRQHandler()
 .text._Z19CAN2_RX1_IRQHandlerv
                0x0000000008002072        0x6 CMakeFiles/stm32f4.elf.dir/Drivers/Startup/StartupSTM32F407.cpp.obj
                0x0000000008002072                CAN2_RX1_IRQHandler()
 .text._Z19CAN2_SCE_IRQHandlerv
                0x0000000008002078        0x6 CMakeFiles/stm32f4.elf.dir/Drivers/Startup/StartupSTM32F407.cpp.obj
                0x0000000008002078                CAN2_SCE_IRQHandler()
 .text._Z23DMA2_Stream5_IRQHandlerv
                0x000000000800207e        0x6 CMakeFiles/stm32f4.elf.dir/Drivers/Startup/StartupSTM32F407.cpp.obj
                0x000000000800207e                DMA2_Stream5_IRQHandler()
 .text._Z23DMA2_Stream6_IRQHandlerv
                0x0000000008002084        0x6 CMakeFiles/stm32f4.elf.dir/Drivers/Startup/StartupSTM32F407.cpp.obj
                0x0000000008002084                DMA2_Stream6_IRQHandler()
 .text._Z23DMA2_Stream7_IRQHandlerv
                0x000000000800208a        0x6 CMakeFiles/stm32f4.elf.dir/Drivers/Startup/StartupSTM32F407.cpp.obj
                0x000000000800208a                DMA2_Stream7_IRQHandler()
 .text._Z17USART6_IRQHandlerv
                0x0000000008002090        0x6 CMakeFiles/stm32f4.elf.dir/Drivers/Startup/StartupSTM32F407.cpp.obj
                0x0000000008002090                USART6_IRQHandler()
 .text._Z18I2C3_EV_IRQHandlerv
                0x0000000008002096        0x6 CMakeFiles/stm32f4.elf.dir/Drivers/Startup/StartupSTM32F407.cpp.obj
                0x0000000008002096                I2C3_EV_IRQHandler()
 .text._Z18I2C3_ER_IRQHandlerv
                0x000000000800209c        0x6 CMakeFiles/stm32f4.elf.dir/Drivers/Startup/StartupSTM32F407.cpp.obj
                0x000000000800209c                I2C3_ER_IRQHandler()
 .text._Z25OTG_HS_EP1_OUT_IRQHandlerv
                0x00000000080020a2        0x6 CMakeFiles/stm32f4.elf.dir/Drivers/Startup/StartupSTM32F407.cpp.obj
                0x00000000080020a2                OTG_HS_EP1_OUT_IRQHandler()
 .text._Z24OTG_HS_EP1_IN_IRQHandlerv
                0x00000000080020a8        0x6 CMakeFiles/stm32f4.elf.dir/Drivers/Startup/StartupSTM32F407.cpp.obj
                0x00000000080020a8                OTG_HS_EP1_IN_IRQHandler()
 .text._Z22OTG_HS_WKUP_IRQHandlerv
                0x00000000080020ae        0x6 CMakeFiles/stm32f4.elf.dir/Drivers/Startup/StartupSTM32F407.cpp.obj
                0x00000000080020ae                OTG_HS_WKUP_IRQHandler()
 .text._Z17OTG_HS_IRQHandlerv
                0x00000000080020b4        0x6 CMakeFiles/stm32f4.elf.dir/Drivers/Startup/StartupSTM32F407.cpp.obj
                0x00000000080020b4                OTG_HS_IRQHandler()
 .text._Z15DCMI_IRQHandlerv
                0x00000000080020ba        0x6 CMakeFiles/stm32f4.elf.dir/Drivers/Startup/StartupSTM32F407.cpp.obj
                0x00000000080020ba                DCMI_IRQHandler()
 .text._Z19HASH_RNG_IRQHandlerv
                0x00000000080020c0        0x6 CMakeFiles/stm32f4.elf.dir/Drivers/Startup/StartupSTM32F407.cpp.obj
                0x00000000080020c0                HASH_RNG_IRQHandler()
 .text._Z14FPU_IRQHandlerv
                0x00000000080020c6        0x6 CMakeFiles/stm32f4.elf.dir/Drivers/Startup/StartupSTM32F407.cpp.obj
                0x00000000080020c6                FPU_IRQHandler()
 .text._ZN7drivers4exti9EXIT_RTSR9ClearFlagENS1_11LINE_NUMBERE
                0x00000000080020cc       0x20 CMakeFiles/stm32f4.elf.dir/Drivers/EXTI/exti.cpp.obj
                0x00000000080020cc                drivers::exti::EXIT_RTSR::ClearFlag(drivers::exti::EXIT_RTSR::LINE_NUMBER)
 .text._ZNK7drivers5clock12ClockControl15SetAHBPrescalerERKNS0_9constants12PrescalerAHBE
                0x00000000080020ec       0x30 CMakeFiles/stm32f4.elf.dir/Drivers/ClokControl/clockControl.cpp.obj
                0x00000000080020ec                drivers::clock::ClockControl::SetAHBPrescaler(drivers::clock::constants::PrescalerAHB const&) const
 .text._ZNK7drivers5clock12ClockControl16SetAPB1PrescalerERKNS0_9constants12PrescalerAPBE
                0x000000000800211c       0x30 CMakeFiles/stm32f4.elf.dir/Drivers/ClokControl/clockControl.cpp.obj
                0x000000000800211c                drivers::clock::ClockControl::SetAPB1Prescaler(drivers::clock::constants::PrescalerAPB const&) const
 .text._ZNK7drivers5clock12ClockControl16SetAPB2PrescalerERKNS0_9constants12PrescalerAPBE
                0x000000000800214c       0x30 CMakeFiles/stm32f4.elf.dir/Drivers/ClokControl/clockControl.cpp.obj
                0x000000000800214c                drivers::clock::ClockControl::SetAPB2Prescaler(drivers::clock::constants::PrescalerAPB const&) const
 .text._ZNK7drivers5clock12ClockControl15SetSysClkSourceEm
                0x000000000800217c       0x2c CMakeFiles/stm32f4.elf.dir/Drivers/ClokControl/clockControl.cpp.obj
                0x000000000800217c                drivers::clock::ClockControl::SetSysClkSource(unsigned long) const
 .text._ZNK7drivers5clock12ClockControl15InitTickSysTickEmm
                0x00000000080021a8       0x1c CMakeFiles/stm32f4.elf.dir/Drivers/ClokControl/clockControl.cpp.obj
                0x00000000080021a8                drivers::clock::ClockControl::InitTickSysTick(unsigned long, unsigned long) const
 .text._ZNK7drivers5clock12ClockControl15AHB1EnableClockERKh
                0x00000000080021c4       0x24 CMakeFiles/stm32f4.elf.dir/Drivers/ClokControl/clockControl.cpp.obj
                0x00000000080021c4                drivers::clock::ClockControl::AHB1EnableClock(unsigned char const&) const
 .text._ZNK7drivers5clock12ClockControl15AHB2EnableClockERKh
                0x00000000080021e8       0x24 CMakeFiles/stm32f4.elf.dir/Drivers/ClokControl/clockControl.cpp.obj
                0x00000000080021e8                drivers::clock::ClockControl::AHB2EnableClock(unsigned char const&) const
 .text._ZNK7drivers5clock12ClockControl15APB1EnableClockERKh
                0x000000000800220c       0x24 CMakeFiles/stm32f4.elf.dir/Drivers/ClokControl/clockControl.cpp.obj
                0x000000000800220c                drivers::clock::ClockControl::APB1EnableClock(unsigned char const&) const
 .text._ZNK7drivers5clock12ClockControl15APB2EnableClockERKh
                0x0000000008002230       0x24 CMakeFiles/stm32f4.elf.dir/Drivers/ClokControl/clockControl.cpp.obj
                0x0000000008002230                drivers::clock::ClockControl::APB2EnableClock(unsigned char const&) const
 .text._ZNK7drivers5clock12ClockControl17EnablePeripheralsERKNS0_9constants11PERIPHERALSE
                0x0000000008002254       0x52 CMakeFiles/stm32f4.elf.dir/Drivers/ClokControl/clockControl.cpp.obj
                0x0000000008002254                drivers::clock::ClockControl::EnablePeripherals(drivers::clock::constants::PERIPHERALS const&) const
 *fill*         0x00000000080022a6        0x2 
 .text._ZNK7drivers5clock12ClockControl10HSE_EnableEv
                0x00000000080022a8       0x1c CMakeFiles/stm32f4.elf.dir/Drivers/ClokControl/clockControl.cpp.obj
                0x00000000080022a8                drivers::clock::ClockControl::HSE_Enable() const
 .text._ZNK7drivers5clock12ClockControl11HSE_IsReadyEv
                0x00000000080022c4       0x10 CMakeFiles/stm32f4.elf.dir/Drivers/ClokControl/clockControl.cpp.obj
                0x00000000080022c4                drivers::clock::ClockControl::HSE_IsReady() const
 .text._ZNK7drivers5clock12ClockControl11HSI_DisableEv
                0x00000000080022d4       0x1c CMakeFiles/stm32f4.elf.dir/Drivers/ClokControl/clockControl.cpp.obj
                0x00000000080022d4                drivers::clock::ClockControl::HSI_Disable() const
 .text._ZNK7drivers5clock12ClockControl10PLL_EnableEv
                0x00000000080022f0       0x1c CMakeFiles/stm32f4.elf.dir/Drivers/ClokControl/clockControl.cpp.obj
                0x00000000080022f0                drivers::clock::ClockControl::PLL_Enable() const
 .text._ZNK7drivers5clock12ClockControl14PLL_Config_SysEtttt
                0x000000000800230c       0x44 CMakeFiles/stm32f4.elf.dir/Drivers/ClokControl/clockControl.cpp.obj
                0x000000000800230c                drivers::clock::ClockControl::PLL_Config_Sys(unsigned short, unsigned short, unsigned short, unsigned short) const
 .text._ZNK7drivers5clock12ClockControl11PLL_IsReadyEv
                0x0000000008002350       0x10 CMakeFiles/stm32f4.elf.dir/Drivers/ClokControl/clockControl.cpp.obj
                0x0000000008002350                drivers::clock::ClockControl::PLL_IsReady() const
 .text._ZN7drivers5clock12ClockControl13setBaseConfigESt5arrayIhLj4EERKNS0_9constants12PrescalerAHBERKNS4_12PrescalerAPBESA_
                0x0000000008002360       0x4c CMakeFiles/stm32f4.elf.dir/Drivers/ClokControl/clockControl.cpp.obj
                0x0000000008002360                drivers::clock::ClockControl::setBaseConfig(std::array<unsigned char, 4u>, drivers::clock::constants::PrescalerAHB const&, drivers::clock::constants::PrescalerAPB const&, drivers::clock::constants::PrescalerAPB const&)
 .text._ZN7drivers5flash5Flash10SetLatencyEh
                0x00000000080023ac       0x1c CMakeFiles/stm32f4.elf.dir/Drivers/FLASH/flash.cpp.obj
                0x00000000080023ac                drivers::flash::Flash::SetLatency(unsigned char)
 .text._ZN7drivers5flash5Flash10GetLatencyEv
                0x00000000080023c8       0x10 CMakeFiles/stm32f4.elf.dir/Drivers/FLASH/flash.cpp.obj
                0x00000000080023c8                drivers::flash::Flash::GetLatency()
 .text._ZN7drivers6timers11BasicTimers24ClearUpdateInterruptFlagEv
                0x00000000080023d8       0x18 CMakeFiles/stm32f4.elf.dir/Drivers/TIMERS/basictimer.cpp.obj
                0x00000000080023d8                drivers::timers::BasicTimers::ClearUpdateInterruptFlag()
 .text._ZNK7drivers3dma3DMA22getFlagInterruptStatusERKNS0_9constants13NUMBER_STREAMERKhb
                0x00000000080023f0      0x1de CMakeFiles/stm32f4.elf.dir/Drivers/DMA/dma.cpp.obj
                0x00000000080023f0                drivers::dma::DMA::getFlagInterruptStatus(drivers::dma::constants::NUMBER_STREAM const&, unsigned char const&, bool) const
 .text._ZNK7drivers3dma3DMA18clearFlagInterruptERKNS0_9constants13NUMBER_STREAMERKNS2_21FLAG_INTERRUPT_STATUSE
                0x00000000080025ce       0x1a CMakeFiles/stm32f4.elf.dir/Drivers/DMA/dma.cpp.obj
                0x00000000080025ce                drivers::dma::DMA::clearFlagInterrupt(drivers::dma::constants::NUMBER_STREAM const&, drivers::dma::constants::FLAG_INTERRUPT_STATUS const&) const
 .text._ZNK7drivers3dma3DMA30setStreamConfigurationRegisterERKNS0_9constants13NUMBER_STREAMERKNS2_25FLAG_STREAM_CONFIGURATIONEh
                0x00000000080025e8       0x1e CMakeFiles/stm32f4.elf.dir/Drivers/DMA/dma.cpp.obj
                0x00000000080025e8                drivers::dma::DMA::setStreamConfigurationRegister(drivers::dma::constants::NUMBER_STREAM const&, drivers::dma::constants::FLAG_STREAM_CONFIGURATION const&, unsigned char) const
 .text._ZNK7drivers3dma3DMA6enableERKNS0_9constants13NUMBER_STREAME
                0x0000000008002606       0x1a CMakeFiles/stm32f4.elf.dir/Drivers/DMA/dma.cpp.obj
                0x0000000008002606                drivers::dma::DMA::enable(drivers::dma::constants::NUMBER_STREAM const&) const
 .text._ZNK7drivers3dma3DMA7disableERKNS0_9constants13NUMBER_STREAME
                0x0000000008002620       0x18 CMakeFiles/stm32f4.elf.dir/Drivers/DMA/dma.cpp.obj
                0x0000000008002620                drivers::dma::DMA::disable(drivers::dma::constants::NUMBER_STREAM const&) const
 .text._ZNK7drivers3dma3DMA21setNumberDataRegisterERKNS0_9constants13NUMBER_STREAMEt
                0x0000000008002638        0xa CMakeFiles/stm32f4.elf.dir/Drivers/DMA/dma.cpp.obj
                0x0000000008002638                drivers::dma::DMA::setNumberDataRegister(drivers::dma::constants::NUMBER_STREAM const&, unsigned short) const
 .text._ZNK7drivers3dma3DMA28setPeripheralAddressRegisterERKNS0_9constants13NUMBER_STREAMEm
                0x0000000008002642        0xa CMakeFiles/stm32f4.elf.dir/Drivers/DMA/dma.cpp.obj
                0x0000000008002642                drivers::dma::DMA::setPeripheralAddressRegister(drivers::dma::constants::NUMBER_STREAM const&, unsigned long) const
 .text._ZNK7drivers3dma3DMA26setMemoryAddressRegister_0ERKNS0_9constants13NUMBER_STREAMEm
                0x000000000800264c        0xa CMakeFiles/stm32f4.elf.dir/Drivers/DMA/dma.cpp.obj
                0x000000000800264c                drivers::dma::DMA::setMemoryAddressRegister_0(drivers::dma::constants::NUMBER_STREAM const&, unsigned long) const
 .text._ZNK7drivers3dma3DMA18setFlagFIFOcontrolERKNS0_9constants13NUMBER_STREAMERKNS2_26FLAG_FIFO_CONTROL_REGISTEREh
                0x0000000008002656       0x20 CMakeFiles/stm32f4.elf.dir/Drivers/DMA/dma.cpp.obj
                0x0000000008002656                drivers::dma::DMA::setFlagFIFOcontrol(drivers::dma::constants::NUMBER_STREAM const&, drivers::dma::constants::FLAG_FIFO_CONTROL_REGISTER const&, unsigned char) const
 .text._ZNK7drivers3dma3DMA14getBaseAddressEv
                0x0000000008002676        0x4 CMakeFiles/stm32f4.elf.dir/Drivers/DMA/dma.cpp.obj
                0x0000000008002676                drivers::dma::DMA::getBaseAddress() const
 .text._ZNK7drivers3dma3DMA16ConfigurationDmaENS0_10DMA_ConfigE
                0x000000000800267a      0x1e0 CMakeFiles/stm32f4.elf.dir/Drivers/DMA/dma.cpp.obj
                0x000000000800267a                drivers::dma::DMA::ConfigurationDma(drivers::dma::DMA_Config) const
 .text._ZdlPv   0x000000000800285a        0x4 e:/tools/bin/../lib/gcc/arm-none-eabi/9.3.1/../../../../arm-none-eabi/lib/thumb/v7e-m+fp/hard\libstdc++_nano.a(del_op.o)
                0x000000000800285a                operator delete(void*)
 .text._ZL12read_uleb128PKhPm
                0x000000000800285e       0x1e e:/tools/bin/../lib/gcc/arm-none-eabi/9.3.1/../../../../arm-none-eabi/lib/thumb/v7e-m+fp/hard\libstdc++_nano.a(eh_personality.o)
 .text._ZL12read_sleb128PKhPl
                0x000000000800287c       0x30 e:/tools/bin/../lib/gcc/arm-none-eabi/9.3.1/../../../../arm-none-eabi/lib/thumb/v7e-m+fp/hard\libstdc++_nano.a(eh_personality.o)
 .text._ZL28read_encoded_value_with_basehjPKhPj
                0x00000000080028ac       0x8c e:/tools/bin/../lib/gcc/arm-none-eabi/9.3.1/../../../../arm-none-eabi/lib/thumb/v7e-m+fp/hard\libstdc++_nano.a(eh_personality.o)
 .text._ZL21base_of_encoded_valuehP15_Unwind_Context
                0x0000000008002938       0x48 e:/tools/bin/../lib/gcc/arm-none-eabi/9.3.1/../../../../arm-none-eabi/lib/thumb/v7e-m+fp/hard\libstdc++_nano.a(eh_personality.o)
 .text._ZL18read_encoded_valueP15_Unwind_ContexthPKhPj
                0x0000000008002980       0x22 e:/tools/bin/../lib/gcc/arm-none-eabi/9.3.1/../../../../arm-none-eabi/lib/thumb/v7e-m+fp/hard\libstdc++_nano.a(eh_personality.o)
 .text._ZL17parse_lsda_headerP15_Unwind_ContextPKhP16lsda_header_info
                0x00000000080029a2       0x62 e:/tools/bin/../lib/gcc/arm-none-eabi/9.3.1/../../../../arm-none-eabi/lib/thumb/v7e-m+fp/hard\libstdc++_nano.a(eh_personality.o)
 .text._Unwind_GetGR
                0x0000000008002a04       0x18 e:/tools/bin/../lib/gcc/arm-none-eabi/9.3.1/../../../../arm-none-eabi/lib/thumb/v7e-m+fp/hard\libstdc++_nano.a(eh_personality.o)
 .text.__gxx_personality_v0
                0x0000000008002a1c      0x344 e:/tools/bin/../lib/gcc/arm-none-eabi/9.3.1/../../../../arm-none-eabi/lib/thumb/v7e-m+fp/hard\libstdc++_nano.a(eh_personality.o)
                0x0000000008002a1c                __gxx_personality_v0
 .text._ZN10__cxxabiv111__terminateEPFvvE
                0x0000000008002d60        0x8 e:/tools/bin/../lib/gcc/arm-none-eabi/9.3.1/../../../../arm-none-eabi/lib/thumb/v7e-m+fp/hard\libstdc++_nano.a(eh_terminate.o)
                0x0000000008002d60                __cxxabiv1::__terminate(void (*)())
 .text._ZSt13get_terminatev
                0x0000000008002d68       0x10 e:/tools/bin/../lib/gcc/arm-none-eabi/9.3.1/../../../../arm-none-eabi/lib/thumb/v7e-m+fp/hard\libstdc++_nano.a(eh_terminate.o)
                0x0000000008002d68                std::get_terminate()
 .text._ZSt9terminatev
                0x0000000008002d78        0xa e:/tools/bin/../lib/gcc/arm-none-eabi/9.3.1/../../../../arm-none-eabi/lib/thumb/v7e-m+fp/hard\libstdc++_nano.a(eh_terminate.o)
                0x0000000008002d78                std::terminate()
 .text._ZN10__cxxabiv112__unexpectedEPFvvE
                0x0000000008002d82        0x8 e:/tools/bin/../lib/gcc/arm-none-eabi/9.3.1/../../../../arm-none-eabi/lib/thumb/v7e-m+fp/hard\libstdc++_nano.a(eh_terminate.o)
                0x0000000008002d82                __cxxabiv1::__unexpected(void (*)())
 *fill*         0x0000000008002d8a        0x2 
 .text._ZSt14get_unexpectedv
                0x0000000008002d8c       0x10 e:/tools/bin/../lib/gcc/arm-none-eabi/9.3.1/../../../../arm-none-eabi/lib/thumb/v7e-m+fp/hard\libstdc++_nano.a(eh_terminate.o)
                0x0000000008002d8c                std::get_unexpected()
 .text._ZSt10unexpectedv
                0x0000000008002d9c        0xa e:/tools/bin/../lib/gcc/arm-none-eabi/9.3.1/../../../../arm-none-eabi/lib/thumb/v7e-m+fp/hard\libstdc++_nano.a(eh_terminate.o)
                0x0000000008002d9c                std::unexpected()
 .text.unlikely._ZSt17__throw_bad_allocv
                0x0000000008002da6        0x6 e:/tools/bin/../lib/gcc/arm-none-eabi/9.3.1/../../../../arm-none-eabi/lib/thumb/v7e-m+fp/hard\libstdc++_nano.a(functexcept.o)
                0x0000000008002da6                std::__throw_bad_alloc()
 .text.unlikely._ZSt19__throw_logic_errorPKc
                0x0000000008002dac        0x6 e:/tools/bin/../lib/gcc/arm-none-eabi/9.3.1/../../../../arm-none-eabi/lib/thumb/v7e-m+fp/hard\libstdc++_nano.a(functexcept.o)
                0x0000000008002dac                std::__throw_logic_error(char const*)
 .text.unlikely._ZSt20__throw_length_errorPKc
                0x0000000008002db2        0x6 e:/tools/bin/../lib/gcc/arm-none-eabi/9.3.1/../../../../arm-none-eabi/lib/thumb/v7e-m+fp/hard\libstdc++_nano.a(functexcept.o)
                0x0000000008002db2                std::__throw_length_error(char const*)
 .text._ZNSt7__cxx1112basic_stringIcSt11char_traitsIcESaIcEE9_M_createERjj
                0x0000000008002db8       0x44 e:/tools/bin/../lib/gcc/arm-none-eabi/9.3.1/../../../../arm-none-eabi/lib/thumb/v7e-m+fp/hard\libstdc++_nano.a(string-inst.o)
                0x0000000008002db8                std::__cxx11::basic_string<char, std::char_traits<char>, std::allocator<char> >::_M_create(unsigned int&, unsigned int)
 .text._ZN10__cxxabiv1L24__is_gxx_exception_classEPc
                0x0000000008002dfc       0x3a e:/tools/bin/../lib/gcc/arm-none-eabi/9.3.1/../../../../arm-none-eabi/lib/thumb/v7e-m+fp/hard\libstdc++_nano.a(eh_arm.o)
 *fill*         0x0000000008002e36        0x2 
 .text.__cxa_type_match
                0x0000000008002e38       0xbc e:/tools/bin/../lib/gcc/arm-none-eabi/9.3.1/../../../../arm-none-eabi/lib/thumb/v7e-m+fp/hard\libstdc++_nano.a(eh_arm.o)
                0x0000000008002e38                __cxa_type_match
 .text.__cxa_begin_cleanup
                0x0000000008002ef4       0x3a e:/tools/bin/../lib/gcc/arm-none-eabi/9.3.1/../../../../arm-none-eabi/lib/thumb/v7e-m+fp/hard\libstdc++_nano.a(eh_arm.o)
                0x0000000008002ef4                __cxa_begin_cleanup
 .text._ZN10__cxxabiv1L24__is_gxx_exception_classEPc
                0x0000000008002f2e       0x3a e:/tools/bin/../lib/gcc/arm-none-eabi/9.3.1/../../../../arm-none-eabi/lib/thumb/v7e-m+fp/hard\libstdc++_nano.a(eh_call.o)
 .text.__cxa_call_terminate
                0x0000000008002f68       0x1e e:/tools/bin/../lib/gcc/arm-none-eabi/9.3.1/../../../../arm-none-eabi/lib/thumb/v7e-m+fp/hard\libstdc++_nano.a(eh_call.o)
                0x0000000008002f68                __cxa_call_terminate
 .text.__cxa_call_unexpected
                0x0000000008002f86       0x28 e:/tools/bin/../lib/gcc/arm-none-eabi/9.3.1/../../../../arm-none-eabi/lib/thumb/v7e-m+fp/hard\libstdc++_nano.a(eh_call.o)
                0x0000000008002f86                __cxa_call_unexpected
 .text._ZN10__cxxabiv1L24__is_gxx_exception_classEPc
                0x0000000008002fae       0x3a e:/tools/bin/../lib/gcc/arm-none-eabi/9.3.1/../../../../arm-none-eabi/lib/thumb/v7e-m+fp/hard\libstdc++_nano.a(eh_catch.o)
 .text.__cxa_begin_catch
                0x0000000008002fe8       0x52 e:/tools/bin/../lib/gcc/arm-none-eabi/9.3.1/../../../../arm-none-eabi/lib/thumb/v7e-m+fp/hard\libstdc++_nano.a(eh_catch.o)
                0x0000000008002fe8                __cxa_begin_catch
 *fill*         0x000000000800303a        0x2 
 .text.__cxa_get_globals
                0x000000000800303c        0x8 e:/tools/bin/../lib/gcc/arm-none-eabi/9.3.1/../../../../arm-none-eabi/lib/thumb/v7e-m+fp/hard\libstdc++_nano.a(eh_globals.o)
                0x000000000800303c                __cxa_get_globals
 .text._Znwj    0x0000000008003044       0x22 e:/tools/bin/../lib/gcc/arm-none-eabi/9.3.1/../../../../arm-none-eabi/lib/thumb/v7e-m+fp/hard\libstdc++_nano.a(new_op.o)
                0x0000000008003044                operator new(unsigned int)
 *fill*         0x0000000008003066        0x2 
 .text._ZN10__cxxabiv120__si_class_type_infoD2Ev
                0x0000000008003068       0x14 e:/tools/bin/../lib/gcc/arm-none-eabi/9.3.1/../../../../arm-none-eabi/lib/thumb/v7e-m+fp/hard\libstdc++_nano.a(si_class_type_info.o)
                0x0000000008003068                __cxxabiv1::__si_class_type_info::~__si_class_type_info()
                0x0000000008003068                __cxxabiv1::__si_class_type_info::~__si_class_type_info()
 .text._ZN10__cxxabiv120__si_class_type_infoD0Ev
                0x000000000800307c       0x14 e:/tools/bin/../lib/gcc/arm-none-eabi/9.3.1/../../../../arm-none-eabi/lib/thumb/v7e-m+fp/hard\libstdc++_nano.a(si_class_type_info.o)
                0x000000000800307c                __cxxabiv1::__si_class_type_info::~__si_class_type_info()
 .text._ZNK10__cxxabiv120__si_class_type_info20__do_find_public_srcEiPKvPKNS_17__class_type_infoES2_
                0x0000000008003090       0x38 e:/tools/bin/../lib/gcc/arm-none-eabi/9.3.1/../../../../arm-none-eabi/lib/thumb/v7e-m+fp/hard\libstdc++_nano.a(si_class_type_info.o)
                0x0000000008003090                __cxxabiv1::__si_class_type_info::__do_find_public_src(int, void const*, __cxxabiv1::__class_type_info const*, void const*) const
 .text._ZNK10__cxxabiv120__si_class_type_info12__do_dyncastEiNS_17__class_type_info10__sub_kindEPKS1_PKvS4_S6_RNS1_16__dyncast_resultE
                0x00000000080030c8       0x74 e:/tools/bin/../lib/gcc/arm-none-eabi/9.3.1/../../../../arm-none-eabi/lib/thumb/v7e-m+fp/hard\libstdc++_nano.a(si_class_type_info.o)
                0x00000000080030c8                __cxxabiv1::__si_class_type_info::__do_dyncast(int, __cxxabiv1::__class_type_info::__sub_kind, __cxxabiv1::__class_type_info const*, void const*, __cxxabiv1::__class_type_info const*, void const*, __cxxabiv1::__class_type_info::__dyncast_result&) const
 .text._ZNK10__cxxabiv120__si_class_type_info11__do_upcastEPKNS_17__class_type_infoEPKvRNS1_15__upcast_resultE
                0x000000000800313c       0x2a e:/tools/bin/../lib/gcc/arm-none-eabi/9.3.1/../../../../arm-none-eabi/lib/thumb/v7e-m+fp/hard\libstdc++_nano.a(si_class_type_info.o)
                0x000000000800313c                __cxxabiv1::__si_class_type_info::__do_upcast(__cxxabiv1::__class_type_info const*, void const*, __cxxabiv1::__class_type_info::__upcast_result&) const
 .text._ZNSt9type_infoD2Ev
                0x0000000008003166        0x2 e:/tools/bin/../lib/gcc/arm-none-eabi/9.3.1/../../../../arm-none-eabi/lib/thumb/v7e-m+fp/hard\libstdc++_nano.a(tinfo.o)
                0x0000000008003166                std::type_info::~type_info()
                0x0000000008003166                std::type_info::~type_info()
 .text._ZNKSt9type_info14__is_pointer_pEv
                0x0000000008003168        0x4 e:/tools/bin/../lib/gcc/arm-none-eabi/9.3.1/../../../../arm-none-eabi/lib/thumb/v7e-m+fp/hard\libstdc++_nano.a(tinfo.o)
                0x0000000008003168                std::type_info::__is_pointer_p() const
                0x0000000008003168                std::type_info::__is_function_p() const
 .text._ZNKSt9type_infoeqERKS_
                0x000000000800316c       0x2c e:/tools/bin/../lib/gcc/arm-none-eabi/9.3.1/../../../../arm-none-eabi/lib/thumb/v7e-m+fp/hard\libstdc++_nano.a(tinfo.o)
                0x000000000800316c                std::type_info::operator==(std::type_info const&) const
 .text._ZNK10__cxxabiv117__class_type_info11__do_upcastEPKS0_PPv
                0x0000000008003198       0x34 e:/tools/bin/../lib/gcc/arm-none-eabi/9.3.1/../../../../arm-none-eabi/lib/thumb/v7e-m+fp/hard\libstdc++_nano.a(class_type_info.o)
                0x0000000008003198                __cxxabiv1::__class_type_info::__do_upcast(__cxxabiv1::__class_type_info const*, void**) const
 .text._ZNK10__cxxabiv117__class_type_info20__do_find_public_srcEiPKvPKS0_S2_
                0x00000000080031cc        0xc e:/tools/bin/../lib/gcc/arm-none-eabi/9.3.1/../../../../arm-none-eabi/lib/thumb/v7e-m+fp/hard\libstdc++_nano.a(class_type_info.o)
                0x00000000080031cc                __cxxabiv1::__class_type_info::__do_find_public_src(int, void const*, __cxxabiv1::__class_type_info const*, void const*) const
 .text._ZN10__cxxabiv117__class_type_infoD2Ev
                0x00000000080031d8       0x14 e:/tools/bin/../lib/gcc/arm-none-eabi/9.3.1/../../../../arm-none-eabi/lib/thumb/v7e-m+fp/hard\libstdc++_nano.a(class_type_info.o)
                0x00000000080031d8                __cxxabiv1::__class_type_info::~__class_type_info()
                0x00000000080031d8                __cxxabiv1::__class_type_info::~__class_type_info()
 .text._ZN10__cxxabiv117__class_type_infoD0Ev
                0x00000000080031ec       0x14 e:/tools/bin/../lib/gcc/arm-none-eabi/9.3.1/../../../../arm-none-eabi/lib/thumb/v7e-m+fp/hard\libstdc++_nano.a(class_type_info.o)
                0x00000000080031ec                __cxxabiv1::__class_type_info::~__class_type_info()
 .text._ZNK10__cxxabiv117__class_type_info12__do_dyncastEiNS0_10__sub_kindEPKS0_PKvS3_S5_RNS0_16__dyncast_resultE
                0x0000000008003200       0x3e e:/tools/bin/../lib/gcc/arm-none-eabi/9.3.1/../../../../arm-none-eabi/lib/thumb/v7e-m+fp/hard\libstdc++_nano.a(class_type_info.o)
                0x0000000008003200                __cxxabiv1::__class_type_info::__do_dyncast(int, __cxxabiv1::__class_type_info::__sub_kind, __cxxabiv1::__class_type_info const*, void const*, __cxxabiv1::__class_type_info const*, void const*, __cxxabiv1::__class_type_info::__dyncast_result&) const
 .text._ZNK10__cxxabiv117__class_type_info11__do_upcastEPKS0_PKvRNS0_15__upcast_resultE
                0x000000000800323e       0x18 e:/tools/bin/../lib/gcc/arm-none-eabi/9.3.1/../../../../arm-none-eabi/lib/thumb/v7e-m+fp/hard\libstdc++_nano.a(class_type_info.o)
                0x000000000800323e                __cxxabiv1::__class_type_info::__do_upcast(__cxxabiv1::__class_type_info const*, void const*, __cxxabiv1::__class_type_info::__upcast_result&) const
 .text._ZNK10__cxxabiv117__class_type_info10__do_catchEPKSt9type_infoPPvj
                0x0000000008003256       0x2a e:/tools/bin/../lib/gcc/arm-none-eabi/9.3.1/../../../../arm-none-eabi/lib/thumb/v7e-m+fp/hard\libstdc++_nano.a(class_type_info.o)
                0x0000000008003256                __cxxabiv1::__class_type_info::__do_catch(std::type_info const*, void**, unsigned int) const
 .text._ZdlPvj  0x0000000008003280        0x4 e:/tools/bin/../lib/gcc/arm-none-eabi/9.3.1/../../../../arm-none-eabi/lib/thumb/v7e-m+fp/hard\libstdc++_nano.a(del_ops.o)
                0x0000000008003280                operator delete(void*, unsigned int)
 .text._ZSt15get_new_handlerv
                0x0000000008003284       0x10 e:/tools/bin/../lib/gcc/arm-none-eabi/9.3.1/../../../../arm-none-eabi/lib/thumb/v7e-m+fp/hard\libstdc++_nano.a(new_handler.o)
                0x0000000008003284                std::get_new_handler()
 .text.unlikely
                0x0000000008003294        0xc e:/tools/bin/../lib/gcc/arm-none-eabi/9.3.1/thumb/v7e-m+fp/hard\libgcc.a(pr-support.o)
                0x0000000008003294                _Unwind_GetDataRelBase
                0x000000000800329a                _Unwind_GetTextRelBase
 .text.abort    0x00000000080032a0        0xe e:/tools/bin/../lib/gcc/arm-none-eabi/9.3.1/../../../../arm-none-eabi/lib/thumb/v7e-m+fp/hard\libg_nano.a(lib_a-abort.o)
                0x00000000080032a0                abort
 *fill*         0x00000000080032ae        0x2 
 .text.malloc   0x00000000080032b0       0x10 e:/tools/bin/../lib/gcc/arm-none-eabi/9.3.1/../../../../arm-none-eabi/lib/thumb/v7e-m+fp/hard\libg_nano.a(lib_a-malloc.o)
                0x00000000080032b0                malloc
 .text.free     0x00000000080032c0       0x10 e:/tools/bin/../lib/gcc/arm-none-eabi/9.3.1/../../../../arm-none-eabi/lib/thumb/v7e-m+fp/hard\libg_nano.a(lib_a-malloc.o)
                0x00000000080032c0                free
 .text.memcpy   0x00000000080032d0       0x1c e:/tools/bin/../lib/gcc/arm-none-eabi/9.3.1/../../../../arm-none-eabi/lib/thumb/v7e-m+fp/hard\libg_nano.a(lib_a-memcpy-stub.o)
                0x00000000080032d0                memcpy
 .text._free_r  0x00000000080032ec       0xa0 e:/tools/bin/../lib/gcc/arm-none-eabi/9.3.1/../../../../arm-none-eabi/lib/thumb/v7e-m+fp/hard\libg_nano.a(lib_a-nano-freer.o)
                0x00000000080032ec                _free_r
 .text._malloc_r
                0x000000000800338c       0xb4 e:/tools/bin/../lib/gcc/arm-none-eabi/9.3.1/../../../../arm-none-eabi/lib/thumb/v7e-m+fp/hard\libg_nano.a(lib_a-nano-mallocr.o)
                0x000000000800338c                _malloc_r
 .text._sbrk_r  0x0000000008003440       0x20 e:/tools/bin/../lib/gcc/arm-none-eabi/9.3.1/../../../../arm-none-eabi/lib/thumb/v7e-m+fp/hard\libg_nano.a(lib_a-sbrkr.o)
                0x0000000008003440                _sbrk_r
 .text._raise_r
                0x0000000008003460       0x50 e:/tools/bin/../lib/gcc/arm-none-eabi/9.3.1/../../../../arm-none-eabi/lib/thumb/v7e-m+fp/hard\libg_nano.a(lib_a-signal.o)
                0x0000000008003460                _raise_r
 .text.raise    0x00000000080034b0       0x10 e:/tools/bin/../lib/gcc/arm-none-eabi/9.3.1/../../../../arm-none-eabi/lib/thumb/v7e-m+fp/hard\libg_nano.a(lib_a-signal.o)
                0x00000000080034b0                raise
 .text._kill_r  0x00000000080034c0       0x24 e:/tools/bin/../lib/gcc/arm-none-eabi/9.3.1/../../../../arm-none-eabi/lib/thumb/v7e-m+fp/hard\libg_nano.a(lib_a-signalr.o)
                0x00000000080034c0                _kill_r
 .text._getpid_r
                0x00000000080034e4        0x4 e:/tools/bin/../lib/gcc/arm-none-eabi/9.3.1/../../../../arm-none-eabi/lib/thumb/v7e-m+fp/hard\libg_nano.a(lib_a-signalr.o)
                0x00000000080034e4                _getpid_r
 .text.__malloc_lock
                0x00000000080034e8        0xc e:/tools/bin/../lib/gcc/arm-none-eabi/9.3.1/../../../../arm-none-eabi/lib/thumb/v7e-m+fp/hard\libg_nano.a(lib_a-mlock.o)
                0x00000000080034e8                __malloc_lock
 .text.__malloc_unlock
                0x00000000080034f4        0xc e:/tools/bin/../lib/gcc/arm-none-eabi/9.3.1/../../../../arm-none-eabi/lib/thumb/v7e-m+fp/hard\libg_nano.a(lib_a-mlock.o)
                0x00000000080034f4                __malloc_unlock
 .text.__retarget_lock_acquire_recursive
                0x0000000008003500        0x2 e:/tools/bin/../lib/gcc/arm-none-eabi/9.3.1/../../../../arm-none-eabi/lib/thumb/v7e-m+fp/hard\libg_nano.a(lib_a-lock.o)
                0x0000000008003500                __retarget_lock_acquire_recursive
 .text.__retarget_lock_release_recursive
                0x0000000008003502        0x2 e:/tools/bin/../lib/gcc/arm-none-eabi/9.3.1/../../../../arm-none-eabi/lib/thumb/v7e-m+fp/hard\libg_nano.a(lib_a-lock.o)
                0x0000000008003502                __retarget_lock_release_recursive
 .text._getpid  0x0000000008003504       0x10 e:/tools/bin/../lib/gcc/arm-none-eabi/9.3.1/../../../../arm-none-eabi/lib/thumb/v7e-m+fp/hard\libnosys.a(getpid.o)
                0x0000000008003504                _getpid
 .text._kill    0x0000000008003514       0x10 e:/tools/bin/../lib/gcc/arm-none-eabi/9.3.1/../../../../arm-none-eabi/lib/thumb/v7e-m+fp/hard\libnosys.a(kill.o)
                0x0000000008003514                _kill
 .text._sbrk    0x0000000008003524       0x1c e:/tools/bin/../lib/gcc/arm-none-eabi/9.3.1/../../../../arm-none-eabi/lib/thumb/v7e-m+fp/hard\libnosys.a(sbrk.o)
                0x0000000008003524                _sbrk
 .text._exit    0x0000000008003540        0x2 e:/tools/bin/../lib/gcc/arm-none-eabi/9.3.1/../../../../arm-none-eabi/lib/thumb/v7e-m+fp/hard\libnosys.a(_exit.o)
                0x0000000008003540                _exit
 *(.glue_7)
 .glue_7        0x0000000008003542        0x0 linker stubs
 *(.glue_7t)
 .glue_7t       0x0000000008003542        0x0 linker stubs
 *(.eh_frame)
 *fill*         0x0000000008003542        0x2 
 .eh_frame      0x0000000008003544        0x0 e:/tools/bin/../lib/gcc/arm-none-eabi/9.3.1/thumb/v7e-m+fp/hard/crtbegin.o
 *(.init)
 .init          0x0000000008003544        0x4 e:/tools/bin/../lib/gcc/arm-none-eabi/9.3.1/thumb/v7e-m+fp/hard/crti.o
                0x0000000008003544                _init
 .init          0x0000000008003548        0x8 e:/tools/bin/../lib/gcc/arm-none-eabi/9.3.1/thumb/v7e-m+fp/hard/crtn.o
 *(.fini)
 .fini          0x0000000008003550        0x4 e:/tools/bin/../lib/gcc/arm-none-eabi/9.3.1/thumb/v7e-m+fp/hard/crti.o
                0x0000000008003550                _fini
 .fini          0x0000000008003554        0x8 e:/tools/bin/../lib/gcc/arm-none-eabi/9.3.1/thumb/v7e-m+fp/hard/crtn.o
                0x000000000800355c                . = ALIGN (0x4)
                0x000000000800355c                _etext = .

.vfp11_veneer   0x000000000800355c        0x0
 .vfp11_veneer  0x000000000800355c        0x0 linker stubs

.v4_bx          0x000000000800355c        0x0
 .v4_bx         0x000000000800355c        0x0 linker stubs

.iplt           0x000000000800355c        0x0
 .iplt          0x000000000800355c        0x0 e:/tools/bin/../lib/gcc/arm-none-eabi/9.3.1/thumb/v7e-m+fp/hard/crtbegin.o

.rodata         0x000000000800355c      0x1cc
                0x000000000800355c                . = ALIGN (0x4)
 *(.rodata)
 .rodata        0x000000000800355c       0x34 CMakeFiles/stm32f4.elf.dir/src/main.cpp.obj
 *(.rodata*)
 .rodata._ZNSt7__cxx1112basic_stringIcSt11char_traitsIcESaIcEE12_M_constructIPKcEEvT_S8_St20forward_iterator_tag.str1.4
                0x0000000008003590       0x2a CMakeFiles/stm32f4.elf.dir/src/main.cpp.obj
 *fill*         0x00000000080035ba        0x2 
 .rodata._ZN4Bass4mainEv.str1.4
                0x00000000080035bc       0x14 CMakeFiles/stm32f4.elf.dir/src/main.cpp.obj
 .rodata._Z23DMA1_Stream5_IRQHandlerv.str1.4
                0x00000000080035d0        0xa CMakeFiles/stm32f4.elf.dir/src/main.cpp.obj
 *fill*         0x00000000080035da        0x2 
 .rodata._Z23DMA1_Stream6_IRQHandlerv.str1.4
                0x00000000080035dc        0xa CMakeFiles/stm32f4.elf.dir/src/main.cpp.obj
 .rodata._ZNSt7__cxx1112basic_stringIcSt11char_traitsIcESaIcEE9_M_createERjj.str1.1
                0x00000000080035e6       0x18 e:/tools/bin/../lib/gcc/arm-none-eabi/9.3.1/../../../../arm-none-eabi/lib/thumb/v7e-m+fp/hard\libstdc++_nano.a(string-inst.o)
 *fill*         0x00000000080035fe        0x2 
 .rodata._ZTIN10__cxxabiv115__forced_unwindE
                0x0000000008003600        0x8 e:/tools/bin/../lib/gcc/arm-none-eabi/9.3.1/../../../../arm-none-eabi/lib/thumb/v7e-m+fp/hard\libstdc++_nano.a(eh_exception.o)
                0x0000000008003600                typeinfo for __cxxabiv1::__forced_unwind
 .rodata._ZTIN10__cxxabiv119__foreign_exceptionE
                0x0000000008003608        0x8 e:/tools/bin/../lib/gcc/arm-none-eabi/9.3.1/../../../../arm-none-eabi/lib/thumb/v7e-m+fp/hard\libstdc++_nano.a(eh_exception.o)
                0x0000000008003608                typeinfo for __cxxabiv1::__foreign_exception
 .rodata._ZTSN10__cxxabiv115__forced_unwindE
                0x0000000008003610       0x20 e:/tools/bin/../lib/gcc/arm-none-eabi/9.3.1/../../../../arm-none-eabi/lib/thumb/v7e-m+fp/hard\libstdc++_nano.a(eh_exception.o)
                0x0000000008003610                typeinfo name for __cxxabiv1::__forced_unwind
 .rodata._ZTSN10__cxxabiv119__foreign_exceptionE
                0x0000000008003630       0x24 e:/tools/bin/../lib/gcc/arm-none-eabi/9.3.1/../../../../arm-none-eabi/lib/thumb/v7e-m+fp/hard\libstdc++_nano.a(eh_exception.o)
                0x0000000008003630                typeinfo name for __cxxabiv1::__foreign_exception
 .rodata._ZTIN10__cxxabiv120__si_class_type_infoE
                0x0000000008003654        0xc e:/tools/bin/../lib/gcc/arm-none-eabi/9.3.1/../../../../arm-none-eabi/lib/thumb/v7e-m+fp/hard\libstdc++_nano.a(si_class_type_info.o)
                0x0000000008003654                typeinfo for __cxxabiv1::__si_class_type_info
 .rodata._ZTSN10__cxxabiv120__si_class_type_infoE
                0x0000000008003660       0x25 e:/tools/bin/../lib/gcc/arm-none-eabi/9.3.1/../../../../arm-none-eabi/lib/thumb/v7e-m+fp/hard\libstdc++_nano.a(si_class_type_info.o)
                0x0000000008003660                typeinfo name for __cxxabiv1::__si_class_type_info
 *fill*         0x0000000008003685        0x3 
 .rodata._ZTVN10__cxxabiv120__si_class_type_infoE
                0x0000000008003688       0x2c e:/tools/bin/../lib/gcc/arm-none-eabi/9.3.1/../../../../arm-none-eabi/lib/thumb/v7e-m+fp/hard\libstdc++_nano.a(si_class_type_info.o)
                0x0000000008003688                vtable for __cxxabiv1::__si_class_type_info
 .rodata._ZTISt9type_info
                0x00000000080036b4        0x8 e:/tools/bin/../lib/gcc/arm-none-eabi/9.3.1/../../../../arm-none-eabi/lib/thumb/v7e-m+fp/hard\libstdc++_nano.a(tinfo.o)
                0x00000000080036b4                typeinfo for std::type_info
 .rodata._ZTSSt9type_info
                0x00000000080036bc        0xd e:/tools/bin/../lib/gcc/arm-none-eabi/9.3.1/../../../../arm-none-eabi/lib/thumb/v7e-m+fp/hard\libstdc++_nano.a(tinfo.o)
                0x00000000080036bc                typeinfo name for std::type_info
 *fill*         0x00000000080036c9        0x3 
 .rodata._ZTIN10__cxxabiv117__class_type_infoE
                0x00000000080036cc        0xc e:/tools/bin/../lib/gcc/arm-none-eabi/9.3.1/../../../../arm-none-eabi/lib/thumb/v7e-m+fp/hard\libstdc++_nano.a(class_type_info.o)
                0x00000000080036cc                typeinfo for __cxxabiv1::__class_type_info
 .rodata._ZTSN10__cxxabiv117__class_type_infoE
                0x00000000080036d8       0x22 e:/tools/bin/../lib/gcc/arm-none-eabi/9.3.1/../../../../arm-none-eabi/lib/thumb/v7e-m+fp/hard\libstdc++_nano.a(class_type_info.o)
                0x00000000080036d8                typeinfo name for __cxxabiv1::__class_type_info
 *fill*         0x00000000080036fa        0x2 
 .rodata._ZTVN10__cxxabiv117__class_type_infoE
                0x00000000080036fc       0x2c e:/tools/bin/../lib/gcc/arm-none-eabi/9.3.1/../../../../arm-none-eabi/lib/thumb/v7e-m+fp/hard\libstdc++_nano.a(class_type_info.o)
                0x00000000080036fc                vtable for __cxxabiv1::__class_type_info
                0x0000000008003728                . = ALIGN (0x4)

.ARM.extab      0x0000000008003728       0x3c
                0x0000000008003728                . = ALIGN (0x4)
 *(.ARM.extab* .gnu.linkonce.armextab.*)
 .ARM.extab.text._ZN7drivers5clock12ClockControlC2ERKNS0_9FrequencyE
                0x0000000008003728        0x0 CMakeFiles/stm32f4.elf.dir/src/main.cpp.obj
 .ARM.extab.text._Z19TIM6_DAC_IRQHandlerv
                0x0000000008003728        0xc CMakeFiles/stm32f4.elf.dir/src/main.cpp.obj
 .ARM.extab.text._ZNSt7__cxx1112basic_stringIcSt11char_traitsIcESaIcEE12_M_constructIPKcEEvT_S8_St20forward_iterator_tag
                0x0000000008003734        0x0 CMakeFiles/stm32f4.elf.dir/src/main.cpp.obj
 .ARM.extab.text._ZNSt7__cxx1112basic_stringIcSt11char_traitsIcESaIcEEC2IS3_EEPKcRKS3_
                0x0000000008003734        0x0 CMakeFiles/stm32f4.elf.dir/src/main.cpp.obj
 .ARM.extab.text._ZN4Bass4mainEv
                0x0000000008003734        0xc CMakeFiles/stm32f4.elf.dir/src/main.cpp.obj
 .ARM.extab.text._ZN7drivers5usart5USART17ConfigGpioForUartENS_4port14ADDRESSES_PORTES3_NS2_10PIN_NUMBERES4_NS2_18ALTERNATE_FUNCTIONE
                0x0000000008003740        0xc CMakeFiles/stm32f4.elf.dir/Drivers/USART/usart.cpp.obj
 .ARM.extab     0x000000000800374c       0x18 e:/tools/bin/../lib/gcc/arm-none-eabi/9.3.1/thumb/v7e-m+fp/hard\libgcc.a(pr-support.o)
                0x0000000008003764                . = ALIGN (0x4)

.ARM            0x0000000008003764      0x108
                0x0000000008003764                . = ALIGN (0x4)
                0x0000000008003764                __exidx_start = .
 *(.ARM.exidx*)
 .ARM.exidx.text._ZN7drivers5clock12ClockControlC2ERKNS0_9FrequencyE
                0x000000000800381c        0x0 CMakeFiles/stm32f4.elf.dir/src/main.cpp.obj
                                          0x8 (size before relaxing)
 .ARM.exidx.text._Z16EXTI0_IRQHandlerv
                0x000000000800381c        0x0 CMakeFiles/stm32f4.elf.dir/src/main.cpp.obj
                                          0x8 (size before relaxing)
 .ARM.exidx.text._Z17USART1_IRQHandlerv
                0x000000000800381c        0x0 CMakeFiles/stm32f4.elf.dir/src/main.cpp.obj
                                          0x8 (size before relaxing)
 .ARM.exidx.text._Z17USART2_IRQHandlerv
                0x000000000800381c        0x8 CMakeFiles/stm32f4.elf.dir/src/main.cpp.obj
 .ARM.exidx.text._Z17OTG_FS_IRQHandlerv
                0x0000000008003824        0x8 CMakeFiles/stm32f4.elf.dir/src/main.cpp.obj
 .ARM.exidx.text._Z19TIM6_DAC_IRQHandlerv
                0x000000000800382c        0x8 CMakeFiles/stm32f4.elf.dir/src/main.cpp.obj
 .ARM.exidx.text._ZNSt7__cxx1112basic_stringIcSt11char_traitsIcESaIcEE12_M_constructIPKcEEvT_S8_St20forward_iterator_tag
                0x0000000008003834        0x8 CMakeFiles/stm32f4.elf.dir/src/main.cpp.obj
 .ARM.exidx.text._ZNSt7__cxx1112basic_stringIcSt11char_traitsIcESaIcEEC2IS3_EEPKcRKS3_
                0x000000000800383c        0x8 CMakeFiles/stm32f4.elf.dir/src/main.cpp.obj
 .ARM.exidx.text._ZN4Bass4mainEv
                0x0000000008003844        0x8 CMakeFiles/stm32f4.elf.dir/src/main.cpp.obj
 .ARM.exidx.text._Z23DMA1_Stream5_IRQHandlerv
                0x000000000800384c        0x8 CMakeFiles/stm32f4.elf.dir/src/main.cpp.obj
 .ARM.exidx.text._Z23DMA1_Stream6_IRQHandlerv
                0x0000000008003854        0x0 CMakeFiles/stm32f4.elf.dir/src/main.cpp.obj
                                          0x8 (size before relaxing)
 .ARM.exidx.text._ZN4libs4CoutC2ERN7drivers5usart5USARTE
                0x0000000008003854        0x8 CMakeFiles/stm32f4.elf.dir/libs/print/cout.cpp.obj
 .ARM.exidx.text._ZN4libs4CoutlsENSt7__cxx1112basic_stringIcSt11char_traitsIcESaIcEEE
                0x000000000800385c        0x0 CMakeFiles/stm32f4.elf.dir/libs/print/cout.cpp.obj
                                          0x8 (size before relaxing)
 .ARM.exidx.text._ZN4libs4CoutlsEm
                0x000000000800385c        0x0 CMakeFiles/stm32f4.elf.dir/libs/print/cout.cpp.obj
                                          0x8 (size before relaxing)
 .ARM.exidx.text._ZN4libs4CoutlsENS0_8CommandsE
                0x000000000800385c        0x0 CMakeFiles/stm32f4.elf.dir/libs/print/cout.cpp.obj
                                          0x8 (size before relaxing)
 .ARM.exidx.text._ZN7drivers4port4GPIOC2ERKNS_5clock12ClockControlENS0_14ADDRESSES_PORTE
                0x000000000800385c        0x0 CMakeFiles/stm32f4.elf.dir/Drivers/GPIO/gpio.cpp.obj
                                          0x8 (size before relaxing)
 .ARM.exidx.text._ZNK7drivers4port4GPIO11SetPinSpeedENS0_10PIN_NUMBERENS0_8PIN_SEEDE
                0x000000000800385c        0x0 CMakeFiles/stm32f4.elf.dir/Drivers/GPIO/gpio.cpp.obj
                                          0x8 (size before relaxing)
 .ARM.exidx.text._ZNK7drivers4port4GPIO16SetPinOutputTypeENS0_10PIN_NUMBERENS0_11OUTPUT_TYPEE
                0x000000000800385c        0x0 CMakeFiles/stm32f4.elf.dir/Drivers/GPIO/gpio.cpp.obj
                                          0x8 (size before relaxing)
 .ARM.exidx.text._ZNK7drivers4port4GPIO10SetPinPullENS0_10PIN_NUMBERENS0_10TYPE_PUPDRE
                0x000000000800385c        0x0 CMakeFiles/stm32f4.elf.dir/Drivers/GPIO/gpio.cpp.obj
                                          0x8 (size before relaxing)
 .ARM.exidx.text._ZNK7drivers4port4GPIO8SetAFPinENS0_10PIN_NUMBERENS0_18ALTERNATE_FUNCTIONE
                0x000000000800385c        0x0 CMakeFiles/stm32f4.elf.dir/Drivers/GPIO/gpio.cpp.obj
                                          0x8 (size before relaxing)
 .ARM.exidx.text._ZNK7drivers4port4GPIO10SetPinModeENS0_10PIN_NUMBERENS0_10PORT_MODERE
                0x000000000800385c        0x0 CMakeFiles/stm32f4.elf.dir/Drivers/GPIO/gpio.cpp.obj
                                          0x8 (size before relaxing)
 .ARM.exidx.text._ZNK7drivers4port4GPIO12SetOutputPinENS0_10PIN_NUMBERE
                0x000000000800385c        0x0 CMakeFiles/stm32f4.elf.dir/Drivers/GPIO/gpio.cpp.obj
                                          0x8 (size before relaxing)
 .ARM.exidx.text._ZNK7drivers4port4GPIO14ResetOutputPinENS0_10PIN_NUMBERE
                0x000000000800385c        0x0 CMakeFiles/stm32f4.elf.dir/Drivers/GPIO/gpio.cpp.obj
                                          0x8 (size before relaxing)
 .ARM.exidx.text._ZNK7drivers4port4GPIO6SetPinENS0_10PIN_NUMBERENS0_10STATUS_PINE
                0x000000000800385c        0x0 CMakeFiles/stm32f4.elf.dir/Drivers/GPIO/gpio.cpp.obj
                                          0x8 (size before relaxing)
 .ARM.exidx.text._ZNK7drivers4port4GPIO7InitPinENS0_10PIN_NUMBERENS0_10PORT_MODERE
                0x000000000800385c        0x0 CMakeFiles/stm32f4.elf.dir/Drivers/GPIO/gpio.cpp.obj
                                          0x8 (size before relaxing)
 .ARM.exidx.text._ZNK7drivers4port4GPIO9TogglePinENS0_10PIN_NUMBERE
                0x000000000800385c        0x0 CMakeFiles/stm32f4.elf.dir/Drivers/GPIO/gpio.cpp.obj
                                          0x8 (size before relaxing)
 .ARM.exidx.text._ZN7drivers5usart5USART17ConfigGpioForUartENS_4port14ADDRESSES_PORTES3_NS2_10PIN_NUMBERES4_NS2_18ALTERNATE_FUNCTIONE
                0x000000000800385c        0x8 CMakeFiles/stm32f4.elf.dir/Drivers/USART/usart.cpp.obj
 .ARM.exidx.text._ZN7drivers5usart5USART11RemapUsart2ENS0_12USART2_RemapE
                0x0000000008003864        0x8 CMakeFiles/stm32f4.elf.dir/Drivers/USART/usart.cpp.obj
 .ARM.exidx.text._ZN7drivers5usart5USART13SetWordLengthENS0_11WORD_LENGTHE
                0x000000000800386c        0x0 CMakeFiles/stm32f4.elf.dir/Drivers/USART/usart.cpp.obj
                                          0x8 (size before relaxing)
 .ARM.exidx.text._ZN7drivers5usart5USART14ReceiverEnableENS0_6STATUSE
                0x000000000800386c        0x0 CMakeFiles/stm32f4.elf.dir/Drivers/USART/usart.cpp.obj
                                          0x8 (size before relaxing)
 .ARM.exidx.text._ZN7drivers5usart5USART17TransmitterEnableENS0_6STATUSE
                0x000000000800386c        0x0 CMakeFiles/stm32f4.elf.dir/Drivers/USART/usart.cpp.obj
                                          0x8 (size before relaxing)
 .ARM.exidx.text._ZN7drivers5usart5USART11UsartEnableENS0_6STATUSE
                0x000000000800386c        0x0 CMakeFiles/stm32f4.elf.dir/Drivers/USART/usart.cpp.obj
                                          0x8 (size before relaxing)
 .ARM.exidx.text._ZN7drivers5usart5USART11SetBaudRateENS0_9BAUD_RATEEm
                0x000000000800386c        0x0 CMakeFiles/stm32f4.elf.dir/Drivers/USART/usart.cpp.obj
                                          0x8 (size before relaxing)
 .ARM.exidx.text._ZN7drivers5usart5USART12TransmitDataEh
                0x000000000800386c        0x0 CMakeFiles/stm32f4.elf.dir/Drivers/USART/usart.cpp.obj
                                          0x8 (size before relaxing)
 .ARM.exidx.text._ZN7drivers5usart5USART11ReceiveDataEv
                0x000000000800386c        0x0 CMakeFiles/stm32f4.elf.dir/Drivers/USART/usart.cpp.obj
                                          0x8 (size before relaxing)
 .ARM.exidx.text._ZN7drivers5usart5USART10IsBusyFlagEv
                0x000000000800386c        0x0 CMakeFiles/stm32f4.elf.dir/Drivers/USART/usart.cpp.obj
                                          0x8 (size before relaxing)
 .ARM.exidx.text._ZN7drivers5usart5USART14TransmitStringEPvj
                0x000000000800386c        0x0 CMakeFiles/stm32f4.elf.dir/Drivers/USART/usart.cpp.obj
                                          0x8 (size before relaxing)
 .ARM.exidx.text._ZN7drivers5usart5USART9ClearFlagENS0_13SR_clear_flagE
                0x000000000800386c        0x0 CMakeFiles/stm32f4.elf.dir/Drivers/USART/usart.cpp.obj
                                          0x8 (size before relaxing)
 .ARM.exidx.text._ZN7drivers5usart5USART15EnableInterruptENS0_9INTERRUPTE
                0x000000000800386c        0x0 CMakeFiles/stm32f4.elf.dir/Drivers/USART/usart.cpp.obj
                                          0x8 (size before relaxing)
 .ARM.exidx.text._ZN7drivers5usart5USART20DMAEnableTransmitterENS0_6STATUSE
                0x000000000800386c        0x0 CMakeFiles/stm32f4.elf.dir/Drivers/USART/usart.cpp.obj
                                          0x8 (size before relaxing)
 .ARM.exidx.text._ZN7drivers5usart5USART17DMAEnableReceiverENS0_6STATUSE
                0x000000000800386c        0x0 CMakeFiles/stm32f4.elf.dir/Drivers/USART/usart.cpp.obj
                                          0x8 (size before relaxing)
 .ARM.exidx.text._ZN7drivers5usart5USART12InitUsartDmaERKNS_3dma3DMAENS2_10DMA_ConfigEbb
                0x000000000800386c        0x0 CMakeFiles/stm32f4.elf.dir/Drivers/USART/usart.cpp.obj
                                          0x8 (size before relaxing)
 .ARM.exidx.text._ZN7drivers5usart5USART15TransmitDataDmaERNS_3dma3DMAEPht
                0x000000000800386c        0x0 CMakeFiles/stm32f4.elf.dir/Drivers/USART/usart.cpp.obj
                                          0x8 (size before relaxing)
 .ARM.exidx.text._ZN7drivers5usart5USART14ReceiveDataDmaERNS_3dma3DMAEPht
                0x000000000800386c        0x0 CMakeFiles/stm32f4.elf.dir/Drivers/USART/usart.cpp.obj
                                          0x8 (size before relaxing)
 .ARM.exidx.text._ZN7drivers4nvic4NVICC2Ev
                0x000000000800386c        0x0 CMakeFiles/stm32f4.elf.dir/Drivers/NVIC/nvic.cpp.obj
                                          0x8 (size before relaxing)
 .ARM.exidx.text._ZN7drivers4nvic4NVIC14NVIC_EnableIRQENS0_9LINE_IRQnE
                0x000000000800386c        0x0 CMakeFiles/stm32f4.elf.dir/Drivers/NVIC/nvic.cpp.obj
                                          0x8 (size before relaxing)
 .ARM.exidx.text._Z13Reset_Handlerv
                0x000000000800386c        0x0 CMakeFiles/stm32f4.elf.dir/Drivers/Startup/StartupSTM32F407.cpp.obj
                                          0x8 (size before relaxing)
 .ARM.exidx.text._Z15Default_Handlerv
                0x000000000800386c        0x0 CMakeFiles/stm32f4.elf.dir/Drivers/Startup/StartupSTM32F407.cpp.obj
                                          0x8 (size before relaxing)
 .ARM.exidx.text._Z11NMI_Handlerv
                0x000000000800386c        0x0 CMakeFiles/stm32f4.elf.dir/Drivers/Startup/StartupSTM32F407.cpp.obj
                                          0x8 (size before relaxing)
 .ARM.exidx.text._Z17HardFault_Handlerv
                0x000000000800386c        0x0 CMakeFiles/stm32f4.elf.dir/Drivers/Startup/StartupSTM32F407.cpp.obj
                                          0x8 (size before relaxing)
 .ARM.exidx.text._Z17MemManage_Handlerv
                0x000000000800386c        0x0 CMakeFiles/stm32f4.elf.dir/Drivers/Startup/StartupSTM32F407.cpp.obj
                                          0x8 (size before relaxing)
 .ARM.exidx.text._Z16BusFault_Handlerv
                0x000000000800386c        0x0 CMakeFiles/stm32f4.elf.dir/Drivers/Startup/StartupSTM32F407.cpp.obj
                                          0x8 (size before relaxing)
 .ARM.exidx.text._Z18UsageFault_Handlerv
                0x000000000800386c        0x0 CMakeFiles/stm32f4.elf.dir/Drivers/Startup/StartupSTM32F407.cpp.obj
                                          0x8 (size before relaxing)
 .ARM.exidx.text._Z11SVC_Handlerv
                0x000000000800386c        0x0 CMakeFiles/stm32f4.elf.dir/Drivers/Startup/StartupSTM32F407.cpp.obj
                                          0x8 (size before relaxing)
 .ARM.exidx.text._Z16DebugMon_Handlerv
                0x000000000800386c        0x0 CMakeFiles/stm32f4.elf.dir/Drivers/Startup/StartupSTM32F407.cpp.obj
                                          0x8 (size before relaxing)
 .ARM.exidx.text._Z14PendSV_Handlerv
                0x000000000800386c        0x0 CMakeFiles/stm32f4.elf.dir/Drivers/Startup/StartupSTM32F407.cpp.obj
                                          0x8 (size before relaxing)
 .ARM.exidx.text._Z15SysTick_Handlerv
                0x000000000800386c        0x0 CMakeFiles/stm32f4.elf.dir/Drivers/Startup/StartupSTM32F407.cpp.obj
                                          0x8 (size before relaxing)
 .ARM.exidx.text._Z15WWDG_IRQHandlerv
                0x000000000800386c        0x0 CMakeFiles/stm32f4.elf.dir/Drivers/Startup/StartupSTM32F407.cpp.obj
                                          0x8 (size before relaxing)
 .ARM.exidx.text._Z14PVD_IRQHandlerv
                0x000000000800386c        0x0 CMakeFiles/stm32f4.elf.dir/Drivers/Startup/StartupSTM32F407.cpp.obj
                                          0x8 (size before relaxing)
 .ARM.exidx.text._Z21TAMP_STAMP_IRQHandlerv
                0x000000000800386c        0x0 CMakeFiles/stm32f4.elf.dir/Drivers/Startup/StartupSTM32F407.cpp.obj
                                          0x8 (size before relaxing)
 .ARM.exidx.text._Z19RTC_WKUP_IRQHandlerv
                0x000000000800386c        0x0 CMakeFiles/stm32f4.elf.dir/Drivers/Startup/StartupSTM32F407.cpp.obj
                                          0x8 (size before relaxing)
 .ARM.exidx.text._Z16FLASH_IRQHandlerv
                0x000000000800386c        0x0 CMakeFiles/stm32f4.elf.dir/Drivers/Startup/StartupSTM32F407.cpp.obj
                                          0x8 (size before relaxing)
 .ARM.exidx.text._Z14RCC_IRQHandlerv
                0x000000000800386c        0x0 CMakeFiles/stm32f4.elf.dir/Drivers/Startup/StartupSTM32F407.cpp.obj
                                          0x8 (size before relaxing)
 .ARM.exidx.text._Z16EXTI1_IRQHandlerv
                0x000000000800386c        0x0 CMakeFiles/stm32f4.elf.dir/Drivers/Startup/StartupSTM32F407.cpp.obj
                                          0x8 (size before relaxing)
 .ARM.exidx.text._Z16EXTI2_IRQHandlerv
                0x000000000800386c        0x0 CMakeFiles/stm32f4.elf.dir/Drivers/Startup/StartupSTM32F407.cpp.obj
                                          0x8 (size before relaxing)
 .ARM.exidx.text._Z16EXTI3_IRQHandlerv
                0x000000000800386c        0x0 CMakeFiles/stm32f4.elf.dir/Drivers/Startup/StartupSTM32F407.cpp.obj
                                          0x8 (size before relaxing)
 .ARM.exidx.text._Z16EXTI4_IRQHandlerv
                0x000000000800386c        0x0 CMakeFiles/stm32f4.elf.dir/Drivers/Startup/StartupSTM32F407.cpp.obj
                                          0x8 (size before relaxing)
 .ARM.exidx.text._Z23DMA1_Stream0_IRQHandlerv
                0x000000000800386c        0x0 CMakeFiles/stm32f4.elf.dir/Drivers/Startup/StartupSTM32F407.cpp.obj
                                          0x8 (size before relaxing)
 .ARM.exidx.text._Z23DMA1_Stream1_IRQHandlerv
                0x000000000800386c        0x0 CMakeFiles/stm32f4.elf.dir/Drivers/Startup/StartupSTM32F407.cpp.obj
                                          0x8 (size before relaxing)
 .ARM.exidx.text._Z23DMA1_Stream2_IRQHandlerv
                0x000000000800386c        0x0 CMakeFiles/stm32f4.elf.dir/Drivers/Startup/StartupSTM32F407.cpp.obj
                                          0x8 (size before relaxing)
 .ARM.exidx.text._Z23DMA1_Stream3_IRQHandlerv
                0x000000000800386c        0x0 CMakeFiles/stm32f4.elf.dir/Drivers/Startup/StartupSTM32F407.cpp.obj
                                          0x8 (size before relaxing)
 .ARM.exidx.text._Z23DMA1_Stream4_IRQHandlerv
                0x000000000800386c        0x0 CMakeFiles/stm32f4.elf.dir/Drivers/Startup/StartupSTM32F407.cpp.obj
                                          0x8 (size before relaxing)
 .ARM.exidx.text._Z14ADC_IRQHandlerv
                0x000000000800386c        0x0 CMakeFiles/stm32f4.elf.dir/Drivers/Startup/StartupSTM32F407.cpp.obj
                                          0x8 (size before relaxing)
 .ARM.exidx.text._Z18CAN1_TX_IRQHandlerv
                0x000000000800386c        0x0 CMakeFiles/stm32f4.elf.dir/Drivers/Startup/StartupSTM32F407.cpp.obj
                                          0x8 (size before relaxing)
 .ARM.exidx.text._Z19CAN1_RX0_IRQHandlerv
                0x000000000800386c        0x0 CMakeFiles/stm32f4.elf.dir/Drivers/Startup/StartupSTM32F407.cpp.obj
                                          0x8 (size before relaxing)
 .ARM.exidx.text._Z19CAN1_RX1_IRQHandlerv
                0x000000000800386c        0x0 CMakeFiles/stm32f4.elf.dir/Drivers/Startup/StartupSTM32F407.cpp.obj
                                          0x8 (size before relaxing)
 .ARM.exidx.text._Z19CAN1_SCE_IRQHandlerv
                0x000000000800386c        0x0 CMakeFiles/stm32f4.elf.dir/Drivers/Startup/StartupSTM32F407.cpp.obj
                                          0x8 (size before relaxing)